Voltage source current:
      Range  Source       Source        Location    Layer
      Index  Current      Name          (um)
      -----  --------     -------------------------------
         4   -3.7959e-03A   VCCvsrc12   2707.05, 641.98  ME1_C
         4   -3.9178e-03A   VCCvsrc18   2707.05, 661.62  ME1_C
         3   -4.9400e-03A   VCCvsrc24   2707.05, 681.26  ME1_C
         7   -1.7575e-03A   VCCvsrc66   138.75, 624.75  ME1_C
         7   -1.7213e-03A   VCCvsrc72   138.75, 605.11  ME1_C
         6   -2.1559e-03A   VCCvsrc60   138.75, 644.39  ME1_C
         4   -4.1592e-03A   VCCvsrc108   2707.05, 457.71  ME1_C
         5   -3.4130e-03A   VCCvsrc114   2707.05, 477.35  ME1_C
         5   -3.4041e-03A   VCCvsrc120   2707.05, 496.99  ME1_C
         7   -1.4803e-03A   VCCvsrc168   138.75, 433.13  ME1_C
         7   -1.3267e-03A   VCCvsrc162   138.75, 452.77  ME1_C
         7   -1.3390e-03A   VCCvsrc156   138.75, 472.41  ME1_C
         2   -5.4993e-03A   VCCvsrc95   652.36, 2658.57  ME2_C
         2   -5.9148e-03A   VCCvsrc89   672.00, 2658.57  ME2_C
         1   -7.2039e-03A   VCCvsrc83   691.64, 2658.57  ME2_C
         4   -4.2564e-03A   VCCvsrc191   464.63, 2658.57  ME2_C
         4   -3.7400e-03A   VCCvsrc185   484.27, 2658.57  ME2_C
         4   -3.8731e-03A   VCCvsrc179   503.91, 2658.57  ME2_C
         4   -3.8700e-03A   VCCvsrc35   652.36, 138.75  ME2_C
         4   -4.1974e-03A   VCCvsrc41   672.00, 138.75  ME2_C
         3   -5.1189e-03A   VCCvsrc47   691.64, 138.75  ME2_C
         6   -2.2479e-03A   VCCvsrc131   464.63, 138.75  ME2_C
         6   -2.1116e-03A   VCCvsrc137   484.27, 138.75  ME2_C
         6   -2.2996e-03A   VCCvsrc143   503.91, 138.75  ME2_C
         8   -0.0000e+00A   VCCvsrc192   464.63, 2659.70  ME1_C
         8   -0.0000e+00A   VCCvsrc186   484.27, 2659.70  ME1_C
         8   -0.0000e+00A   VCCvsrc180   503.91, 2659.70  ME1_C
         8   -0.0000e+00A   VCCvsrc174   484.27, 2795.82  ME1_C
         8   -0.0000e+00A   VCCvsrc173   484.27, 2795.82  ME2_C
         8   -0.0000e+00A   VCCvsrc190   464.63, 2659.70  ME3_C
         8   -0.0000e+00A   VCCvsrc184   484.27, 2659.70  ME3_C
         8   -0.0000e+00A   VCCvsrc178   503.91, 2659.70  ME3_C
         8   -0.0000e+00A   VCCvsrc172   484.27, 2795.82  ME3_C
         8   -0.0000e+00A   VCCvsrc189   464.63, 2659.70  ME4_C
         8   -0.0000e+00A   VCCvsrc183   484.27, 2659.70  ME4_C
         8   -0.0000e+00A   VCCvsrc177   503.91, 2659.70  ME4_C
         8   -0.0000e+00A   VCCvsrc171   484.27, 2795.82  ME4_C
         8   -0.0000e+00A   VCCvsrc188   464.63, 2659.70  ME5_C
         8   -0.0000e+00A   VCCvsrc182   484.27, 2659.70  ME5_C
         8   -0.0000e+00A   VCCvsrc176   503.91, 2659.70  ME5_C
         8   -0.0000e+00A   VCCvsrc170   484.27, 2795.82  ME5_C
         8   -0.0000e+00A   VCCvsrc187   464.63, 2659.70  ME6_C
         8   -0.0000e+00A   VCCvsrc181   484.27, 2659.70  ME6_C
         8   -0.0000e+00A   VCCvsrc175   503.91, 2659.70  ME6_C
         8   -0.0000e+00A   VCCvsrc169   484.27, 2795.82  ME6_C
         8   -0.0000e+00A   VCCvsrc150   1.50, 452.77  ME1_C
         8   -0.0000e+00A   VCCvsrc167   137.62, 433.13  ME2_C
         8   -0.0000e+00A   VCCvsrc161   137.62, 452.77  ME2_C
         8   -0.0000e+00A   VCCvsrc155   137.62, 472.41  ME2_C
         8   -0.0000e+00A   VCCvsrc149   1.50, 452.77  ME2_C
         8   -0.0000e+00A   VCCvsrc166   137.62, 433.13  ME3_C
         8   -0.0000e+00A   VCCvsrc160   137.62, 452.77  ME3_C
         8   -0.0000e+00A   VCCvsrc154   137.62, 472.41  ME3_C
         8   -0.0000e+00A   VCCvsrc148   1.50, 452.77  ME3_C
         8   -0.0000e+00A   VCCvsrc165   137.62, 433.13  ME4_C
         8   -0.0000e+00A   VCCvsrc159   137.62, 452.77  ME4_C
         8   -0.0000e+00A   VCCvsrc153   137.62, 472.41  ME4_C
         8   -0.0000e+00A   VCCvsrc147   1.50, 452.77  ME4_C
         8   -0.0000e+00A   VCCvsrc164   137.62, 433.13  ME5_C
         8   -0.0000e+00A   VCCvsrc158   137.62, 452.77  ME5_C
         8   -0.0000e+00A   VCCvsrc152   137.62, 472.41  ME5_C
         8   -0.0000e+00A   VCCvsrc146   1.50, 452.77  ME5_C
         8   -0.0000e+00A   VCCvsrc163   137.62, 433.13  ME6_C
         8   -0.0000e+00A   VCCvsrc157   137.62, 452.77  ME6_C
         8   -0.0000e+00A   VCCvsrc151   137.62, 472.41  ME6_C
         8   -0.0000e+00A   VCCvsrc145   1.50, 452.77  ME6_C
         8   -0.0000e+00A   VCCvsrc144   503.91, 137.62  ME1_C
         8   -0.0000e+00A   VCCvsrc138   484.27, 137.62  ME1_C
         8   -0.0000e+00A   VCCvsrc132   464.63, 137.62  ME1_C
         8   -0.0000e+00A   VCCvsrc126   484.27, 1.50  ME1_C
         8   -0.0000e+00A   VCCvsrc125   484.27, 1.50  ME2_C
         8   -0.0000e+00A   VCCvsrc142   503.91, 137.62  ME3_C
         8   -0.0000e+00A   VCCvsrc136   484.27, 137.62  ME3_C
         8   -0.0000e+00A   VCCvsrc130   464.63, 137.62  ME3_C
         8   -0.0000e+00A   VCCvsrc124   484.27, 1.50  ME3_C
         8   -0.0000e+00A   VCCvsrc141   503.91, 137.62  ME4_C
         8   -0.0000e+00A   VCCvsrc135   484.27, 137.62  ME4_C
         8   -0.0000e+00A   VCCvsrc129   464.63, 137.62  ME4_C
         8   -0.0000e+00A   VCCvsrc123   484.27, 1.50  ME4_C
         8   -0.0000e+00A   VCCvsrc140   503.91, 137.62  ME5_C
         8   -0.0000e+00A   VCCvsrc134   484.27, 137.62  ME5_C
         8   -0.0000e+00A   VCCvsrc128   464.63, 137.62  ME5_C
         8   -0.0000e+00A   VCCvsrc122   484.27, 1.50  ME5_C
         8   -0.0000e+00A   VCCvsrc139   503.91, 137.62  ME6_C
         8   -0.0000e+00A   VCCvsrc133   484.27, 137.62  ME6_C
         8   -0.0000e+00A   VCCvsrc127   464.63, 137.62  ME6_C
         8   -0.0000e+00A   VCCvsrc121   484.27, 1.50  ME6_C
         8   -0.0000e+00A   VCCvsrc102   2844.30, 477.35  ME1_C
         8   -0.0000e+00A   VCCvsrc119   2708.18, 496.99  ME2_C
         8   -0.0000e+00A   VCCvsrc113   2708.18, 477.35  ME2_C
         8   -0.0000e+00A   VCCvsrc107   2708.18, 457.71  ME2_C
         8   -0.0000e+00A   VCCvsrc101   2844.30, 477.35  ME2_C
         8   -0.0000e+00A   VCCvsrc118   2708.18, 496.99  ME3_C
         8   -0.0000e+00A   VCCvsrc112   2708.18, 477.35  ME3_C
         8   -0.0000e+00A   VCCvsrc106   2708.18, 457.71  ME3_C
         8   -0.0000e+00A   VCCvsrc100   2844.30, 477.35  ME3_C
         8   -0.0000e+00A   VCCvsrc117   2708.18, 496.99  ME4_C
         8   -0.0000e+00A   VCCvsrc111   2708.18, 477.35  ME4_C
         8   -0.0000e+00A   VCCvsrc105   2708.18, 457.71  ME4_C
         8   -0.0000e+00A   VCCvsrc99   2844.30, 477.35  ME4_C
         8   -0.0000e+00A   VCCvsrc116   2708.18, 496.99  ME5_C
         8   -0.0000e+00A   VCCvsrc110   2708.18, 477.35  ME5_C
         8   -0.0000e+00A   VCCvsrc104   2708.18, 457.71  ME5_C
         8   -0.0000e+00A   VCCvsrc98   2844.30, 477.35  ME5_C
         8   -0.0000e+00A   VCCvsrc115   2708.18, 496.99  ME6_C
         8   -0.0000e+00A   VCCvsrc109   2708.18, 477.35  ME6_C
         8   -0.0000e+00A   VCCvsrc103   2708.18, 457.71  ME6_C
         8   -0.0000e+00A   VCCvsrc97   2844.30, 477.35  ME6_C
         8   -0.0000e+00A   VCCvsrc96   652.36, 2659.70  ME1_C
         8   -0.0000e+00A   VCCvsrc90   672.00, 2659.70  ME1_C
         8   -0.0000e+00A   VCCvsrc84   691.64, 2659.70  ME1_C
         8   -0.0000e+00A   VCCvsrc78   672.00, 2795.82  ME1_C
         8   -0.0000e+00A   VCCvsrc77   672.00, 2795.82  ME2_C
         8   -0.0000e+00A   VCCvsrc94   652.36, 2659.70  ME3_C
         8   -0.0000e+00A   VCCvsrc88   672.00, 2659.70  ME3_C
         8   -0.0000e+00A   VCCvsrc82   691.64, 2659.70  ME3_C
         8   -0.0000e+00A   VCCvsrc76   672.00, 2795.82  ME3_C
         8   -0.0000e+00A   VCCvsrc93   652.36, 2659.70  ME4_C
         8   -0.0000e+00A   VCCvsrc87   672.00, 2659.70  ME4_C
         8   -0.0000e+00A   VCCvsrc81   691.64, 2659.70  ME4_C
         8   -0.0000e+00A   VCCvsrc75   672.00, 2795.82  ME4_C
         8   -0.0000e+00A   VCCvsrc92   652.36, 2659.70  ME5_C
         8   -0.0000e+00A   VCCvsrc86   672.00, 2659.70  ME5_C
         8   -0.0000e+00A   VCCvsrc80   691.64, 2659.70  ME5_C
         8   -0.0000e+00A   VCCvsrc74   672.00, 2795.82  ME5_C
         8   -0.0000e+00A   VCCvsrc91   652.36, 2659.70  ME6_C
         8   -0.0000e+00A   VCCvsrc85   672.00, 2659.70  ME6_C
         8   -0.0000e+00A   VCCvsrc79   691.64, 2659.70  ME6_C
         8   -0.0000e+00A   VCCvsrc73   672.00, 2795.82  ME6_C
         8   -0.0000e+00A   VCCvsrc54   1.50, 624.75  ME1_C
         8   -0.0000e+00A   VCCvsrc71   137.62, 605.11  ME2_C
         8   -0.0000e+00A   VCCvsrc65   137.62, 624.75  ME2_C
         8   -0.0000e+00A   VCCvsrc59   137.62, 644.39  ME2_C
         8   -0.0000e+00A   VCCvsrc53   1.50, 624.75  ME2_C
         8   -0.0000e+00A   VCCvsrc70   137.62, 605.11  ME3_C
         8   -0.0000e+00A   VCCvsrc64   137.62, 624.75  ME3_C
         8   -0.0000e+00A   VCCvsrc58   137.62, 644.39  ME3_C
         8   -0.0000e+00A   VCCvsrc52   1.50, 624.75  ME3_C
         8   -0.0000e+00A   VCCvsrc69   137.62, 605.11  ME4_C
         8   -0.0000e+00A   VCCvsrc63   137.62, 624.75  ME4_C
         8   -0.0000e+00A   VCCvsrc57   137.62, 644.39  ME4_C
         8   -0.0000e+00A   VCCvsrc51   1.50, 624.75  ME4_C
         8   -0.0000e+00A   VCCvsrc68   137.62, 605.11  ME5_C
         8   -0.0000e+00A   VCCvsrc62   137.62, 624.75  ME5_C
         8   -0.0000e+00A   VCCvsrc56   137.62, 644.39  ME5_C
         8   -0.0000e+00A   VCCvsrc50   1.50, 624.75  ME5_C
         8   -0.0000e+00A   VCCvsrc67   137.62, 605.11  ME6_C
         8   -0.0000e+00A   VCCvsrc61   137.62, 624.75  ME6_C
         8   -0.0000e+00A   VCCvsrc55   137.62, 644.39  ME6_C
         8   -0.0000e+00A   VCCvsrc49   1.50, 624.75  ME6_C
         8   -0.0000e+00A   VCCvsrc48   691.64, 137.62  ME1_C
         8   -0.0000e+00A   VCCvsrc42   672.00, 137.62  ME1_C
         8   -0.0000e+00A   VCCvsrc36   652.36, 137.62  ME1_C
         8   -0.0000e+00A   VCCvsrc30   672.00, 1.50  ME1_C
         8   -0.0000e+00A   VCCvsrc29   672.00, 1.50  ME2_C
         8   -0.0000e+00A   VCCvsrc46   691.64, 137.62  ME3_C
         8   -0.0000e+00A   VCCvsrc40   672.00, 137.62  ME3_C
         8   -0.0000e+00A   VCCvsrc34   652.36, 137.62  ME3_C
         8   -0.0000e+00A   VCCvsrc28   672.00, 1.50  ME3_C
         8   -0.0000e+00A   VCCvsrc45   691.64, 137.62  ME4_C
         8   -0.0000e+00A   VCCvsrc39   672.00, 137.62  ME4_C
         8   -0.0000e+00A   VCCvsrc33   652.36, 137.62  ME4_C
         8   -0.0000e+00A   VCCvsrc27   672.00, 1.50  ME4_C
         8   -0.0000e+00A   VCCvsrc44   691.64, 137.62  ME5_C
         8   -0.0000e+00A   VCCvsrc38   672.00, 137.62  ME5_C
         8   -0.0000e+00A   VCCvsrc32   652.36, 137.62  ME5_C
         8   -0.0000e+00A   VCCvsrc26   672.00, 1.50  ME5_C
         8   -0.0000e+00A   VCCvsrc43   691.64, 137.62  ME6_C
         8   -0.0000e+00A   VCCvsrc37   672.00, 137.62  ME6_C
         8   -0.0000e+00A   VCCvsrc31   652.36, 137.62  ME6_C
         8   -0.0000e+00A   VCCvsrc25   672.00, 1.50  ME6_C
         8   -0.0000e+00A   VCCvsrc6   2844.30, 661.62  ME1_C
         8   -0.0000e+00A   VCCvsrc23   2708.18, 681.26  ME2_C
         8   -0.0000e+00A   VCCvsrc17   2708.18, 661.62  ME2_C
         8   -0.0000e+00A   VCCvsrc11   2708.18, 641.98  ME2_C
         8   -0.0000e+00A   VCCvsrc5   2844.30, 661.62  ME2_C
         8   -0.0000e+00A   VCCvsrc22   2708.18, 681.26  ME3_C
         8   -0.0000e+00A   VCCvsrc16   2708.18, 661.62  ME3_C
         8   -0.0000e+00A   VCCvsrc10   2708.18, 641.98  ME3_C
         8   -0.0000e+00A   VCCvsrc4   2844.30, 661.62  ME3_C
         8   -0.0000e+00A   VCCvsrc21   2708.18, 681.26  ME4_C
         8   -0.0000e+00A   VCCvsrc15   2708.18, 661.62  ME4_C
         8   -0.0000e+00A   VCCvsrc9   2708.18, 641.98  ME4_C
         8   -0.0000e+00A   VCCvsrc3   2844.30, 661.62  ME4_C
         8   -0.0000e+00A   VCCvsrc20   2708.18, 681.26  ME5_C
         8   -0.0000e+00A   VCCvsrc14   2708.18, 661.62  ME5_C
         8   -0.0000e+00A   VCCvsrc8   2708.18, 641.98  ME5_C
         8   -0.0000e+00A   VCCvsrc2   2844.30, 661.62  ME5_C
         8   -0.0000e+00A   VCCvsrc19   2708.18, 681.26  ME6_C
         8   -0.0000e+00A   VCCvsrc13   2708.18, 661.62  ME6_C
         8   -0.0000e+00A   VCCvsrc7   2708.18, 641.98  ME6_C
         8   -0.0000e+00A   VCCvsrc1   2844.30, 661.62  ME6_C
*
* Data filtering results for voltage source current:
  Minimum, Average, Maximum Voltage Source Current: -7.204mA, -0.436mA, 0.000A
  Total Current: -83.744mA
    Range 1(  -7.205mA  -    -6.303mA ):         1 (  0.52%)
    Range 2(  -6.303mA  -    -5.403mA ):         2 (  1.04%)
    Range 3(  -5.403mA  -    -4.502mA ):         2 (  1.04%)
    Range 4(  -4.502mA  -    -3.602mA ):         8 (  4.17%)
    Range 5(  -3.602mA  -    -2.701mA ):         2 (  1.04%)
    Range 6(  -2.701mA  -    -1.801mA ):         4 (  2.08%)
    Range 7(  -1.801mA  -    -0.900mA ):         5 (  2.60%)
    Range 8(  -0.900mA  -      0.000A ):       168 ( 87.50%)
