                     Cell Name |     Power-Grid View |      Number of Instances
-------------------------------------------------------------------------------
                           AN2 |             StdCell |                       22
                        AN2B1P |             StdCell |                        1
                        AN2B1S |             StdCell |                       13
                          AN2P |             StdCell |                        1
                          AN2S |             StdCell |                       79
                          AN2T |             StdCell |                        1
                        AN3B2S |             StdCell |                       26
                          AN3P |             StdCell |                        1
                          AN3S |             StdCell |                       10
                         AN4B1 |             StdCell |                        1
                        AN4B1S |             StdCell |                       70
                          AN4S |             StdCell |                       39
                       ANTENNA |             StdCell |                       22
                          AO12 |             StdCell |                       23
                         AO12S |             StdCell |                      153
                         AO13P |             StdCell |                        1
                         AO13S |             StdCell |                        8
                        AO222S |             StdCell |                      529
                         AO22S |             StdCell |                      134
                       AOI12HS |             StdCell |                       14
                        AOI13H |             StdCell |                        6
                       AOI13HS |             StdCell |                       15
                        AOI22S |             StdCell |                     1405
                          BUF1 |             StdCell |                      212
                        BUF1CK |             StdCell |                        3
                         BUF1S |             StdCell |                       65
                          BUF2 |             StdCell |                       69
                          BUF3 |             StdCell |                       36
                          BUF4 |             StdCell |                        6
                        DFFSBN |             StdCell |                        1
                           FA1 |             StdCell |                        1
                          FA1S |             StdCell |                     2364
                       FILLER1 |             StdCell |                     9362
                      FILLER16 |             StdCell |                     2972
                       FILLER2 |             StdCell |                     8063
                      FILLER32 |             StdCell |                     1775
                       FILLER4 |             StdCell |                     5995
                      FILLER64 |             StdCell |                     5436
                       FILLER8 |             StdCell |                     3495
                           HA1 |             StdCell |                       20
                          HA1S |             StdCell |                      197
                       INV12CK |             StdCell |                       79
                        INV1CK |             StdCell |                        1
                         INV1S |             StdCell |                     1271
                          INV2 |             StdCell |                       24
                          INV3 |             StdCell |                        8
                        INV4CK |             StdCell |                        6
                        INV6CK |             StdCell |                       29
                        INV8CK |             StdCell |                       21
                        MAO222 |             StdCell |                        2
                       MAO222S |             StdCell |                        7
                         MOAI1 |             StdCell |                      129
                        MOAI1S |             StdCell |                     2225
                          MUX2 |             StdCell |                        7
                         MUX2S |             StdCell |                      202
                        MUXB2S |             StdCell |                        1
                           ND2 |             StdCell |                      199
                          ND2P |             StdCell |                       12
                          ND2S |             StdCell |                     1181
                           ND3 |             StdCell |                       53
                          ND3S |             StdCell |                      313
                           NR2 |             StdCell |                     1611
                          NR2P |             StdCell |                       35
                          NR2T |             StdCell |                        1
                           NR3 |             StdCell |                      146
                        OA112S |             StdCell |                       88
                          OA12 |             StdCell |                       37
                         OA12S |             StdCell |                       82
                         OA13S |             StdCell |                       19
                        OA222S |             StdCell |                        1
                         OA22P |             StdCell |                        1
                         OA22S |             StdCell |                        2
                      OAI112HS |             StdCell |                      138
                       OAI12HS |             StdCell |                       45
                       OAI222S |             StdCell |                        2
                        OAI22S |             StdCell |                      491
                           OR2 |             StdCell |                       15
                        OR2B1S |             StdCell |                        9
                          OR2S |             StdCell |                       44
                           OR3 |             StdCell |                        1
                        OR3B2P |             StdCell |                        1
                        OR3B2S |             StdCell |                       52
                         QDFFN |             StdCell |                       62
                       QDFFRBN |             StdCell |                       18
                       QDFFRBS |             StdCell |                     1242
                         QDFFS |             StdCell |                     2383
                  SRAM_256X128 |               Early |                        3
                   SRAM_512X64 |               Early |                        1
                    SRAM_82X64 |               Early |                        1
                          TIE1 |             StdCell |                        1
                         VCCKD |               Early |                        8
                        XNR2HS |             StdCell |                       15
                        XOR2HS |             StdCell |                       53
