Voltage source current:
      Range  Source       Source        Location    Layer
      Index  Current      Name          (um)
      -----  --------     -------------------------------
         7    1.4864e-03A   GNDvsrc120   2707.05, 2300.02  ME1_C
         7    1.3967e-03A   GNDvsrc114   2707.05, 2319.97  ME1_C
         7    1.4964e-03A   GNDvsrc108   2707.05, 2339.92  ME1_C
         3    4.5035e-03A   GNDvsrc156   138.75, 2324.60  ME1_C
         2    5.5386e-03A   GNDvsrc168   138.75, 2364.50  ME1_C
         3    4.6675e-03A   GNDvsrc162   138.75, 2344.55  ME1_C
         5    2.7253e-03A   GNDvsrc24   2707.05, 2115.75  ME1_C
         6    2.2453e-03A   GNDvsrc18   2707.05, 2135.70  ME1_C
         6    2.0935e-03A   GNDvsrc12   2707.05, 2155.65  ME1_C
         3    4.8355e-03A   GNDvsrc66   138.75, 2172.57  ME1_C
         3    4.7717e-03A   GNDvsrc72   138.75, 2192.52  ME1_C
         2    5.6298e-03A   GNDvsrc60   138.75, 2152.62  ME1_C
         6    1.6821e-03A   GNDvsrc179   2341.58, 2658.57  ME2_C
         6    1.6932e-03A   GNDvsrc191   2381.48, 2658.57  ME2_C
         4    3.9062e-03A   GNDvsrc83   2153.85, 2658.57  ME2_C
         5    3.1807e-03A   GNDvsrc89   2173.80, 2658.57  ME2_C
         5    2.8334e-03A   GNDvsrc95   2193.75, 2658.57  ME2_C
         7    1.6133e-03A   GNDvsrc185   2361.53, 2658.57  ME2_C
         4    3.3782e-03A   GNDvsrc137   2361.53, 138.75  ME2_C
         4    3.3972e-03A   GNDvsrc143   2341.58, 138.75  ME2_C
         4    3.6998e-03A   GNDvsrc131   2381.48, 138.75  ME2_C
         1    6.6038e-03A   GNDvsrc47   2153.85, 138.75  ME2_C
         2    5.4480e-03A   GNDvsrc41   2173.80, 138.75  ME2_C
         3    4.9176e-03A   GNDvsrc35   2193.75, 138.75  ME2_C
         8   -0.0000e+00A   GNDvsrc180   2341.58, 2659.70  ME1_C
         8   -0.0000e+00A   GNDvsrc186   2361.53, 2659.70  ME1_C
         8   -0.0000e+00A   GNDvsrc192   2381.48, 2659.70  ME1_C
         8   -0.0000e+00A   GNDvsrc174   2361.53, 2795.82  ME1_C
         8   -0.0000e+00A   GNDvsrc173   2361.53, 2795.82  ME2_C
         8   -0.0000e+00A   GNDvsrc178   2341.58, 2659.70  ME3_C
         8   -0.0000e+00A   GNDvsrc184   2361.53, 2659.70  ME3_C
         8   -0.0000e+00A   GNDvsrc190   2381.48, 2659.70  ME3_C
         8   -0.0000e+00A   GNDvsrc172   2361.53, 2795.82  ME3_C
         8   -0.0000e+00A   GNDvsrc177   2341.58, 2659.70  ME4_C
         8   -0.0000e+00A   GNDvsrc183   2361.53, 2659.70  ME4_C
         8   -0.0000e+00A   GNDvsrc189   2381.48, 2659.70  ME4_C
         8   -0.0000e+00A   GNDvsrc171   2361.53, 2795.82  ME4_C
         8   -0.0000e+00A   GNDvsrc176   2341.58, 2659.70  ME5_C
         8   -0.0000e+00A   GNDvsrc182   2361.53, 2659.70  ME5_C
         8   -0.0000e+00A   GNDvsrc188   2381.48, 2659.70  ME5_C
         8   -0.0000e+00A   GNDvsrc170   2361.53, 2795.82  ME5_C
         8   -0.0000e+00A   GNDvsrc175   2341.58, 2659.70  ME6_C
         8   -0.0000e+00A   GNDvsrc181   2361.53, 2659.70  ME6_C
         8   -0.0000e+00A   GNDvsrc187   2381.48, 2659.70  ME6_C
         8   -0.0000e+00A   GNDvsrc169   2361.53, 2795.82  ME6_C
         8   -0.0000e+00A   GNDvsrc150   1.50, 2344.55  ME1_C
         8   -0.0000e+00A   GNDvsrc155   137.62, 2324.60  ME2_C
         8   -0.0000e+00A   GNDvsrc161   137.62, 2344.55  ME2_C
         8   -0.0000e+00A   GNDvsrc167   137.62, 2364.50  ME2_C
         8   -0.0000e+00A   GNDvsrc149   1.50, 2344.55  ME2_C
         8   -0.0000e+00A   GNDvsrc154   137.62, 2324.60  ME3_C
         8   -0.0000e+00A   GNDvsrc160   137.62, 2344.55  ME3_C
         8   -0.0000e+00A   GNDvsrc166   137.62, 2364.50  ME3_C
         8   -0.0000e+00A   GNDvsrc148   1.50, 2344.55  ME3_C
         8   -0.0000e+00A   GNDvsrc153   137.62, 2324.60  ME4_C
         8   -0.0000e+00A   GNDvsrc159   137.62, 2344.55  ME4_C
         8   -0.0000e+00A   GNDvsrc165   137.62, 2364.50  ME4_C
         8   -0.0000e+00A   GNDvsrc147   1.50, 2344.55  ME4_C
         8   -0.0000e+00A   GNDvsrc152   137.62, 2324.60  ME5_C
         8   -0.0000e+00A   GNDvsrc158   137.62, 2344.55  ME5_C
         8   -0.0000e+00A   GNDvsrc164   137.62, 2364.50  ME5_C
         8   -0.0000e+00A   GNDvsrc146   1.50, 2344.55  ME5_C
         8   -0.0000e+00A   GNDvsrc151   137.62, 2324.60  ME6_C
         8   -0.0000e+00A   GNDvsrc157   137.62, 2344.55  ME6_C
         8   -0.0000e+00A   GNDvsrc163   137.62, 2364.50  ME6_C
         8   -0.0000e+00A   GNDvsrc145   1.50, 2344.55  ME6_C
         8   -0.0000e+00A   GNDvsrc132   2381.48, 137.62  ME1_C
         8   -0.0000e+00A   GNDvsrc138   2361.53, 137.62  ME1_C
         8   -0.0000e+00A   GNDvsrc144   2341.58, 137.62  ME1_C
         8   -0.0000e+00A   GNDvsrc126   2361.53, 1.50  ME1_C
         8   -0.0000e+00A   GNDvsrc125   2361.53, 1.50  ME2_C
         8   -0.0000e+00A   GNDvsrc130   2381.48, 137.62  ME3_C
         8   -0.0000e+00A   GNDvsrc136   2361.53, 137.62  ME3_C
         8   -0.0000e+00A   GNDvsrc142   2341.58, 137.62  ME3_C
         8   -0.0000e+00A   GNDvsrc124   2361.53, 1.50  ME3_C
         8   -0.0000e+00A   GNDvsrc129   2381.48, 137.62  ME4_C
         8   -0.0000e+00A   GNDvsrc135   2361.53, 137.62  ME4_C
         8   -0.0000e+00A   GNDvsrc141   2341.58, 137.62  ME4_C
         8   -0.0000e+00A   GNDvsrc123   2361.53, 1.50  ME4_C
         8   -0.0000e+00A   GNDvsrc128   2381.48, 137.62  ME5_C
         8   -0.0000e+00A   GNDvsrc134   2361.53, 137.62  ME5_C
         8   -0.0000e+00A   GNDvsrc140   2341.58, 137.62  ME5_C
         8   -0.0000e+00A   GNDvsrc122   2361.53, 1.50  ME5_C
         8   -0.0000e+00A   GNDvsrc127   2381.48, 137.62  ME6_C
         8   -0.0000e+00A   GNDvsrc133   2361.53, 137.62  ME6_C
         8   -0.0000e+00A   GNDvsrc139   2341.58, 137.62  ME6_C
         8   -0.0000e+00A   GNDvsrc121   2361.53, 1.50  ME6_C
         8   -0.0000e+00A   GNDvsrc102   2844.30, 2319.97  ME1_C
         8   -0.0000e+00A   GNDvsrc107   2708.18, 2339.92  ME2_C
         8   -0.0000e+00A   GNDvsrc113   2708.18, 2319.97  ME2_C
         8   -0.0000e+00A   GNDvsrc119   2708.18, 2300.02  ME2_C
         8   -0.0000e+00A   GNDvsrc101   2844.30, 2319.97  ME2_C
         8   -0.0000e+00A   GNDvsrc106   2708.18, 2339.92  ME3_C
         8   -0.0000e+00A   GNDvsrc112   2708.18, 2319.97  ME3_C
         8   -0.0000e+00A   GNDvsrc118   2708.18, 2300.02  ME3_C
         8   -0.0000e+00A   GNDvsrc100   2844.30, 2319.97  ME3_C
         8   -0.0000e+00A   GNDvsrc105   2708.18, 2339.92  ME4_C
         8   -0.0000e+00A   GNDvsrc111   2708.18, 2319.97  ME4_C
         8   -0.0000e+00A   GNDvsrc117   2708.18, 2300.02  ME4_C
         8   -0.0000e+00A   GNDvsrc99   2844.30, 2319.97  ME4_C
         8   -0.0000e+00A   GNDvsrc104   2708.18, 2339.92  ME5_C
         8   -0.0000e+00A   GNDvsrc110   2708.18, 2319.97  ME5_C
         8   -0.0000e+00A   GNDvsrc116   2708.18, 2300.02  ME5_C
         8   -0.0000e+00A   GNDvsrc98   2844.30, 2319.97  ME5_C
         8   -0.0000e+00A   GNDvsrc103   2708.18, 2339.92  ME6_C
         8   -0.0000e+00A   GNDvsrc109   2708.18, 2319.97  ME6_C
         8   -0.0000e+00A   GNDvsrc115   2708.18, 2300.02  ME6_C
         8   -0.0000e+00A   GNDvsrc97   2844.30, 2319.97  ME6_C
         8   -0.0000e+00A   GNDvsrc84   2153.85, 2659.70  ME1_C
         8   -0.0000e+00A   GNDvsrc90   2173.80, 2659.70  ME1_C
         8   -0.0000e+00A   GNDvsrc96   2193.75, 2659.70  ME1_C
         8   -0.0000e+00A   GNDvsrc78   2173.80, 2795.82  ME1_C
         8   -0.0000e+00A   GNDvsrc77   2173.80, 2795.82  ME2_C
         8   -0.0000e+00A   GNDvsrc82   2153.85, 2659.70  ME3_C
         8   -0.0000e+00A   GNDvsrc88   2173.80, 2659.70  ME3_C
         8   -0.0000e+00A   GNDvsrc94   2193.75, 2659.70  ME3_C
         8   -0.0000e+00A   GNDvsrc76   2173.80, 2795.82  ME3_C
         8   -0.0000e+00A   GNDvsrc81   2153.85, 2659.70  ME4_C
         8   -0.0000e+00A   GNDvsrc87   2173.80, 2659.70  ME4_C
         8   -0.0000e+00A   GNDvsrc93   2193.75, 2659.70  ME4_C
         8   -0.0000e+00A   GNDvsrc75   2173.80, 2795.82  ME4_C
         8   -0.0000e+00A   GNDvsrc80   2153.85, 2659.70  ME5_C
         8   -0.0000e+00A   GNDvsrc86   2173.80, 2659.70  ME5_C
         8   -0.0000e+00A   GNDvsrc92   2193.75, 2659.70  ME5_C
         8   -0.0000e+00A   GNDvsrc74   2173.80, 2795.82  ME5_C
         8   -0.0000e+00A   GNDvsrc79   2153.85, 2659.70  ME6_C
         8   -0.0000e+00A   GNDvsrc85   2173.80, 2659.70  ME6_C
         8   -0.0000e+00A   GNDvsrc91   2193.75, 2659.70  ME6_C
         8   -0.0000e+00A   GNDvsrc73   2173.80, 2795.82  ME6_C
         8   -0.0000e+00A   GNDvsrc54   1.50, 2172.57  ME1_C
         8   -0.0000e+00A   GNDvsrc59   137.62, 2152.62  ME2_C
         8   -0.0000e+00A   GNDvsrc65   137.62, 2172.57  ME2_C
         8   -0.0000e+00A   GNDvsrc71   137.62, 2192.52  ME2_C
         8   -0.0000e+00A   GNDvsrc53   1.50, 2172.57  ME2_C
         8   -0.0000e+00A   GNDvsrc58   137.62, 2152.62  ME3_C
         8   -0.0000e+00A   GNDvsrc64   137.62, 2172.57  ME3_C
         8   -0.0000e+00A   GNDvsrc70   137.62, 2192.52  ME3_C
         8   -0.0000e+00A   GNDvsrc52   1.50, 2172.57  ME3_C
         8   -0.0000e+00A   GNDvsrc57   137.62, 2152.62  ME4_C
         8   -0.0000e+00A   GNDvsrc63   137.62, 2172.57  ME4_C
         8   -0.0000e+00A   GNDvsrc69   137.62, 2192.52  ME4_C
         8   -0.0000e+00A   GNDvsrc51   1.50, 2172.57  ME4_C
         8   -0.0000e+00A   GNDvsrc56   137.62, 2152.62  ME5_C
         8   -0.0000e+00A   GNDvsrc62   137.62, 2172.57  ME5_C
         8   -0.0000e+00A   GNDvsrc68   137.62, 2192.52  ME5_C
         8   -0.0000e+00A   GNDvsrc50   1.50, 2172.57  ME5_C
         8   -0.0000e+00A   GNDvsrc55   137.62, 2152.62  ME6_C
         8   -0.0000e+00A   GNDvsrc61   137.62, 2172.57  ME6_C
         8   -0.0000e+00A   GNDvsrc67   137.62, 2192.52  ME6_C
         8   -0.0000e+00A   GNDvsrc49   1.50, 2172.57  ME6_C
         8   -0.0000e+00A   GNDvsrc36   2193.75, 137.62  ME1_C
         8   -0.0000e+00A   GNDvsrc42   2173.80, 137.62  ME1_C
         8   -0.0000e+00A   GNDvsrc48   2153.85, 137.62  ME1_C
         8   -0.0000e+00A   GNDvsrc30   2173.80, 1.50  ME1_C
         8   -0.0000e+00A   GNDvsrc29   2173.80, 1.50  ME2_C
         8   -0.0000e+00A   GNDvsrc34   2193.75, 137.62  ME3_C
         8   -0.0000e+00A   GNDvsrc40   2173.80, 137.62  ME3_C
         8   -0.0000e+00A   GNDvsrc46   2153.85, 137.62  ME3_C
         8   -0.0000e+00A   GNDvsrc28   2173.80, 1.50  ME3_C
         8   -0.0000e+00A   GNDvsrc33   2193.75, 137.62  ME4_C
         8   -0.0000e+00A   GNDvsrc39   2173.80, 137.62  ME4_C
         8   -0.0000e+00A   GNDvsrc45   2153.85, 137.62  ME4_C
         8   -0.0000e+00A   GNDvsrc27   2173.80, 1.50  ME4_C
         8   -0.0000e+00A   GNDvsrc32   2193.75, 137.62  ME5_C
         8   -0.0000e+00A   GNDvsrc38   2173.80, 137.62  ME5_C
         8   -0.0000e+00A   GNDvsrc44   2153.85, 137.62  ME5_C
         8   -0.0000e+00A   GNDvsrc26   2173.80, 1.50  ME5_C
         8   -0.0000e+00A   GNDvsrc31   2193.75, 137.62  ME6_C
         8   -0.0000e+00A   GNDvsrc37   2173.80, 137.62  ME6_C
         8   -0.0000e+00A   GNDvsrc43   2153.85, 137.62  ME6_C
         8   -0.0000e+00A   GNDvsrc25   2173.80, 1.50  ME6_C
         8   -0.0000e+00A   GNDvsrc6   2844.30, 2135.70  ME1_C
         8   -0.0000e+00A   GNDvsrc11   2708.18, 2155.65  ME2_C
         8   -0.0000e+00A   GNDvsrc17   2708.18, 2135.70  ME2_C
         8   -0.0000e+00A   GNDvsrc23   2708.18, 2115.75  ME2_C
         8   -0.0000e+00A   GNDvsrc5   2844.30, 2135.70  ME2_C
         8   -0.0000e+00A   GNDvsrc10   2708.18, 2155.65  ME3_C
         8   -0.0000e+00A   GNDvsrc16   2708.18, 2135.70  ME3_C
         8   -0.0000e+00A   GNDvsrc22   2708.18, 2115.75  ME3_C
         8   -0.0000e+00A   GNDvsrc4   2844.30, 2135.70  ME3_C
         8   -0.0000e+00A   GNDvsrc9   2708.18, 2155.65  ME4_C
         8   -0.0000e+00A   GNDvsrc15   2708.18, 2135.70  ME4_C
         8   -0.0000e+00A   GNDvsrc21   2708.18, 2115.75  ME4_C
         8   -0.0000e+00A   GNDvsrc3   2844.30, 2135.70  ME4_C
         8   -0.0000e+00A   GNDvsrc8   2708.18, 2155.65  ME5_C
         8   -0.0000e+00A   GNDvsrc14   2708.18, 2135.70  ME5_C
         8   -0.0000e+00A   GNDvsrc20   2708.18, 2115.75  ME5_C
         8   -0.0000e+00A   GNDvsrc2   2844.30, 2135.70  ME5_C
         8   -0.0000e+00A   GNDvsrc7   2708.18, 2155.65  ME6_C
         8   -0.0000e+00A   GNDvsrc13   2708.18, 2135.70  ME6_C
         8   -0.0000e+00A   GNDvsrc19   2708.18, 2115.75  ME6_C
         8   -0.0000e+00A   GNDvsrc1   2844.30, 2135.70  ME6_C
*
* Data filtering results for voltage source current:
  Minimum, Average, Maximum Voltage Source Current: 0.000A, 0.436mA, 6.604mA
  Total Current: 83.744mA
    Range 1(   5.778mA  -     6.604mA ):         1 (  0.52%)
    Range 2(   4.953mA  -     5.778mA ):         3 (  1.56%)
    Range 3(   4.127mA  -     4.953mA ):         5 (  2.60%)
    Range 4(   3.302mA  -     4.127mA ):         4 (  2.08%)
    Range 5(   2.476mA  -     3.302mA ):         3 (  1.56%)
    Range 6(   1.651mA  -     2.476mA ):         4 (  2.08%)
    Range 7(   0.825mA  -     1.651mA ):         4 (  2.08%)
    Range 8(    0.000A  -     0.825mA ):       168 ( 87.50%)
