#======================================================
#  Global Parameters
#======================================================
set DESIGN "HT"
HT
set CYCLE 10.6
10.6
set INPUT_DLY [expr 0.5*$CYCLE]
5.3
set OUTPUT_DLY [expr 0.5*$CYCLE]
5.3
#======================================================
#  Read RTL Code
#======================================================
set hdlin_auto_save_templates TRUE
TRUE
analyze -f sverilog SORT_IP.v 
Running PRESTO HDLC
Compiling source file ../01_RTL/SORT_IP.v
Presto compilation completed successfully.
Loading db file '/RAID2/COURSE/BackUp/2023_Spring/iclab/iclabta01/UMC018_CBDK/CIC/SynopsysDC/db/fsa0m_a_generic_core_ss1p62v125c.db'
Loading db file '/RAID2/COURSE/BackUp/2023_Spring/iclab/iclabta01/UMC018_CBDK/CIC/SynopsysDC/db/fsa0m_a_generic_core_ff1p98vm40c.db'
Loading db file '/RAID2/COURSE/BackUp/2023_Spring/iclab/iclabta01/UMC018_CBDK/CIC/SynopsysDC/db/fsa0m_a_t33_generic_io_ss1p62v125c.db'
Loading db file '/RAID2/COURSE/BackUp/2023_Spring/iclab/iclabta01/UMC018_CBDK/CIC/SynopsysDC/db/fsa0m_a_t33_generic_io_tt1p8v25c.db'
Loading db file '/usr/cad/synopsys/synthesis/cur/libraries/syn/dw_foundation.sldb'
Loading db file '/usr/cad/synopsys/synthesis/cur/libraries/syn/standard.sldb'
1
analyze -f sverilog $DESIGN\.v 
Running PRESTO HDLC
Compiling source file ../01_RTL/HT.v
Presto compilation completed successfully.
1
elaborate $DESIGN  
Loading db file '/usr/cad/synopsys/synthesis/2022.03/libraries/syn/gtech.db'
Loading db file '/usr/cad/synopsys/synthesis/2022.03/libraries/syn/standard.sldb'
  Loading link library 'fsa0m_a_generic_core_ss1p62v125c'
  Loading link library 'fsa0m_a_generic_core_ff1p98vm40c'
  Loading link library 'fsa0m_a_t33_generic_io_ss1p62v125c'
  Loading link library 'fsa0m_a_t33_generic_io_tt1p8v25c'
  Loading link library 'gtech'
Running PRESTO HDLC
Warning:  ../01_RTL/HT.v:251: signed to unsigned part selection occurs. (VER-318)
Warning:  ../01_RTL/HT.v:256: signed to unsigned part selection occurs. (VER-318)

Inferred memory devices in process
        in routine HT line 29 in file
                '../01_RTL/HT.v'.
===============================================================================
|    Register Name    |   Type    | Width | Bus | MB | AR | AS | SR | SS | ST |
===============================================================================
|       cnt_reg       | Flip-flop |   4   |  Y  | N  | N  | N  | N  | N  | N  |
===============================================================================

Inferred memory devices in process
        in routine HT line 35 in file
                '../01_RTL/HT.v'.
===============================================================================
|    Register Name    |   Type    | Width | Bus | MB | AR | AS | SR | SS | ST |
===============================================================================
|  out_mode_temp_reg  | Flip-flop |   1   |  N  | N  | N  | N  | N  | N  | N  |
|    weight_ff_reg    | Flip-flop |  21   |  Y  | N  | N  | N  | N  | N  | N  |
===============================================================================

Inferred memory devices in process
        in routine HT line 64 in file
                '../01_RTL/HT.v'.
===============================================================================
|    Register Name    |   Type    | Width | Bus | MB | AR | AS | SR | SS | ST |
===============================================================================
|   weight_V_ff_reg   | Flip-flop |   3   |  Y  | N  | N  | N  | N  | N  | N  |
|   sorted_7_ff_reg   | Flip-flop |  28   |  Y  | N  | N  | N  | N  | N  | N  |
===============================================================================

Inferred memory devices in process
        in routine HT line 267 in file
                '../01_RTL/HT.v'.
===============================================================================
|    Register Name    |   Type    | Width | Bus | MB | AR | AS | SR | SS | ST |
===============================================================================
|     cur_len_reg     | Flip-flop |   3   |  Y  | N  | N  | N  | N  | N  | N  |
|    out_valid_reg    | Flip-flop |   1   |  N  | N  | Y  | N  | N  | N  | N  |
|    out_code_reg     | Flip-flop |   1   |  N  | N  | Y  | N  | N  | N  | N  |
|     sym_idx_reg     | Flip-flop |   2   |  Y  | N  | Y  | N  | N  | N  | N  |
|     sym_idx_reg     | Flip-flop |   1   |  N  | N  | N  | Y  | N  | N  | N  |
|    cur_code_reg     | Flip-flop |   7   |  Y  | N  | N  | N  | N  | N  | N  |
===============================================================================
Presto compilation completed successfully. (HT)
Elaborated 1 design.
Current design is now 'HT'.
Information: Building the design 'SORT_IP' instantiated from design 'HT' with
        the parameters "IP_WIDTH=7". (HDL-193)
Presto compilation completed successfully. (SORT_IP_IP_WIDTH7)
Information: Building the design 'GET_W_MOD'. (HDL-193)

Statistics for case statements in always block at line 313 in file
        '../01_RTL/HT.v'
===============================================
|           Line           |  full/ parallel  |
===============================================
|           314            |    auto/auto     |
===============================================
Presto compilation completed successfully. (GET_W_MOD)
1
current_design $DESIGN
Current design is 'HT'.
{HT}
link

  Linking design 'HT'
  Using the following designs and libraries:
  --------------------------------------------------------------------------
  * (3 designs)               /RAID2/COURSE/2026_Spring/iclab/iclab062/SPRING2026_LAB06/HT/02_SYN/HT.db, etc
  fsa0m_a_generic_core_ss1p62v125c (library) /RAID2/COURSE/BackUp/2023_Spring/iclab/iclabta01/UMC018_CBDK/CIC/SynopsysDC/db/fsa0m_a_generic_core_ss1p62v125c.db
  fsa0m_a_generic_core_ff1p98vm40c (library) /RAID2/COURSE/BackUp/2023_Spring/iclab/iclabta01/UMC018_CBDK/CIC/SynopsysDC/db/fsa0m_a_generic_core_ff1p98vm40c.db
  fsa0m_a_t33_generic_io_ss1p62v125c (library) /RAID2/COURSE/BackUp/2023_Spring/iclab/iclabta01/UMC018_CBDK/CIC/SynopsysDC/db/fsa0m_a_t33_generic_io_ss1p62v125c.db
  fsa0m_a_t33_generic_io_tt1p8v25c (library) /RAID2/COURSE/BackUp/2023_Spring/iclab/iclabta01/UMC018_CBDK/CIC/SynopsysDC/db/fsa0m_a_t33_generic_io_tt1p8v25c.db
  dw_foundation.sldb (library) /usr/cad/synopsys/synthesis/cur/libraries/syn/dw_foundation.sldb

1
#======================================================
#  Global Setting
#======================================================
set_wire_load_mode top
1
#======================================================
#  Set Design Constraints
#======================================================
create_clock -name clk -period $CYCLE [get_ports clk] 
1
set_dont_touch_network             [get_clocks clk]
1
set_fix_hold                       [get_clocks clk]
1
set_clock_uncertainty       0.1    [get_clocks clk]
1
set_input_transition        0.5    [all_inputs] 
1
set_clock_transition        0.1    [all_clocks] 
1
set_input_delay   -max  $INPUT_DLY  -clock clk   [all_inputs] 
1
set_input_delay   -min  0           -clock clk   [all_inputs] 
1
set_output_delay  -max  $OUTPUT_DLY -clock clk   [all_outputs] 
1
set_output_delay  -min  0           -clock clk   [all_outputs] 
1
set_input_delay 0 -clock clk clk
1
set_input_delay 0 -clock clk rst_n
1
set_load 0.05 [all_outputs]
1
# set_max_delay           0     ; # Optimize delay max effort                  
# set_max_area            0     ; # Optimize area max effort 
set_max_transition      3       [all_inputs]   ; # U18 LUT Max Transition Value   
1
set_max_capacitance     0.15    [all_inputs]   ; # U18 LUT Max Capacitance Value 
1
set_max_fanout          10      [all_inputs] 
1
report_clock -skew clk
Information: Checking out the license 'DesignWare'. (SEC-104)
Information: Updating design information... (UID-85)
 
****************************************
Report : clock_skew
Design : HT
Version: T-2022.03
Date   : Sun Apr 12 21:10:41 2026
****************************************

                 Rise      Fall  Min Rise  Min fall        Uncertainty
Object          Delay     Delay     Delay     Delay     Plus      Minus
--------------------------------------------------------------------------------
clk                 -         -         -         -      0.10      0.10

                 Max Transition      Min Transition
Object           Rise      Fall      Rise      Fall
-------------------------------------------------------
clk              0.10      0.10      0.10      0.10
1
check_timing

Information: Checking generated_clocks...

Information: Checking loops...

Information: Checking no_input_delay...

Information: Checking unconstrained_endpoints...

Information: Checking pulse_clock_cell_type...

Information: Checking no_driving_cell...

Information: Checking partial_input_delay...
1
#======================================================
#  Optimization
#======================================================
check_design > Report/$DESIGN\.check
set_fix_multiple_port_nets -all -buffer_constants [get_designs *]
1
set_fix_hold [all_clocks]
1
compile_ultra
Information: Performing power optimization. (PWR-850)
Alib files are up-to-date.
Information: Running optimization using a maximum of 8 cores. (OPT-1500)
Information: Evaluating DesignWare library utilization. (UISN-27)

============================================================================
| DesignWare Building Block Library  |         Version         | Available |
============================================================================
| Basic DW Building Blocks           | S-2021.06-DWBB_202106.0 |     *     |
| Licensed DW Building Blocks        | S-2021.06-DWBB_202106.0 |     *     |
============================================================================

====================================================================================================
| Flow Information                                                                                 |
----------------------------------------------------------------------------------------------------
| Flow         | Design Compiler NXT WLM                                                           |
| Comand line  | compile_ultra                                                                     |
====================================================================================================
| Design Information                                      | Value                                  |
====================================================================================================
| Number of Scenarios                                     | 0                                      |
| Leaf Cell Count                                         | 954                                    |
| Number of User Hierarchies                              | 8                                      |
| Sequential Cell Count                                   | 72                                     |
| Macro Count                                             | 0                                      |
| Number of Power Domains                                 | 0                                      |
| Number of Path Groups                                   | 2                                      |
| Number of VT class                                      | 0                                      |
| Number of Clocks                                        | 1                                      |
| Number of Dont Touch cells                              | 390                                    |
| Number of Dont Touch nets                               | 1                                      |
| Number of size only cells                               | 0                                      |
| Design with UPF Data                                    | false                                  |
----------------------------------------------------------------------------------------------------
| Variables                                               | Value                                  |
----------------------------------------------------------------------------------------------------
| set_fix_multiple_port_nets                              | -all -buffer_constants                 |
====================================================================================================
Information: Sequential output inversion is enabled.  SVF file must be used for formal verification. (OPT-1208)

Information: There are 61 potential problems in your design. Please run 'check_design' for more information. (LINT-99)

Information: Uniquified 7 instances of design 'GET_W_MOD'. (OPT-1056)
  Simplifying Design 'HT'

  Loading target library 'fsa0m_a_generic_core_ff1p98vm40c'
  Loading target library 'fsa0m_a_t33_generic_io_ss1p62v125c'
  Loading target library 'fsa0m_a_t33_generic_io_tt1p8v25c'
Loaded alib file './alib-52/fsa0m_a_generic_core_ss1p62v125c.db.alib'
Loaded alib file './alib-52/fsa0m_a_generic_core_ff1p98vm40c.db.alib'
Loaded alib file './alib-52/fsa0m_a_t33_generic_io_ss1p62v125c.db.alib' (placeholder)
Loaded alib file './alib-52/fsa0m_a_t33_generic_io_tt1p8v25c.db.alib' (placeholder)
Warning: Operating condition WCCOM set on design HT has different process,
voltage and temperatures parameters than the parameters at which target library 
fsa0m_a_generic_core_ff1p98vm40c is characterized. Delays may be inaccurate as a result. (OPT-998)
  Building model 'DW01_NAND2'
Information: Ungrouping hierarchy sort_inst_7 before Pass 1 (OPT-776)
Information: Ungrouping hierarchy gw0 before Pass 1 (OPT-776)
Information: Ungrouping hierarchy gw6 before Pass 1 (OPT-776)
Information: Ungrouping hierarchy gw5 before Pass 1 (OPT-776)
Information: Ungrouping hierarchy gw4 before Pass 1 (OPT-776)
Information: Ungrouping hierarchy gw3 before Pass 1 (OPT-776)
Information: Ungrouping hierarchy gw2 before Pass 1 (OPT-776)
Information: Ungrouping hierarchy gw1 before Pass 1 (OPT-776)
Information: Ungrouping 8 of 9 hierarchies before Pass 1 (OPT-775)
Information: State dependent leakage is now switched from on to off.

  Beginning Pass 1 Mapping
  ------------------------
  Processing 'HT'
Information: Added key list 'DesignWare' to design 'HT'. (DDB-72)
Information: The register 'cur_code_reg[0]' is a constant and will be removed. (OPT-1206)
 Implement Synthetic for 'HT'.
Information: The register 'sorted_7_ff_reg[27]' is a constant and will be removed. (OPT-1206)
Information: The register 'sorted_7_ff_reg[23]' is a constant and will be removed. (OPT-1206)
Information: The register 'sorted_7_ff_reg[19]' is a constant and will be removed. (OPT-1206)
Information: The register 'sorted_7_ff_reg[15]' is a constant and will be removed. (OPT-1206)
Information: The register 'sorted_7_ff_reg[11]' is a constant and will be removed. (OPT-1206)
Information: The register 'sorted_7_ff_reg[7]' is a constant and will be removed. (OPT-1206)
Information: The register 'sorted_7_ff_reg[3]' is a constant and will be removed. (OPT-1206)

  Updating timing information
Information: Updating design information... (UID-85)
Information: The library cell 'TIE1' in the library 'fsa0m_a_generic_core_ss1p62v125c' is not characterized for internal power. (PWR-536)
Information: The library cell 'TIE0' in the library 'fsa0m_a_generic_core_ss1p62v125c' is not characterized for internal power. (PWR-536)
Information: The library cell 'BHD1' in the library 'fsa0m_a_generic_core_ss1p62v125c' is not characterized for internal power. (PWR-536)
Information: The target library(s) contains cell(s), other than black boxes, that are not characterized for internal power. (PWR-24)

  Beginning Mapping Optimizations  (Ultra High effort)
  -------------------------------
Information: Added key list 'DesignWare' to design 'HT_RSOP_384'. (DDB-72)
  Mapping Optimization (Phase 1)
  Mapping Optimization (Phase 2)
  Mapping Optimization (Phase 3)
  Mapping Optimization (Phase 4)
  Mapping Optimization (Phase 5)
  Mapping Optimization (Phase 6)

                                  TOTAL                                                            
   ELAPSED            WORST NEG   SETUP    DESIGN                              LEAKAGE   MIN DELAY 
    TIME      AREA      SLACK     COST    RULE COST         ENDPOINT            POWER      COST    
  --------- --------- --------- --------- --------- ------------------------- --------- -----------
    0:00:44   61086.7      0.06       0.3       0.0                           4239710.0000      0.00  
    0:00:44   60821.1      0.08       0.4       0.0                           4223878.5000      0.00  

  Beginning Constant Register Removal
  -----------------------------------
    0:00:44   60821.1      0.08       0.4       0.0                           4223878.5000      0.00  
    0:00:44   60821.1      0.08       0.4       0.0                           4223878.5000      0.00  

  Beginning Global Optimizations
  ------------------------------
  Numerical Synthesis (Phase 1)
  Numerical Synthesis (Phase 2)
  Global Optimization (Phase 1)
  Global Optimization (Phase 2)
  Global Optimization (Phase 3)
  Global Optimization (Phase 4)
  Global Optimization (Phase 5)
  Global Optimization (Phase 6)
  Global Optimization (Phase 7)
  Global Optimization (Phase 8)
  Global Optimization (Phase 9)
  Global Optimization (Phase 10)
  Global Optimization (Phase 11)
  Global Optimization (Phase 12)
  Global Optimization (Phase 13)
  Global Optimization (Phase 14)
  Global Optimization (Phase 15)
  Global Optimization (Phase 16)
  Global Optimization (Phase 17)
  Global Optimization (Phase 18)
  Global Optimization (Phase 19)
  Global Optimization (Phase 20)
  Global Optimization (Phase 21)
  Global Optimization (Phase 22)
  Global Optimization (Phase 23)
  Global Optimization (Phase 24)
  Global Optimization (Phase 25)
  Global Optimization (Phase 26)
  Global Optimization (Phase 27)
  Global Optimization (Phase 28)
  Global Optimization (Phase 29)
  Global Optimization (Phase 30)
  Global Optimization (Phase 31)

  Beginning Isolate Ports
  -----------------------

  Beginning Delay Optimization
  ----------------------------
    0:00:45   37622.6      1.60      14.3       0.0                           2321527.5000      0.00  
    0:00:45   39575.6      0.00       0.0       0.0                           2466717.2500      0.00  
    0:00:45   39575.6      0.00       0.0       0.0                           2466717.2500      0.00  
    0:00:46   39563.1      0.00       0.0       0.0                           2465369.0000      0.00  
    0:00:46   39500.6      0.00       0.0       0.0                           2461942.5000      0.00  
    0:00:46   39428.7      0.40       3.5       0.0                           2457541.5000      0.00  

  Beginning WLM Backend Optimization
  --------------------------------------
    0:00:47   38816.3      0.38       3.3       0.0                           2408372.7500      0.00  
    0:00:47   38719.4      0.00       0.0       0.0                           2402255.7500      0.00  
    0:00:47   38719.4      0.00       0.0       0.0                           2402255.7500      0.00  
    0:00:48   38381.9      0.00       0.0       0.0                           2374324.5000      0.00  
    0:00:48   38381.9      0.00       0.0       0.0                           2374324.5000      0.00  
    0:00:48   38381.9      0.00       0.0       0.0                           2374324.5000      0.00  
    0:00:48   38381.9      0.00       0.0       0.0                           2374324.5000      0.00  
    0:00:48   38381.9      0.00       0.0       0.0                           2374324.5000      0.00  
    0:00:48   38381.9      0.00       0.0       0.0                           2374324.5000      0.00  
    0:00:48   38381.9      0.00       0.0       0.0                           2374324.5000      0.00  
    0:00:48   38381.9      0.00       0.0       0.0                           2374324.5000      0.00  
    0:00:48   38381.9      0.00       0.0       0.0                           2374324.5000      0.00  
    0:00:48   38381.9      0.00       0.0       0.0                           2374324.5000      0.00  
    0:00:48   38381.9      0.00       0.0       0.0                           2374324.5000      0.00  
    0:00:48   38381.9      0.00       0.0       0.0                           2374324.5000      0.00  
    0:00:48   38381.9      0.00       0.0       0.0                           2374324.5000      0.00  
    0:00:48   38381.9      0.00       0.0       0.0                           2374324.5000      0.00  
    0:00:48   38381.9      0.00       0.0       0.0                           2374324.5000      0.00  
    0:00:48   38381.9      0.00       0.0       0.0                           2374324.5000      0.00  
    0:00:48   38381.9      0.00       0.0       0.0                           2374324.5000      0.00  
    0:00:48   38381.9      0.00       0.0       0.0                           2374324.5000      0.00  
    0:00:48   38381.9      0.00       0.0       0.0                           2374324.5000      0.00  
    0:00:48   38381.9      0.00       0.0       0.0                           2374324.5000      0.00  
    0:00:48   38381.9      0.00       0.0       0.0                           2374324.5000      0.00  


  Beginning Leakage Power Optimization  (max_leakage_power 0)
  ------------------------------------

                                  TOTAL                                                            
   ELAPSED            WORST NEG   SETUP    DESIGN                              LEAKAGE   MIN DELAY 
    TIME      AREA      SLACK     COST    RULE COST         ENDPOINT            POWER      COST    
  --------- --------- --------- --------- --------- ------------------------- --------- -----------
    0:00:48   38381.9      0.00       0.0       0.0                           2374324.5000      0.00  
  Global Optimization (Phase 32)
  Global Optimization (Phase 33)
  Global Optimization (Phase 34)
  Global Optimization (Phase 35)
  Global Optimization (Phase 36)
  Global Optimization (Phase 37)
  Global Optimization (Phase 38)
  Global Optimization (Phase 39)
  Global Optimization (Phase 40)
  Global Optimization (Phase 41)
  Global Optimization (Phase 42)
  Global Optimization (Phase 43)
  Global Optimization (Phase 44)
  Global Optimization (Phase 45)
  Global Optimization (Phase 46)
    0:00:48   36619.5      0.00       0.0       0.0                           2207917.5000      0.00  
    0:00:48   36619.5      0.00       0.0       0.0                           2207917.5000      0.00  
    0:00:48   36619.5      0.00       0.0       0.0                           2207917.5000      0.00  
    0:00:49   36535.2      0.00       0.0       0.0                           2202019.2500      0.00  
    0:00:49   36535.2      0.00       0.0       0.0                           2202019.2500      0.00  
    0:00:49   36535.2      0.00       0.0       0.0                           2202019.2500      0.00  
    0:00:49   36535.2      0.00       0.0       0.0                           2202019.2500      0.00  
    0:00:49   36535.2      0.00       0.0       0.0                           2202019.2500      0.00  
    0:00:49   36535.2      0.00       0.0       0.0                           2202019.2500      0.00  
    0:00:49   36535.2      0.00       0.0       0.0                           2202019.2500      0.00  
    0:00:49   36535.2      0.00       0.0       0.0                           2202019.2500      0.00  
    0:00:49   36535.2      0.00       0.0       0.0                           2202019.2500      0.00  
    0:00:49   36535.2      0.00       0.0       0.0                           2202019.2500      0.00  
    0:00:49   36535.2      0.00       0.0       0.0                           2202019.2500      0.00  
    0:00:49   36535.2      0.00       0.0       0.0                           2202019.2500      0.00  
    0:00:49   36535.2      0.00       0.0       0.0                           2202019.2500      0.00  
    0:00:49   36535.2      0.00       0.0       0.0                           2202019.2500      0.00  
    0:00:49   36535.2      0.00       0.0       0.0                           2202019.2500      0.00  
    0:00:49   36535.2      0.00       0.0       0.0                           2202019.2500      0.00  
    0:00:49   36535.2      0.00       0.0       0.0                           2202019.2500      0.00  
    0:00:49   36535.2      0.00       0.0       0.0                           2202019.2500      0.00  
    0:00:49   36535.2      0.00       0.0       0.0                           2202019.2500      0.00  

                                  TOTAL                                                            
   ELAPSED            WORST NEG   SETUP    DESIGN                              LEAKAGE   MIN DELAY 
    TIME      AREA      SLACK     COST    RULE COST         ENDPOINT            POWER      COST    
  --------- --------- --------- --------- --------- ------------------------- --------- -----------
    0:00:49   36535.2      0.00       0.0       0.0                           2202019.2500      0.00  
    0:00:49   36375.8      0.00       0.0       0.0                           2196676.0000      0.00  
    0:00:49   36375.8      0.00       0.0       0.0                           2196676.0000      0.00  
    0:00:49   36375.8      0.00       0.0       0.0                           2196676.0000      0.00  
    0:00:49   36366.4      0.00       0.0       0.0                           2196199.5000      0.00  
    0:00:49   36141.4      0.00       0.0       0.0                           2180296.0000      0.00  
    0:00:49   36141.4      0.00       0.0       0.0                           2180296.0000      0.00  
    0:00:49   36141.4      0.00       0.0       0.0                           2180296.0000      0.00  
    0:00:49   36141.4      0.00       0.0       0.0                           2180296.0000      0.00  
    0:00:49   36141.4      0.00       0.0       0.0                           2180296.0000      0.00  
    0:00:49   36141.4      0.00       0.0       0.0                           2180296.0000      0.00  
    0:00:50   35072.8      0.00       0.0       0.0                           2096111.7500      0.00  
Loading db file '/RAID2/COURSE/BackUp/2023_Spring/iclab/iclabta01/UMC018_CBDK/CIC/SynopsysDC/db/fsa0m_a_generic_core_ss1p62v125c.db'
Loading db file '/RAID2/COURSE/BackUp/2023_Spring/iclab/iclabta01/UMC018_CBDK/CIC/SynopsysDC/db/fsa0m_a_generic_core_ff1p98vm40c.db'
Loading db file '/RAID2/COURSE/BackUp/2023_Spring/iclab/iclabta01/UMC018_CBDK/CIC/SynopsysDC/db/fsa0m_a_t33_generic_io_ss1p62v125c.db'
Loading db file '/RAID2/COURSE/BackUp/2023_Spring/iclab/iclabta01/UMC018_CBDK/CIC/SynopsysDC/db/fsa0m_a_t33_generic_io_tt1p8v25c.db'


Note: Symbol # after min delay cost means estimated hold TNS across all active scenarios 


  Optimization Complete
  ---------------------
  Loading target library 'fsa0m_a_generic_core_ff1p98vm40c'
  Loading target library 'fsa0m_a_t33_generic_io_ss1p62v125c'
  Loading target library 'fsa0m_a_t33_generic_io_tt1p8v25c'
Information: State dependent leakage is now switched from off to on.
Information: Propagating switching activity (low effort zero delay simulation). (PWR-6)
1
#uniquify 
#compile
optimize_netlist -area
Information: Performing power optimization. (PWR-850)
Alib files are up-to-date.
Information: Running optimization using a maximum of 8 cores. (OPT-1500)

Warning: Operating condition WCCOM set on design HT has different process,
voltage and temperatures parameters than the parameters at which target library 
fsa0m_a_generic_core_ff1p98vm40c is characterized. Delays may be inaccurate as a result. (OPT-998)

  Updating timing information
Information: The library cell 'TIE1' in the library 'fsa0m_a_generic_core_ss1p62v125c' is not characterized for internal power. (PWR-536)
Information: The library cell 'TIE0' in the library 'fsa0m_a_generic_core_ss1p62v125c' is not characterized for internal power. (PWR-536)
Information: The library cell 'BHD1' in the library 'fsa0m_a_generic_core_ss1p62v125c' is not characterized for internal power. (PWR-536)
Information: The target library(s) contains cell(s), other than black boxes, that are not characterized for internal power. (PWR-24)


  Beginning Area Optimization
  -----------------------------

                                  TOTAL                                                            
   ELAPSED            WORST NEG   SETUP    DESIGN                              LEAKAGE   MIN DELAY 
    TIME      AREA      SLACK     COST    RULE COST         ENDPOINT            POWER      COST    
  --------- --------- --------- --------- --------- ------------------------- --------- -----------
    0:00:24   35072.8      0.00       0.0       0.0                           2096326.8750      0.00  
    0:00:25   34116.6      0.00       0.0       0.0                           2023979.8750      0.00  
Loading db file '/RAID2/COURSE/BackUp/2023_Spring/iclab/iclabta01/UMC018_CBDK/CIC/SynopsysDC/db/fsa0m_a_generic_core_ss1p62v125c.db'
Loading db file '/RAID2/COURSE/BackUp/2023_Spring/iclab/iclabta01/UMC018_CBDK/CIC/SynopsysDC/db/fsa0m_a_generic_core_ff1p98vm40c.db'
Loading db file '/RAID2/COURSE/BackUp/2023_Spring/iclab/iclabta01/UMC018_CBDK/CIC/SynopsysDC/db/fsa0m_a_t33_generic_io_ss1p62v125c.db'
Loading db file '/RAID2/COURSE/BackUp/2023_Spring/iclab/iclabta01/UMC018_CBDK/CIC/SynopsysDC/db/fsa0m_a_t33_generic_io_tt1p8v25c.db'


Note: Symbol # after min delay cost means estimated hold TNS across all active scenarios 


  Optimization Complete
  ---------------------
1
optimize_netlist -area
Information: Performing power optimization. (PWR-850)
Alib files are up-to-date.
Information: Running optimization using a maximum of 8 cores. (OPT-1500)

Warning: Operating condition WCCOM set on design HT has different process,
voltage and temperatures parameters than the parameters at which target library 
fsa0m_a_generic_core_ff1p98vm40c is characterized. Delays may be inaccurate as a result. (OPT-998)

  Updating timing information
Information: The library cell 'TIE1' in the library 'fsa0m_a_generic_core_ss1p62v125c' is not characterized for internal power. (PWR-536)
Information: The library cell 'TIE0' in the library 'fsa0m_a_generic_core_ss1p62v125c' is not characterized for internal power. (PWR-536)
Information: The library cell 'BHD1' in the library 'fsa0m_a_generic_core_ss1p62v125c' is not characterized for internal power. (PWR-536)
Information: The target library(s) contains cell(s), other than black boxes, that are not characterized for internal power. (PWR-24)


  Beginning Area Optimization
  -----------------------------

                                  TOTAL                                                            
   ELAPSED            WORST NEG   SETUP    DESIGN                              LEAKAGE   MIN DELAY 
    TIME      AREA      SLACK     COST    RULE COST         ENDPOINT            POWER      COST    
  --------- --------- --------- --------- --------- ------------------------- --------- -----------
    0:00:23   34116.6      0.00       0.0       0.0                           2023979.8750      0.00  
    0:00:24   33957.2      0.00       0.0       0.0                           2013260.8750      0.00  
Loading db file '/RAID2/COURSE/BackUp/2023_Spring/iclab/iclabta01/UMC018_CBDK/CIC/SynopsysDC/db/fsa0m_a_generic_core_ss1p62v125c.db'
Loading db file '/RAID2/COURSE/BackUp/2023_Spring/iclab/iclabta01/UMC018_CBDK/CIC/SynopsysDC/db/fsa0m_a_generic_core_ff1p98vm40c.db'
Loading db file '/RAID2/COURSE/BackUp/2023_Spring/iclab/iclabta01/UMC018_CBDK/CIC/SynopsysDC/db/fsa0m_a_t33_generic_io_ss1p62v125c.db'
Loading db file '/RAID2/COURSE/BackUp/2023_Spring/iclab/iclabta01/UMC018_CBDK/CIC/SynopsysDC/db/fsa0m_a_t33_generic_io_tt1p8v25c.db'


Note: Symbol # after min delay cost means estimated hold TNS across all active scenarios 


  Optimization Complete
  ---------------------
1
optimize_netlist -area
Information: Performing power optimization. (PWR-850)
Alib files are up-to-date.
Information: Running optimization using a maximum of 8 cores. (OPT-1500)

Warning: Operating condition WCCOM set on design HT has different process,
voltage and temperatures parameters than the parameters at which target library 
fsa0m_a_generic_core_ff1p98vm40c is characterized. Delays may be inaccurate as a result. (OPT-998)

  Updating timing information
Information: The library cell 'TIE1' in the library 'fsa0m_a_generic_core_ss1p62v125c' is not characterized for internal power. (PWR-536)
Information: The library cell 'TIE0' in the library 'fsa0m_a_generic_core_ss1p62v125c' is not characterized for internal power. (PWR-536)
Information: The library cell 'BHD1' in the library 'fsa0m_a_generic_core_ss1p62v125c' is not characterized for internal power. (PWR-536)
Information: The target library(s) contains cell(s), other than black boxes, that are not characterized for internal power. (PWR-24)


  Beginning Area Optimization
  -----------------------------

                                  TOTAL                                                            
   ELAPSED            WORST NEG   SETUP    DESIGN                              LEAKAGE   MIN DELAY 
    TIME      AREA      SLACK     COST    RULE COST         ENDPOINT            POWER      COST    
  --------- --------- --------- --------- --------- ------------------------- --------- -----------
    0:00:23   33957.2      0.00       0.0       0.0                           2013260.8750      0.00  
    0:00:25   33913.5      0.00       0.0       0.0                           2010721.2500      0.00  
Loading db file '/RAID2/COURSE/BackUp/2023_Spring/iclab/iclabta01/UMC018_CBDK/CIC/SynopsysDC/db/fsa0m_a_generic_core_ss1p62v125c.db'
Loading db file '/RAID2/COURSE/BackUp/2023_Spring/iclab/iclabta01/UMC018_CBDK/CIC/SynopsysDC/db/fsa0m_a_generic_core_ff1p98vm40c.db'
Loading db file '/RAID2/COURSE/BackUp/2023_Spring/iclab/iclabta01/UMC018_CBDK/CIC/SynopsysDC/db/fsa0m_a_t33_generic_io_ss1p62v125c.db'
Loading db file '/RAID2/COURSE/BackUp/2023_Spring/iclab/iclabta01/UMC018_CBDK/CIC/SynopsysDC/db/fsa0m_a_t33_generic_io_tt1p8v25c.db'


Note: Symbol # after min delay cost means estimated hold TNS across all active scenarios 


  Optimization Complete
  ---------------------
1
optimize_netlist -area
Information: Performing power optimization. (PWR-850)
Alib files are up-to-date.
Information: Running optimization using a maximum of 8 cores. (OPT-1500)

Warning: Operating condition WCCOM set on design HT has different process,
voltage and temperatures parameters than the parameters at which target library 
fsa0m_a_generic_core_ff1p98vm40c is characterized. Delays may be inaccurate as a result. (OPT-998)

  Updating timing information
Information: The library cell 'TIE1' in the library 'fsa0m_a_generic_core_ss1p62v125c' is not characterized for internal power. (PWR-536)
Information: The library cell 'TIE0' in the library 'fsa0m_a_generic_core_ss1p62v125c' is not characterized for internal power. (PWR-536)
Information: The library cell 'BHD1' in the library 'fsa0m_a_generic_core_ss1p62v125c' is not characterized for internal power. (PWR-536)
Information: The target library(s) contains cell(s), other than black boxes, that are not characterized for internal power. (PWR-24)


  Beginning Area Optimization
  -----------------------------

                                  TOTAL                                                            
   ELAPSED            WORST NEG   SETUP    DESIGN                              LEAKAGE   MIN DELAY 
    TIME      AREA      SLACK     COST    RULE COST         ENDPOINT            POWER      COST    
  --------- --------- --------- --------- --------- ------------------------- --------- -----------
    0:00:22   33913.5      0.00       0.0       0.0                           2010721.2500      0.00  
Loading db file '/RAID2/COURSE/BackUp/2023_Spring/iclab/iclabta01/UMC018_CBDK/CIC/SynopsysDC/db/fsa0m_a_generic_core_ss1p62v125c.db'
Loading db file '/RAID2/COURSE/BackUp/2023_Spring/iclab/iclabta01/UMC018_CBDK/CIC/SynopsysDC/db/fsa0m_a_generic_core_ff1p98vm40c.db'
Loading db file '/RAID2/COURSE/BackUp/2023_Spring/iclab/iclabta01/UMC018_CBDK/CIC/SynopsysDC/db/fsa0m_a_t33_generic_io_ss1p62v125c.db'
Loading db file '/RAID2/COURSE/BackUp/2023_Spring/iclab/iclabta01/UMC018_CBDK/CIC/SynopsysDC/db/fsa0m_a_t33_generic_io_tt1p8v25c.db'


Note: Symbol # after min delay cost means estimated hold TNS across all active scenarios 


  Optimization Complete
  ---------------------
1
#======================================================
#  Output Reports 
#======================================================
report_design  >  Report/$DESIGN\.design
report_resource >  Report/$DESIGN\.resource
report_timing -max_paths 3 >  Report/$DESIGN\.timing
report_area -hierarchy >  Report/$DESIGN\.area
report_power > Report/$DESIGN\.power
report_clock > Report/$DESIGN\.clock
report_port >  Report/$DESIGN\.port
#======================================================
#  Change Naming Rule
#======================================================
set bus_inference_style "%s\[%d\]"
%s[%d]
set bus_naming_style "%s\[%d\]"
%s[%d]
set hdlout_internal_busses true
true
change_names -hierarchy -rule verilog
1
define_name_rules name_rule -allowed "a-z A-Z 0-9 _" -max_length 255 -type cell
1
define_name_rules name_rule -allowed "a-z A-Z 0-9 _[]" -max_length 255 -type net
1
define_name_rules name_rule -map {{"\\*cell\\*" "cell"}}
1
define_name_rules name_rule -case_insensitive
1
change_names -hierarchy -rules name_rule
1
#======================================================
#  Output Results
#======================================================
set verilogout_higher_designs_first true
true
write -format verilog -output Netlist/$DESIGN\_SYN.v -hierarchy
Writing verilog file '/RAID2/COURSE/2026_Spring/iclab/iclab062/SPRING2026_LAB06/HT/02_SYN/Netlist/HT_SYN.v'.
1
write -format ddc     -hierarchy -output $DESIGN\_SYN.ddc
Writing ddc file 'HT_SYN.ddc'.
1
write_sdf -version 3.0 -context verilog -load_delay cell Netlist/$DESIGN\_SYN.sdf -significant_digits 6
Information: Writing timing information to file '/RAID2/COURSE/2026_Spring/iclab/iclab062/SPRING2026_LAB06/HT/02_SYN/Netlist/HT_SYN.sdf'. (WT-3)
Information: Updating design information... (UID-85)
1
write_sdc Netlist/$DESIGN\_SYN.sdc
1
#======================================================
#  Finish and Quit
#======================================================
report_area -designware -hierarchy
 
****************************************
Report : area
Design : HT
Version: T-2022.03
Date   : Sun Apr 12 21:13:19 2026
****************************************

Library(s) Used:

    fsa0m_a_generic_core_ss1p62v125c (File: /RAID2/COURSE/BackUp/2023_Spring/iclab/iclabta01/UMC018_CBDK/CIC/SynopsysDC/db/fsa0m_a_generic_core_ss1p62v125c.db)

Number of ports:                            9
Number of nets:                          1926
Number of cells:                         1917
Number of combinational cells:           1853
Number of sequential cells:                64
Number of macros/black boxes:               0
Number of buf/inv:                        383
Number of references:                     109

Combinational area:              30276.187220
Buf/Inv area:                     3327.911978
Noncombinational area:            3637.267204
Macro/Black Box area:                0.000000
Net Interconnect area:      undefined  (Wire load has zero net area)

Total cell area:                 33913.454424
Total area:                 undefined

Hierarchical area distribution
------------------------------

                                  Global cell area            Local cell area
                                  -------------------  ----------------------------- 
Hierarchical cell                 Absolute    Percent  Combi-      Noncombi-  Black-
                                  Total       Total    national    national   boxes   Design
--------------------------------  ----------  -------  ----------  ---------  ------  ---------
HT                                33913.4544    100.0  30276.1872  3637.2672  0.0000  HT
--------------------------------  ----------  -------  ----------  ---------  ------  ---------
Total                                                  30276.1872  3637.2672  0.0000


Area of detected synthetic parts
--------------------------------
  No DW parts to report!

Estimated area of ungrouped synthetic parts
-------------------------------------------
                                        Estimated  Perc. of
  Module               Implem.  Count        Area cell area
  -------------------- -------  ----- ----------- ---------
  DP_OP_387J1_122_1498     str      1    359.3520      1.1%
  DP_OP_62_135_5538        str      1   1031.1840      3.0%
  DP_OP_63_136_9771        str      1    477.0534      1.4%
  DP_OP_69J1_123_60        str      1    278.1072      0.8%
  DP_OP_72_139_8549        str      1    816.5607      2.4%
  DP_OP_73_140_8549        str      1    730.9687      2.2%
  DP_OP_80_137_1337        str      1    895.9294      2.6%
  DP_OP_81_138_1337        str      1    895.9294      2.6%
  DW01_add             apparch      9    727.4535      2.1%
  DW01_dec             apparch      2     29.9981      0.1%
  DW01_inc             apparch      8    119.9923      0.4%
  DW_cmp               apparch     60   7609.5135     22.4%
  -------------------- -------  ----- ----------- ---------
  DP_OP Subtotal:                   8   5485.0848     16.2%
  Total:                           87  13972.0422     41.2%

Subtotal of datapath(DP_OP) cell area:  5485.0848  16.2%  (estimated)
Total synthetic cell area:              13972.0422  41.2%  (estimated)

1
report_timing 
 
****************************************
Report : timing
        -path full
        -delay max
        -max_paths 1
Design : HT
Version: T-2022.03
Date   : Sun Apr 12 21:13:19 2026
****************************************

Operating Conditions: WCCOM   Library: fsa0m_a_generic_core_ss1p62v125c
Wire Load Model Mode: top

  Startpoint: weight_ff_reg_4__2_
              (rising edge-triggered flip-flop clocked by clk)
  Endpoint: out_code_reg
            (rising edge-triggered flip-flop clocked by clk)
  Path Group: clk
  Path Type: max

  Des/Clust/Port     Wire Load Model       Library
  ------------------------------------------------
  HT                 enG5K                 fsa0m_a_generic_core_ss1p62v125c

  Point                                    Incr       Path
  -----------------------------------------------------------
  clock clk (rise edge)                    0.00       0.00
  clock network delay (ideal)              0.00       0.00
  weight_ff_reg_4__2_/CK (QDFFN)           0.00       0.00 r
  weight_ff_reg_4__2_/Q (QDFFN)            0.62       0.62 f
  U1622/O (AOI22H)                         0.27       0.90 r
  U2976/O (OAI112HS)                       0.21       1.11 f
  U1452/OB (MXL2H)                         0.22       1.33 r
  U2916/O (NR2)                            0.12       1.45 f
  U2002/O (NR2P)                           0.19       1.64 r
  U2005/O (ND3HT)                          0.15       1.79 f
  U2007/O (ND2F)                           0.17       1.96 r
  U2064/O (INV4)                           0.12       2.08 f
  U2067/O (NR2T)                           0.17       2.25 r
  U2070/O (INV2)                           0.06       2.31 f
  U2080/O (OAI112H)                        0.27       2.58 r
  U2081/O (OAI12HP)                        0.17       2.76 f
  U1435/O (MAO222)                         0.32       3.07 f
  U2087/O (INV3)                           0.13       3.20 r
  U1671/O (INV6CK)                         0.13       3.33 f
  U1433/O (INV4)                           0.12       3.46 r
  U2165/O (NR2F)                           0.09       3.54 f
  U2166/O (BUF12CK)                        0.18       3.72 f
  U2327/OB (MXL2HS)                        0.17       3.89 f
  U2329/OB (MXL2H)                         0.19       4.08 r
  U2330/O (OAI12HP)                        0.16       4.24 f
  U1416/O (ND2P)                           0.10       4.35 r
  U1413/O (OAI12HS)                        0.11       4.46 f
  U2607/O (OAI12HS)                        0.10       4.56 r
  U1942/O (ND2)                            0.21       4.77 f
  U2613/O (ND2F)                           0.24       5.01 r
  U1698/O (INV2)                           0.08       5.09 f
  U1546/O (NR2T)                           0.15       5.24 r
  U2628/O (INV2)                           0.05       5.29 f
  U1924/O (MOAI1)                          0.18       5.47 r
  U1928/O (NR2P)                           0.16       5.63 f
  U2630/O (MAO222P)                        0.32       5.94 f
  U1394/O (ND3P)                           0.11       6.05 r
  U2633/O (ND3HT)                          0.16       6.21 f
  U1627/O (BUF12CK)                        0.19       6.40 f
  U2634/O (INV6CK)                         0.08       6.48 r
  U1675/O (ND3)                            0.17       6.66 f
  U2659/O (ND3HT)                          0.23       6.89 r
  U2799/O (ND2)                            0.21       7.10 f
  U1477/O (OAI12HS)                        0.34       7.44 r
  U1823/O (INV2)                           0.11       7.54 f
  U2801/O (OAI12H)                         0.17       7.72 r
  U2802/O (XNR2HS)                         0.16       7.87 r
  U2803/O (ND2)                            0.18       8.06 f
  U2804/O (ND2P)                           0.26       8.32 r
  U1529/O (ND2)                            0.17       8.50 f
  U2858/O (ND3HT)                          0.16       8.66 r
  U1859/O (BUF3)                           0.30       8.96 r
  U1855/O (MUX2S)                          0.29       9.25 f
  U1853/O (ND2S)                           0.13       9.38 r
  U2985/O (MAO222)                         0.25       9.64 r
  U2987/O (NR2)                            0.09       9.73 f
  U2988/O (ND2)                            0.10       9.83 r
  U1487/O (ND3S)                           0.15       9.98 f
  U2995/O (MUXB2)                          0.35      10.33 r
  out_code_reg/D (QDFFRBS)                 0.00      10.33 r
  data arrival time                                  10.33

  clock clk (rise edge)                   10.60      10.60
  clock network delay (ideal)              0.00      10.60
  clock uncertainty                       -0.10      10.50
  out_code_reg/CK (QDFFRBS)                0.00      10.50 r
  library setup time                      -0.17      10.33
  data required time                                 10.33
  -----------------------------------------------------------
  data required time                                 10.33
  data arrival time                                 -10.33
  -----------------------------------------------------------
  slack (MET)                                         0.00


1
exit
Memory usage for this session 454 Mbytes.
Memory usage for this session including child processes 708 Mbytes.
CPU usage for this session 248 seconds ( 0.07 hours ).
Elapsed time for this session 162 seconds ( 0.05 hours ).

Thank you...

