# ----------------------------------------
# Jasper Version Info
# tool      : Jasper 2023.09
# platform  : Linux 3.10.0-1160.88.1.el7.x86_64
# version   : 2023.09p001 64 bits
# build date: 2023.10.25 14:35:20 UTC
# ----------------------------------------
# started   : 2026-06-03 19:28:04 CST
# hostname  : ee28.EEHPC
# pid       : 194236
# arguments : '-label' 'session_0' '-console' '//127.0.0.1:46218' '-style' 'windows' '-data' 'AAAAgnicY2RgYLCp////PwMYMFcBCQEGHwZfhiAGVyDpzxAGpOGA8QGUYcPIgAwYAxtQaAYGVphCuBIg5mMoYihlyGPQYyhhSGbIAYsDANovDIY=' '-proj' '/RAID2/COURSE/2026_Spring/iclab/iclab062/LabBonus_2026_S/jgproject/sessionLogs/session_0' '-init' '-hidden' '/RAID2/COURSE/2026_Spring/iclab/iclab062/LabBonus_2026_S/jgproject/.tmp/.initCmds.tcl' 'run.tcl'

Any disclosure about the Cadence Design Systems software or its use
model to any third party violates the written Non-Disclosure Agreement
between Cadence Design Systems, Inc. and the customer.

THIS SOFTWARE CONTAINS CONFIDENTIAL INFORMATION AND TRADE SECRETS OF
CADENCE DESIGN SYSTEMS, INC. USE, DISCLOSURE, OR REPRODUCTION IS
PROHIBITED WITHOUT THE PRIOR EXPRESS WRITTEN PERMISSION OF CADENCE
DESIGN SYSTEMS, INC.

Copyright (C) 2000-2023 Cadence Design Systems, Inc. All Rights
Reserved.  Unpublished -- rights reserved under the copyright laws of
the United States.

This product includes software developed by others and redistributed
according to license agreement. See doc/third_party_readme.txt for
further details.

RESTRICTED RIGHTS LEGEND

Use, duplication, or disclosure by the Government is subject to
restrictions as set forth in subparagraph (c) (1) (ii) of the Rights in
Technical Data and Computer Software clause at DFARS 252.227-7013 or
subparagraphs (c) (1) and (2) of Commercial Computer Software -- Restricted
Rights at 48 CFR 52.227-19, as applicable.


                          Cadence Design Systems, Inc.
                          2655 Seely Avenue
                          San Jose, CA 95134
                          Phone: 408.943.1234

For technical assistance visit http://support.cadence.com.

Jasper Apps Analysis Session - /RAID2/COURSE/2026_Spring/iclab/iclab062/LabBonus_2026_S/jgproject/sessionLogs/session_0

WARNING (WG017): [session]: The system's locale is "ANSI_X3.4-1968", which is not UTF-8. Non-ASCII characters might not be handled correctly.
WARNING (WG017): [jg_console]: The system's locale is "ANSI_X3.4-1968", which is not UTF-8. Non-ASCII characters might not be handled correctly.
INFO: successfully checked out licenses "jasper_interactive" and "jasper_fao".
INFO: reading configuration file "/RAID2/COURSE/2026_Spring/iclab/iclab062/.config/cadence/jasper.conf".
% clear -all
INFO (IPF121): Cleared environment completely for new design analysis.
% 
% analyze -sv12 rr.sv rr_checker.sv
[-- (VERI-1482)] Analyzing Verilog file '/usr/cad/cadence/JASPER/jasper_2023.09p001/lib/verilog/packages/std/std.sv' into library 'std'
[-- (VERI-1482)] Analyzing Verilog file 'rr.sv'
[-- (VERI-1482)] Analyzing Verilog file 'rr_checker.sv'
[WARN (VERI-1763)] rr_checker.sv(14): SVA directive is not sensitive to any clock. The directive will be sampled on the posedge of the fastest clock.
[WARN (VERI-1763)] rr_checker.sv(21): SVA directive is not sensitive to any clock. The directive will be sampled on the posedge of the fastest clock.
[WARN (VERI-1763)] rr_checker.sv(24): SVA directive is not sensitive to any clock. The directive will be sampled on the posedge of the fastest clock.
[WARN (VERI-1763)] rr_checker.sv(34): SVA directive is not sensitive to any clock. The directive will be sampled on the posedge of the fastest clock.
[WARN (VERI-1763)] rr_checker.sv(42): SVA directive is not sensitive to any clock. The directive will be sampled on the posedge of the fastest clock.
[WARN (VERI-1763)] rr_checker.sv(47): SVA directive is not sensitive to any clock. The directive will be sampled on the posedge of the fastest clock.
[WARN (VERI-1763)] rr_checker.sv(48): SVA directive is not sensitive to any clock. The directive will be sampled on the posedge of the fastest clock.
[WARN (VERI-1763)] rr_checker.sv(55): SVA directive is not sensitive to any clock. The directive will be sampled on the posedge of the fastest clock.
[WARN (VERI-1763)] rr_checker.sv(62): SVA directive is not sensitive to any clock. The directive will be sampled on the posedge of the fastest clock.
[WARN (VERI-1763)] rr_checker.sv(70): SVA directive is not sensitive to any clock. The directive will be sampled on the posedge of the fastest clock.
[WARN (VERI-1763)] rr_checker.sv(76): SVA directive is not sensitive to any clock. The directive will be sampled on the posedge of the fastest clock.
% elaborate -top rr -create_related_cover {}
INFO (ISW003): Top module name is "rr".
[INFO (HIER-8002)] rr.sv(33): Disabling old hierarchical reference handler
[INFO (VERI-1018)] rr_checker.sv(1): compiling module 'rr_checker'
[INFO (VERI-1018)] rr.sv(1): compiling module 'rr'
[WARN (VERI-1899)] rr.sv(31): 'k' inside always_comb block does not represent combinational logic
INFO (INL208): Elaboration synthesis summary:
  Number of synthesized netlists          3 (1 packages)
  Single run mode                         On
  Pipeline                                On (2 pipelined netlists)
  Late hierarchical reference connection  On
  Number of analyzed Verilog modules      3 (3 synthesized)
  Number of analyzed VHDL entities        0 (0 synthesized)
INFO (INL003): Clearing all state information (assumes, stopats, and so forth).
rr
[<embedded>] % 
[<embedded>] % clock clk
[<embedded>] % reset ~rst_n
INFO (IPM031): Clearing proof results of all properties.
INFO (IRS006): Current reset condition is "rst_n".
[<embedded>] % 
[<embedded>] % prove -all -prefer_shortest
Ncustom1: Custom engine code is hT3Ng7hPPfiYQOTDZ3qhYOwGAM51eA+J/FjkM5shLioAsqhgLR4Ft+O1BuKG6ilQ83B9tLXSl+CwjiTMAQA
Bcustom2: Custom engine code is hT3Nm7hPr1Vp3Di1Ra2USNIGL4JypRnLKLAdF6JAyuavO2JfGCiY9OZJhcAcOUnLx5xwNdhILGrAWX9s+z2WDkKwNR7tAfClBEjRFVQeq6DU54boFgEA
AMcustom3: Custom engine code is hT3Ng7hP/feYQOTDZ3qhYOwGAM51eA+J/FjkM5shLioAsqhgLR4Ft+O1BuKG6ilQ83B9tLXSmmqwm7g9AQA
Mpcustom4: Custom engine code is hT3NZbhP9fmY2AbBQnsjfOxn6c+6e6yL+/e8fZFmaQrnlgEA
INFO (IPF036): Starting proof on task: "<embedded>", 10 properties to prove with 0 already proven/unreachable
INFO (IRS029): Starting reset analysis: phase 1 of 4.
INFO (IRS030): Running reset analysis: phase 2 of 4.
INFO (IRS031): Running reset analysis: phase 3 of 4.
INFO (IRS020): Starting the reset analysis simulation with a limit of 100 iterations (phase 4 of 4).
INFO (IRS024): Reset iterations 0 to 4 analyzed.
INFO (IRS018): Reset analysis simulation executed for 3 iterations. Assigned values for 8 of 8 design flops, 29 of 32 design latches, 56 of 56 internal elements.
INFO (IRS039): Reset analysis complete.
INFO (IPF031): Settings used for proof thread 0:
    orchestration                 = on (auto)
    time_limit                    = 86400s
    per_property_time_limit       = 1s * 10 ^ scan
    engine_mode                   = auto
    proofgrid_per_engine_max_jobs = 1
    max engine jobs               = auto
    proofgrid_mode                = local
    proofgrid_restarts            = 10
    prefer_shortest               = on
0: Using multistage preprocessing
AMcustom5: Custom engine code is hT3N1rhP11/52HrFRS21ROp2LOjVTgPvT8L8BGXHgLhaIuqtT4nARFjUqrBL+7pLmaTOzBepZW/Jm8SSrHDybSQtoNiO3y43wk+dEoWlsZizu97Fih6O6lPVG/LpWP5SsUPwlGagLNa1FKEFvwVXyX7//8prySbvSxIHXr5er+z4RAEA
0: Starting reduce
Ncustom6: Custom engine code is hT3OXrhPByJp3TrFSTLhUmMH4KVtJgmTCnNDF46yMXOKY48m4LS5nE7yBzFjA7kDuwO/GhGUpEPiky3p3wmPn3dJZHxFMsafSoObRzSC+tn7sEY0WbTdZ/FV4hL3MYH/b1CIUvXSWR4wqEoVLsmMOD4xIPT4lI1LO6ZCO7PnnWQuLwetnvKlrXx6wCW/A+x+enqslg1YPobi4wEF/EvbzOvcTYdJvl2s4H2yZg2b2ofAVN5WvhWk1HoBAA
ADcustom7: Custom engine code is hT3Nv7hPv1752HrFRa2kROx2f/ECJeZB2AZsLdlO8VwmIuqtT4nIDFXclhg+O+o+DMmQCekbheGk0kK28laA9gaOFDXsQp29J3X615HY1IPHJWd6FUFvCHjO+p1k652b5JJvZlShNpGlGSXAiQe/mEAj6tEBAA
Tricustom8: Custom engine code is hT3Nu7hPt1752DvFRa0kNDiyIV97VyejwM9C/jCLJjdPvusZONHY42VYUy0Q1ZotnhcVtNc56tJ5wbxv6V2+XpdsaSlHck5vfnbYjdwj1OECy9U+7oSQ0SZE3g5ayD+Phuh4odCJTjeKa2k4elM9ldQfkAEA
Gcustom9: Custom engine code is hT3NibhPDfeYQADBZnYcglOvK9Pfd7EOeniIqP8jNsyIqInncipMGcUXqAadachREE9F2PwhBUZUNw5kHnd4JdXkamORRgEA
C2custom10: Custom engine code is hT3NirhPjfWYQADBZnYcglOvK9Pfd7EOeniIqP8jNsyIqInncgkrYMMXCYbdK0dUjZIF9d4cJ0rHoBDjwVLBKuG86XYVV00BAA
AGcustom11: Custom engine code is hT3NirhP/fmYQADBZnYcglOvK9Pfd7EOeniIqP8jNsyIqInnckcwYMMXCYbdK0dUjZIF9d4cJ0rHoBDjwVLBKuHEZnZByh0BAA
Bcustom12: Custom engine code is hT3NjrhPDfiYQADBZnYcglOvK9PfWxFtenjIyBqfrgr7if/jL/yPOuK1BAflEcW0DxNH2eDIoezN2gxlQFg81RZtiWXh7aiTAidvAQA
Ncustom13: Custom engine code is hT3NR7hPByFp3TrFSTLhUmMH4KWtJglTyV/c51BHEeZWamnJv767nE6PCak26bd3gf3XGN3rIRheufhDieCJQVISo+gNYUKhiUedBKGtsP/a18svAnlMJZudHxDFwK5ufsyoxsIyiAeSY2oi3tEuoDHr5gw42DFKAG3PqO3CEsl8Azzdt3pl5nGA1Ifv2H02eYsFzWb/nfp8PMb3F0krE/EgBcm8TD9Div8BAA
Tricustom14: Custom engine code is hT3Nu7hP3fiYQADBZnYcglNHp9bfd7EOeniIqP/ji8sGLQu8yhsFO+wxJ+O+R0bU8g/IewXFomyos+viQnWc2xYNYmMqpo3i40O7DaZR7qfp4YqNx26KRvQ/qx0BAA
0: Finished reduce in 0.001s
0.0.PRE: Performing Proof Simplification...
0.0.N: clocks: 1, declared: 1, looping: 0, posedge: 1, negedge: 0, noedge: 0, bothedge: 0
0.0.N: Proof Simplification Iteration 1	[0.00 s]
0.0.PRE: A trace with 1 cycles was found. [0.00 s]
INFO (IPF047): 0.0.PRE: The cover property "rr.i_rr_checker.EX1_GNT_0_COVER" was covered in 1 cycles in 0.00 s.
0.0.N: Proof Simplification Iteration 2	[0.09 s]
0.0.N: Proof Simplification Iteration 3	[0.09 s]
0.0.N: Proof Simplification Iteration 4	[0.09 s]
0.0.N: Proof Simplification Iteration 5	[0.09 s]
0.0.N: Proof Simplification Iteration 6	[0.09 s]
0.0.PRE: A proof was found: No trace exists. [0.00 s]
INFO (IPF057): 0.0.PRE: The property ":noDeadEnd" was proven in 0.00 s.
    Use check_assumptions -show -dead_end to show this property in the property table.
0.0.PRE: A proof was found: No trace exists. [0.00 s]
INFO (IPF057): 0.0.PRE: The property ":noConflict" was proven in 0.00 s.
    Use check_assumptions -show to show this property in the property table.
INFO (IPF047): 0.0.PRE: The cover property ":live" was covered in 1 cycles in 0.00 s.
    Use check_assumptions -show -live to show this property in the property table.
0.0.PRE: Proof Simplification completed in 0.09 s
0: About to start ProofGrid in its own thread with a limit of 10000 pending notifications and a limit of 10 traces.
0: =============================== ProofGrid start ===============================
0: ProofGrid usable level: 9
0: Initial ProofGrid level: 1
0: ProofGrid is starting event handling
0.0.N: Proofgrid shell started at 194303@ee28(local) jg_194236_ee28_1
0.0.N: clocks: 1, declared: 1, looping: 0, posedge: 1, negedge: 0, noedge: 0, bothedge: 0
0.0.N: Next scan (0) will use per property time limit: 1s * 10 ^ 0 = 1s
0.0.N: Starting proof for property "rr.i_rr_checker.EX2_GNT_0_1_SEQ_COVER"	[0.00 s].
0.0.N: Trace Attempt  1	[0.00 s]
0.0.N: A max_length bound was found. The shortest trace is no longer than 131072 cycles. [0.00 s]
INFO (IPF008): 0.0.N: A max_length bound of 131072 was found for the property "rr.i_rr_checker.EX2_GNT_0_1_SEQ_COVER" in 0.01 s.
0.0.N: Trace Attempt  2	[0.00 s]
0.0.N: Trace Attempt  2	[0.00 s]
0.0.N: A trace with 2 cycles was found. [0.00 s]
INFO (IPF047): 0.0.N: The cover property "rr.i_rr_checker.EX2_GNT_0_1_SEQ_COVER" was covered in 2 cycles in 0.01 s.
0.0.N: Stopped processing property "rr.i_rr_checker.EX2_GNT_0_1_SEQ_COVER"	[0.03 s].
0.0.N: Starting proof for property "rr.i_rr_checker.A1P1_COVER"	[0.00 s].
0.0.N: Trace Attempt  1	[0.00 s]
0.0.N: A max_length bound was found. The shortest trace is no longer than 8388608 cycles. [0.00 s]
INFO (IPF008): 0.0.N: A max_length bound of 8388608 was found for the property "rr.i_rr_checker.A1P1_COVER" in 0.00 s.
0.0.N: Trace Attempt  2	[0.00 s]
0.0.N: Trace Attempt  2	[0.00 s]
0.0.N: Trace Attempt  3	[0.00 s]
0.0.N: Trace Attempt  4	[0.00 s]
0.0.N: Trace Attempt  4	[0.00 s]
0.0.N: Trace Attempt  5	[0.00 s]
0.0.N: Trace Attempt  8	[0.01 s]
0.0.N: A trace with 8 cycles was found. [0.01 s]
INFO (IPF047): 0.0.N: The cover property "rr.i_rr_checker.A1P1_COVER" was covered in 8 cycles in 0.00 s.
0.0.N: Stopped processing property "rr.i_rr_checker.A1P1_COVER"	[0.01 s].
0.0.N: Starting proof for property "rr.i_rr_checker.Q1P2_COVER"	[0.00 s].
0.0.N: Trace Attempt  1	[0.00 s]
0.0.N: A max_length bound was found. The shortest trace is no longer than 262144 cycles. [0.00 s]
INFO (IPF008): 0.0.N: A max_length bound of 262144 was found for the property "rr.i_rr_checker.Q1P2_COVER" in 0.00 s.
0.0.N: Trace Attempt  2	[0.00 s]
0.0.N: Trace Attempt  2	[0.00 s]
0.0.N: Trace Attempt  3	[0.00 s]
0.0.N: Trace Attempt  3	[0.00 s]
0.0.N: Trace Attempt  4	[0.00 s]
0.0.N: Trace Attempt  4	[0.00 s]
0.0.N: Trace Attempt  5	[0.00 s]
0.0.Hp: Proofgrid shell started at 194304@ee28(local) jg_194236_ee28_1
0.0.Hp: clocks: 1, declared: 1, looping: 0, posedge: 1, negedge: 0, noedge: 0, bothedge: 0
0.0.Hp: Trace Attempt  1	[0.00 s]
0.0.Hp: Trace Attempt  2	[0.02 s]
0.0.L: Proofgrid shell started at 194341@ee28(local) jg_194236_ee28_1
0.0.Bm: Proofgrid shell started at 194338@ee28(local) jg_194236_ee28_1
0.0.L: clocks: 1, declared: 1, looping: 0, posedge: 1, negedge: 0, noedge: 0, bothedge: 0
0.0.L: Using trace diversification with seed 1 (0.05)
0.0.L: Using LRU state removal heuristic
0.0.L: Using states from traces to { (reset) }
0.0.Bm: clocks: 1, declared: 1, looping: 0, posedge: 1, negedge: 0, noedge: 0, bothedge: 0
0.0.L: Trace Attempt  3	[0.00 s]
0.0.Bm: Trace Attempt  1	[0.00 s]
0.0.Ht: Proofgrid shell started at 194337@ee28(local) jg_194236_ee28_1
0.0.Bm: Trace Attempt  2	[0.00 s]
0.0.Ht: clocks: 1, declared: 1, looping: 0, posedge: 1, negedge: 0, noedge: 0, bothedge: 0
0.0.Bm: Trace Attempt  3	[0.00 s]
0.0.Ht: Trace Attempt  1	[0.00 s]
0.0.AM: Proofgrid shell started at 194343@ee28(local) jg_194236_ee28_1
0.0.Ht: Trace Attempt  2	[0.00 s]
0.0.Ht: Trace Attempt  3	[0.00 s]
0.0.L: Using states from traces to { rr.i_rr_checker.EX2_GNT_0_1_SEQ_COVER (2) }
0.0.AM: clocks: 1, declared: 1, looping: 0, posedge: 1, negedge: 0, noedge: 0, bothedge: 0
0.0.L: Trace Attempt  3	[0.00 s]
0.0.AM: Next scan (0) will use per property time limit: 1s * 10 ^ 0 = 1s
0.0.AM: Starting proof for property "rr.i_rr_checker.Q1P2_COVER"	[0.00 s].
0.0.Oh: Proofgrid shell started at 194340@ee28(local) jg_194236_ee28_1
0.0.Bm: Trace Attempt  4	[0.00 s]
0.0.AM: Trace Attempt  1	[0.00 s]
0.0.AM: Trace Attempt  2	[0.00 s]
0.0.Oh: clocks: 1, declared: 1, looping: 0, posedge: 1, negedge: 0, noedge: 0, bothedge: 0
0.0.L: Trace Attempt  4	[0.01 s]
0.0.AM: Trace Attempt  3	[0.00 s]
0.0.AM: Trace Attempt  4	[0.00 s]
0.0.Bm: Trace Attempt  5	[0.01 s]
0.0.L: Trace Attempt  5	[0.01 s]
0.0.AM: Trace Attempt  5	[0.00 s]
0.0.Oh: bwd trail(1): 1 0.00293815s
0.0.Oh: All properties either determined or skipped. [0.00 s]
0: ProofGrid usable level: 7
0.0.Ht: Trace Attempt  4	[0.01 s]
0.0.Ht: Trace Attempt  5	[0.01 s]
0.0.Oh: Exited with Success (@ 0.07 s)
0: ProofGrid usable level: 7
0.0.Hp: A proof was found: No trace exists. [0.05 s]
INFO (IPF057): 0.0.Hp: The property "rr.i_rr_checker.EX3_GNT0_NO_GNT1_ASSERT" was proven in 0.03 s.
0.0.Hp: A proof was found: No trace exists. [0.05 s]
INFO (IPF057): 0.0.Hp: The property "rr.i_rr_checker.A2P1_ASSERT" was proven in 0.03 s.
0.0.Hp: A proof was found: No trace exists. [0.05 s]
INFO (IPF057): 0.0.Hp: The property "rr.i_rr_checker.A2P2_ASSERT" was proven in 0.04 s.
0.0.Bm: Trace Attempt  8	[0.01 s]
0.0.Bm: A trace with 8 cycles was found. [0.01 s]
INFO (IPF047): 0.0.Bm: The cover property "rr.i_rr_checker.Q1P3_COVER_1" was covered in 8 cycles in 0.01 s.
0.0.Bm: Trace Attempt  9	[0.01 s]
0.0.Bm: A trace with 9 cycles was found. [0.01 s]
INFO (IPF047): 0.0.Bm: The cover property "rr.i_rr_checker.Q1P2_COVER" was covered in 9 cycles in 0.02 s.
0.0.Bm: A trace with 9 cycles was found. [0.01 s]
INFO (IPF055): 0.0.Bm: A counterexample (cex) with 9 cycles was found for the property "rr.i_rr_checker.Q2P2_ASSERT" in 0.03 s.
0.0.N: Trace Attempt  7	[0.02 s]
0.0.N: Stopped processing property "rr.i_rr_checker.Q1P2_COVER"	[0.07 s].
0.0.N: Starting proof for property "rr.i_rr_checker.Q1P3_COVER_2"	[0.00 s].
0.0.N: Trace Attempt  1	[0.00 s]
0.0.N: A max_length bound was found. The shortest trace is no longer than 8388608 cycles. [0.00 s]
INFO (IPF008): 0.0.N: A max_length bound of 8388608 was found for the property "rr.i_rr_checker.Q1P3_COVER_2" in 0.00 s.
0.0.N: Trace Attempt  2	[0.00 s]
0.0.N: Trace Attempt  3	[0.00 s]
0.0.N: Trace Attempt  3	[0.00 s]
0.0.N: Trace Attempt  4	[0.00 s]
0.0.N: Trace Attempt  5	[0.00 s]
0.0.N: Trace Attempt  5	[0.00 s]
0.0.L: Using states from traces to { rr.i_rr_checker.A1P1_COVER (8) }
0.0.L: Trace Attempt  3	[0.02 s]
0.0.L: Trace Attempt  4	[0.02 s]
0.0.L: Trace Attempt  5	[0.02 s]
0.0.B: Proofgrid shell started at 194342@ee28(local) jg_194236_ee28_1
0.0.B: clocks: 1, declared: 1, looping: 0, posedge: 1, negedge: 0, noedge: 0, bothedge: 0
0.0.B: Next scan (0) will use per property time limit: 1s * 10 ^ 0 = 1s
0.0.B: Starting proof for property "rr.i_rr_checker.Q1P3_COVER_2"	[0.00 s].
0.0.B: Trace Attempt  1	[0.00 s]
0.0.N: Requesting engine job to stop
0.0.B: Requesting engine job to stop
0.0.AM: Requesting engine job to stop
0.0.Hp: Requesting engine job to terminate
0.0.Ht: Requesting engine job to terminate
0.0.Bm: Requesting engine job to terminate
0.0.L: Requesting engine job to terminate
INFO (IPF144): 0: Initiating shutdown of proof [0.08 s]
0.0.Hp: A proof was found: No trace exists. [0.06 s]
INFO (IPF051): 0.0.Hp: The cover property "rr.i_rr_checker.Q1P3_COVER_2" was proven unreachable in 0.07 s.
0.0.Hp: All properties determined. [0.06 s]
0.0.B: Stopped processing property "rr.i_rr_checker.Q1P3_COVER_2"	[0.00 s].
0.0.Ht: Interrupted (multi)
0.0.Ht: Trace Attempt 14	[0.02 s]
0.0.Ht: All properties determined. [0.02 s]
0.0.B: All properties determined. [0.00 s]
0.0.L: Trace Attempt 10	[0.02 s]
0.0.L: All properties determined. [0.02 s]
0.0.Bm: Trace Attempt 16	[0.02 s]
0.0.Bm: All properties determined. [0.02 s]
0.0.N: Trace Attempt 10	[0.01 s]
0.0.N: Stopped processing property "rr.i_rr_checker.Q1P3_COVER_2"	[0.00 s].
0.0.N: All properties determined. [0.01 s]
0.0.B: Exited with Success (@ 0.09 s)
0: ProofGrid usable level: 0
0.0.Hp: Exited with Success (@ 0.09 s)
0.0.L: Exited with Success (@ 0.09 s)
0.0.Ht: Exited with Success (@ 0.09 s)
0.0.Bm: Exited with Success (@ 0.09 s)
0.0.AM: Trace Attempt  6	[0.01 s]
0.0.AM: Stopped processing property "rr.i_rr_checker.Q1P2_COVER"	[0.04 s].
0.0.AM: All properties determined. [0.02 s]
0.0.Mpcustom4: Proofgrid shell started at 194339@ee28(local) jg_194236_ee28_1
0.0.Mpcustom4: Requesting engine job to terminate
0.0.AM: Exited with Success (@ 0.09 s)
0.0.Mpcustom4: Preventing job from starting because proof is shutting down.
0.0.Mpcustom4: Requesting engine job to terminate
0.0.Mpcustom4: Interrupted. [0.00 s]
0.0.N: Exited with Success (@ 0.09 s)
0.0.Mpcustom4: Exited with Success (@ 0.09 s)
0: --------------------------------------------------------------
ProofGrid Summary (utilization 25.83 %)
--------------------------------------------------------------
     engines started                               :    10
     engine jobs started                           :     9

    Average time in state (seconds)
    ------------------------------------------------------
    Engine  Pending     Running        Dead    Utilization
    ------------------------------------------------------
      N        0.08        0.08        0.00       51.19 %
     Hp        0.09        0.06        0.00       39.70 %
     Ht        0.07        0.02        0.00       22.44 %
     Bm        0.06        0.02        0.00       25.51 %
    Mpcustom4        0.09        0.00        0.00        0.00 %
     Oh        0.07        0.00        0.00        4.91 %
      L        0.06        0.02        0.00       27.04 %
      B        0.08        0.00        0.00        1.06 %
     AM        0.06        0.02        0.00       21.72 %
    all        0.07        0.03        0.00       25.83 %

    Total time in state (seconds)
    -----------------------------------------
            Pending     Running        Dead  
    -----------------------------------------
               0.66        0.23        0.00

    Data read    : 15.05 kiB
    Data written : 9.66 kiB

0: All pending notifications were processed.
INFO (IPF059): Completed proof on task: "<embedded>" for proof thread 0

==============================================================
SUMMARY
==============================================================
           Properties Considered              : 10
                 assertions                   : 4
                  - proven                    : 3 (75%)
                  - bounded_proven (user)     : 0 (0%)
                  - bounded_proven (auto)     : 0 (0%)
                  - marked_proven             : 0 (0%)
                  - cex                       : 1 (25%)
                  - ar_cex                    : 0 (0%)
                  - undetermined              : 0 (0%)
                  - unknown                   : 0 (0%)
                  - error                     : 0 (0%)
                 covers                       : 6
                  - unreachable               : 1 (16.6667%)
                  - bounded_unreachable (user): 0 (0%)
                  - covered                   : 5 (83.3333%)
                  - ar_covered                : 0 (0%)
                  - undetermined              : 0 (0%)
                  - unknown                   : 0 (0%)
                  - error                     : 0 (0%)
determined
[<embedded>] % visualize -property <embedded>::rr.i_rr_checker.A1P1_COVER -new_window
INFO (IVS015): Setting Visualize task to "<embedded>".
INFO (IVS008): Expanding analysis region to enable visualization of "<embedded>::rr.i_rr_checker.A1P1_COVER".
covered
[<embedded>] % visualize -violation -property <embedded>::rr.i_rr_checker.Q2P2_ASSERT -new_window
INFO (IVS015): Setting Visualize task to "<embedded>".
INFO (IVS008): Expanding analysis region to enable visualization of "<embedded>::rr.i_rr_checker.Q2P2_ASSERT".
cex
[<embedded>] % visualize -violation -property <embedded>::rr.i_rr_checker.Q2P2_ASSERT -new_window
INFO (IVS015): Setting Visualize task to "<embedded>".
INFO (IVS008): Expanding analysis region to enable visualization of "<embedded>::rr.i_rr_checker.Q2P2_ASSERT".
cex
[<embedded>] % visualize -property <embedded>::rr.i_rr_checker.A1P1_COVER -new_window
INFO (IVS015): Setting Visualize task to "<embedded>".
INFO (IVS008): Expanding analysis region to enable visualization of "<embedded>::rr.i_rr_checker.A1P1_COVER".
covered
[<embedded>] % visualize -property <embedded>::rr.i_rr_checker.Q1P2_COVER -new_window
INFO (IVS015): Setting Visualize task to "<embedded>".
INFO (IVS008): Expanding analysis region to enable visualization of "<embedded>::rr.i_rr_checker.Q1P2_COVER".
covered
[<embedded>] % visualize -property <embedded>::rr.i_rr_checker.Q1P3_COVER_1 -new_window
INFO (IVS015): Setting Visualize task to "<embedded>".
INFO (IVS008): Expanding analysis region to enable visualization of "<embedded>::rr.i_rr_checker.Q1P3_COVER_1".
covered
[<embedded>] % visualize -violation -property <embedded>::rr.i_rr_checker.Q2P2_ASSERT -new_window
INFO (IVS015): Setting Visualize task to "<embedded>".
INFO (IVS008): Expanding analysis region to enable visualization of "<embedded>::rr.i_rr_checker.Q2P2_ASSERT".
cex
INFO (IPL005): Received request to exit from the console.
INFO (IPL014): Waiting for the Tcl-thread to exit.
INFO: Waiting for proof threads to stop...
INFO: Proof threads stopped.
INFO (IPL018): The peak resident set memory use for this session was 0.328 GB.
INFO (IPL015): The Tcl-thread exited with status 0.
INFO (IPL016): Exiting the analysis session with status 0.
