2026-05-04 00:32:24.908031 (27868) main____ INFO    ----------------------------------------
2026-05-04 00:32:24.908125 (27868) main____ INFO    Jasper version info
2026-05-04 00:32:24.908133 (27868) main____ INFO      tool      : Jasper 2023.09
2026-05-04 00:32:24.908138 (27868) main____ INFO      version   : 2023.09p001 64 bits
2026-05-04 00:32:24.908143 (27868) main____ INFO      build date: 2023.10.25 14:35:20 UTC
2026-05-04 00:32:24.908146 (27868) main____ INFO    ----------------------------------------
2026-05-04 00:32:24.908149 (27868) main____ INFO    Runtime info:
2026-05-04 00:32:24.908154 (27868) main____ INFO      platform  : Linux 3.10.0-1160.88.1.el7.x86_64 x86_64
2026-05-04 00:32:24.908160 (27868) main____ INFO      hostname  : ee29
2026-05-04 00:32:24.908163 (27868) main____ INFO      pid       : 27868
2026-05-04 00:32:24.908167 (27868) main____ INFO      arguments : '-style' 'windows' '-sec' 'jg_sec_run2.tcl'
2026-05-04 00:32:24.908172 (27868) main____ INFO      locale    : ANSI_X3.4-1968
2026-05-04 00:32:24.908175 (27868) main____ INFO    ----------------------------------------
2026-05-04 00:32:24.908178 (27868) main____ INFO    System resource limits info:
2026-05-04 00:32:24.908183 (27868) main____ INFO      virtual memory: unlimited
2026-05-04 00:32:24.908186 (27868) main____ INFO      cpu time      : unlimited
2026-05-04 00:32:24.908195 (27868) main____ INFO      processes     : 4096
2026-05-04 00:32:24.908204 (27868) main____ INFO      stack size    : 8388608 B
2026-05-04 00:32:24.908208 (27868) main____ INFO      core file size: 0 B
2026-05-04 00:32:24.908212 (27868) main____ INFO      open files    : 1024
2026-05-04 00:32:24.908215 (27868) main____ INFO      file size     : unlimited
2026-05-04 00:32:24.908219 (27868) main____ INFO    ----------------------------------------
2026-05-04 00:32:24.908222 (27868) main____ INFO    Memory statistics:
2026-05-04 00:32:24.908226 (27868) main____ INFO      total physical memory  : 1056530580 kB
2026-05-04 00:32:24.908229 (27868) main____ INFO      free physical memory   : 955965504 kB
2026-05-04 00:32:24.908232 (27868) main____ INFO      committed address space: 8602140 kB
2026-05-04 00:32:24.908236 (27868) main____ INFO    ----------------------------------------
2026-05-04 00:32:24.908902 (27868) main____ INFO    Important environment variables:
2026-05-04 00:32:24.908917 (27868) main____ INFO      CDS_AUTO_64BIT     : 'ALL'
2026-05-04 00:32:24.908922 (27868) main____ INFO      CDS_LOAD_ENV       : 'CSF'
2026-05-04 00:32:24.908927 (27868) main____ INFO      CDS_Netlisting_Mode: 'Analog'
2026-05-04 00:32:24.908932 (27868) main____ INFO      DISPLAY            : 'localhost:10.0'
2026-05-04 00:32:24.908937 (27868) main____ INFO      JASPER_INSTALL_DIR : '/usr/cad/cadence/JASPER/jasper_2023.09p001'
2026-05-04 00:32:24.908942 (27868) main____ INFO      JASPER_KERNEL_CHECK: '1'
2026-05-04 00:32:24.908947 (27868) main____ INFO      JASPER_OS_CHECK    : '1'
2026-05-04 00:32:24.908953 (27868) main____ INFO      LM_LICENSE_FILE    : '26585@lshc:5280@lshc:1717@lshc:5280@lstc:26585@lstc:1717@lstc'
2026-05-04 00:32:24.908962 (27868) main____ INFO    ----------------------------------------
2026-05-04 00:32:24.910454 (27868) lic_core INFO    Initializing license system ...
2026-05-04 00:32:24.913529 (27868) lic_core INFO    ... license system initialized.
2026-05-04 00:32:24.936672 (27868) lic__man INFO    Claim 'main' for <ui>.
2026-05-04 00:32:24.936725 (27868) lic_core INFO    (1) checking out 'jasper_interactive' ...
2026-05-04 00:32:25.129711 (27868) lic_core INFO    ... (1) checkout succeeded
2026-05-04 00:32:25.129791 (27868) lic__man INFO    Claim 'sec' for <ui>.
2026-05-04 00:32:25.129814 (27868) lic_core INFO    (2) checking out 'jasper_sec' ...
2026-05-04 00:32:25.211109 (27868) lic_core INFO    ... (2) checkout failed (error: -5) ("FLEXnet ERROR(-5, 0, 0): No such feature exists.")
2026-05-04 00:32:25.211196 (27868) lic_core INFO    (3) checking out 'jasper_fao' ...
2026-05-04 00:32:25.293496 (27868) lic_core INFO    ... (3) checkout succeeded
2026-05-04 00:32:25.294482 (27868) main____ INFO    Tool inactivity delay is 480000 ms.
2026-05-04 00:32:25.738394 (27868) lic__man INFO    Claim 'sec' for <ui>.
2026-05-04 00:32:26.449295 (27868) lic__man INFO    Unclaim 'sec' for <ui>.
2026-05-04 00:32:26.449353 (27868) lic__man INFO    Claim 'sec' for <ui>.
2026-05-04 00:32:26.478935 (27868) session_ INFO    Starting analysis session with session id 'session_0' (launcher: <local>) ...
2026-05-04 00:32:26.482316 (27868) session_ INFO    Analysis session with session id 'session_0' started (pid: 27892)
2026-05-04 00:32:28.259164 (27868) session_ INFO    Analysis session 'session_0' connected to the console (host: 127.0.0.1:60250)
2026-05-04 00:32:28.495434 (27868) main____ INFO    Releasing console memory by request of analysis session 'session_0'.
2026-05-04 00:32:28.496357 (27868) lic__man INFO    Unclaim everything for 'session_0'.
2026-05-04 00:32:28.586187 (27868) lic__man INFO    Claim 'sec' for 'session_0'.
2026-05-04 00:32:28.998164 (27868) lic__man INFO    Unclaim everything for 'session_0'.
2026-05-04 00:32:29.216413 (27868) lic__man INFO    Claim 'sec' for 'session_0'.
2026-05-04 00:32:29.844660 (27868) lic__man INFO    Claim 'sec' for 'session_0'.
2026-05-04 00:32:29.844678 (27868) lic__man INFO    Claim 'sec' for 'session_0/prove-1'.
2026-05-04 00:34:07.765661 (27868) lic__man INFO    Unclaim everything for 'session_0/prove-4'.
2026-05-04 00:34:07.833188 (27868) lic__man INFO    Unclaim everything for 'session_0/prove-2'.
2026-05-04 00:34:08.243223 (27868) lic__man INFO    Unclaim everything for 'session_0/prove-3'.
2026-05-04 00:34:08.517128 (27868) lic__man INFO    Unclaim everything for 'session_0/prove-1'.
2026-05-04 00:34:08.518370 (27868) lic__man INFO    Unclaim everything for 'session_0/prove-0'.
2026-05-04 00:42:08.878263 (27868) lic__man INFO    Entering idle state.
