# ----------------------------------------
# Jasper Version Info
# tool      : Jasper 2023.09
# platform  : Linux 3.10.0-1160.88.1.el7.x86_64
# version   : 2023.09p001 64 bits
# build date: 2023.10.25 14:35:20 UTC
# ----------------------------------------
# started   : 2026-04-27 01:49:11 CST
# hostname  : ee28.EEHPC
# pid       : 196751
# arguments : '-label' 'session_0' '-console' '//127.0.0.1:36806' '-style' 'windows' '-data' 'AAAAjHicY2RgYLCp////PwMYMFcBCQEGHwZfhiAGVyDpzxAGpOGA8QGUYcPIgAwYAxtQaAYGVphCmBImIOZg0GVIZkgBYgYGHoYshnQGPYYSIC8HzAcAU+INbA==' '-proj' '/RAID2/COURSE/2026_Spring/iclab/iclab062/Lab07_2026/Exercise/05_JG/jgproject/sessionLogs/session_0' '-init' '-hidden' '/RAID2/COURSE/2026_Spring/iclab/iclab062/Lab07_2026/Exercise/05_JG/jgproject/.tmp/.initCmds.tcl' 'jg.tcl'

Any disclosure about the Cadence Design Systems software or its use
model to any third party violates the written Non-Disclosure Agreement
between Cadence Design Systems, Inc. and the customer.

THIS SOFTWARE CONTAINS CONFIDENTIAL INFORMATION AND TRADE SECRETS OF
CADENCE DESIGN SYSTEMS, INC. USE, DISCLOSURE, OR REPRODUCTION IS
PROHIBITED WITHOUT THE PRIOR EXPRESS WRITTEN PERMISSION OF CADENCE
DESIGN SYSTEMS, INC.

Copyright (C) 2000-2023 Cadence Design Systems, Inc. All Rights
Reserved.  Unpublished -- rights reserved under the copyright laws of
the United States.

This product includes software developed by others and redistributed
according to license agreement. See doc/third_party_readme.txt for
further details.

RESTRICTED RIGHTS LEGEND

Use, duplication, or disclosure by the Government is subject to
restrictions as set forth in subparagraph (c) (1) (ii) of the Rights in
Technical Data and Computer Software clause at DFARS 252.227-7013 or
subparagraphs (c) (1) and (2) of Commercial Computer Software -- Restricted
Rights at 48 CFR 52.227-19, as applicable.


                          Cadence Design Systems, Inc.
                          2655 Seely Avenue
                          San Jose, CA 95134
                          Phone: 408.943.1234

For technical assistance visit http://support.cadence.com.

Jasper Apps Analysis Session - /RAID2/COURSE/2026_Spring/iclab/iclab062/Lab07_2026/Exercise/05_JG/jgproject/sessionLogs/session_0

WARNING (WG017): [session]: The system's locale is "ANSI_X3.4-1968", which is not UTF-8. Non-ASCII characters might not be handled correctly.
WARNING (WG017): [jg_console]: The system's locale is "ANSI_X3.4-1968", which is not UTF-8. Non-ASCII characters might not be handled correctly.
INFO: successfully checked out licenses "jasper_interactive" and "jasper_dao".
INFO: reading configuration file "/RAID2/COURSE/2026_Spring/iclab/iclab062/.config/cadence/jasper.conf".
% check_cdc -init
% clear -all
INFO (IPF121): Cleared environment completely for new design analysis.
% 
% ## --------------- Environment Setting ---------------- ##
% set_schematic_viewer_simplify_concatenations on
% set_reset_max_iterations 2000
% 
% ## ----------------- Setting Variables ---------------- ##
% set design_path "../01_RTL"
../01_RTL
% set mem_path "../04_MEM"
../04_MEM
% set report_dir "./Report"
./Report
% set DESIGN "HARVESTER_TOP"
HARVESTER_TOP
% set MEM "DUAL_64X32X1BM1"
DUAL_64X32X1BM1
% 
% ## ------------- Loading Custom Rule File ------------- ##
% 
% ## --------------- Analyzing the Design --------------- ##
% analyze -sv ${mem_path}/$MEM\.v
[-- (VERI-1482)] Analyzing Verilog file '/usr/cad/cadence/JASPER/jasper_2023.09p001/lib/verilog/packages/std/std.sv' into library 'std'
[-- (VERI-1482)] Analyzing Verilog file '../04_MEM/DUAL_64X32X1BM1.v'
% analyze -sv ${design_path}/$DESIGN\.v 
[-- (VERI-1482)] Analyzing Verilog file '../01_RTL/HARVESTER_TOP.v'
[INFO (VERI-1328)] ../01_RTL/HARVESTER_TOP.v(14): analyzing included file '../01_RTL/DESIGN_module.v'
[WARN (VERI-2013)] ../01_RTL/DESIGN_module.v(1045): variable 'is_grant' must explicitly be declared as automatic or static
[WARN (VERI-2013)] ../01_RTL/DESIGN_module.v(1046): variable 'is_retire' must explicitly be declared as automatic or static
[INFO (VERI-1328)] ../01_RTL/HARVESTER_TOP.v(15): analyzing included file '../01_RTL/synchronizer/Handshake_syn.v'
[INFO (VERI-1328)] ../01_RTL/HARVESTER_TOP.v(16): analyzing included file '../01_RTL/synchronizer/FIFO_syn.v'
[INFO (VERI-1328)] ../01_RTL/HARVESTER_TOP.v(17): analyzing included file '../01_RTL/synchronizer/NDFF_syn.v'
[INFO (VERI-1328)] ../01_RTL/HARVESTER_TOP.v(18): analyzing included file '../01_RTL/synchronizer/NDFF_BUS_syn.v'
% 
% ## ----------------- Reading Liberty ------------------ ##
% liberty -load ${mem_path}/$MEM\_WC.lib 
INFO (ILIB001): Finished reading library DUAL_64X32X1BM1_WC. Extracted 1 cells from it.
WARNING (WLIB008): Missing primary power pin in cell "DUAL_64X32X1BM1".
WARNING (WLIB009): Missing primary ground pin in cell "DUAL_64X32X1BM1".
% 
% ## -------------- Elaborating the design -------------- ##
% elaborate -top $DESIGN 
INFO (ILIB002): Liberty cell "DUAL_64X32X1BM1" from file "/RAID2/COURSE/2026_Spring/iclab/iclab062/Lab07_2026/Exercise/04_MEM/DUAL_64X32X1BM1_WC.lib" will be used during elaboration.
[-- (VERI-1482)] Analyzing Verilog file '/RAID2/COURSE/2026_Spring/iclab/iclab062/Lab07_2026/Exercise/05_JG/jgproject/sessionLogs/session_0/liberty/jg_liberty_module_DUAL_64X32X1BM1_WC1' into library 'DUAL_64X32X1BM1_WC'
INFO (ISW003): Top module name is "HARVESTER_TOP".
[INFO (HIER-8002)] ../01_RTL/HARVESTER_TOP.v(302): Disabling old hierarchical reference handler
[WARN (VERI-1927)] ../01_RTL/synchronizer/FIFO_syn.v(608): port 'DOA0' remains unconnected for this instance
[INFO (VERI-1018)] ../01_RTL/DESIGN_module.v(2): compiling module 'CLK_1_MODULE'
[WARN (VERI-1209)] ../01_RTL/DESIGN_module.v(65): expression size 32 truncated to fit in target size 3
[WARN (VERI-9005)] ../01_RTL/DESIGN_module.v(88): 3-bit index expression 'cnt' is larger than the required 2 bits. This might lead to an out-of-bound access
[WARN (VERI-9005)] ../01_RTL/DESIGN_module.v(89): 3-bit index expression 'cnt' is larger than the required 2 bits. This might lead to an out-of-bound access
[WARN (VERI-9005)] ../01_RTL/DESIGN_module.v(117): 3-bit index expression 'hand_cnt' is larger than the required 2 bits. This might lead to an out-of-bound access
[WARN (VERI-9005)] ../01_RTL/DESIGN_module.v(117): 3-bit index expression 'hand_cnt' is larger than the required 2 bits. This might lead to an out-of-bound access
[WARN (VERI-1209)] ../01_RTL/DESIGN_module.v(118): expression size 32 truncated to fit in target size 3
[WARN (VERI-1209)] ../01_RTL/DESIGN_module.v(154): expression size 32 truncated to fit in target size 2
[INFO (VERI-1018)] ../01_RTL/synchronizer/NDFF_syn.v(2): compiling module 'NDFF_syn'
[INFO (VERI-1018)] ../01_RTL/synchronizer/Handshake_syn.v(93): compiling module 'Handshake_syn:(WIDTH=9)'
[INFO (VERI-1018)] ../01_RTL/synchronizer/NDFF_BUS_syn.v(1): compiling module 'NDFF_BUS_syn:(WIDTH=7)'
[INFO (VERI-1018)] ../04_MEM/DUAL_64X32X1BM1.v(64): compiling module 'DUAL_64X32X1BM1'
[WARN (VERI-8004)] ../04_MEM/DUAL_64X32X1BM1.v(94): Using only the typical value of the min:typ:max expression
[WARN (VERI-8004)] ../04_MEM/DUAL_64X32X1BM1.v(95): Using only the typical value of the min:typ:max expression
[WARN (VERI-8004)] ../04_MEM/DUAL_64X32X1BM1.v(96): Using only the typical value of the min:typ:max expression
[WARN (VERI-8004)] ../04_MEM/DUAL_64X32X1BM1.v(1198): Using only the typical value of the min:typ:max expression
[WARN (VERI-8004)] ../04_MEM/DUAL_64X32X1BM1.v(1199): Using only the typical value of the min:typ:max expression
[WARN (VERI-8004)] ../04_MEM/DUAL_64X32X1BM1.v(1200): Using only the typical value of the min:typ:max expression
[WARN (VERI-8004)] ../04_MEM/DUAL_64X32X1BM1.v(1201): Using only the typical value of the min:typ:max expression
[WARN (VERI-8004)] ../04_MEM/DUAL_64X32X1BM1.v(1202): Using only the typical value of the min:typ:max expression
[WARN (VERI-8004)] ../04_MEM/DUAL_64X32X1BM1.v(1203): Using only the typical value of the min:typ:max expression
[WARN (VERI-8004)] ../04_MEM/DUAL_64X32X1BM1.v(1204): Using only the typical value of the min:typ:max expression
[WARN (VERI-8004)] ../04_MEM/DUAL_64X32X1BM1.v(1205): Using only the typical value of the min:typ:max expression
[WARN (VERI-8004)] ../04_MEM/DUAL_64X32X1BM1.v(1206): Using only the typical value of the min:typ:max expression
[WARN (VERI-8004)] ../04_MEM/DUAL_64X32X1BM1.v(1207): Using only the typical value of the min:typ:max expression
[WARN (VERI-8004)] ../04_MEM/DUAL_64X32X1BM1.v(1208): Using only the typical value of the min:typ:max expression
[WARN (VERI-8004)] ../04_MEM/DUAL_64X32X1BM1.v(1209): Using only the typical value of the min:typ:max expression
[WARN (VERI-8004)] ../04_MEM/DUAL_64X32X1BM1.v(1210): Using only the typical value of the min:typ:max expression
[WARN (VERI-8004)] ../04_MEM/DUAL_64X32X1BM1.v(1211): Using only the typical value of the min:typ:max expression
[WARN (VERI-1060)] ../04_MEM/DUAL_64X32X1BM1.v(476): 'initial' construct is ignored
[WARN (VERI-1221)] ../04_MEM/DUAL_64X32X1BM1.v(480): 'LastClkAEdge' should be on the sensitivity list
[WARN (VERI-1221)] ../04_MEM/DUAL_64X32X1BM1.v(483): 'latch_last_A' should be on the sensitivity list
[WARN (VERI-1221)] ../04_MEM/DUAL_64X32X1BM1.v(484): 'latch_last_DIA' should be on the sensitivity list
[WARN (VERI-1142)] ../04_MEM/DUAL_64X32X1BM1.v(1171): system task 'display' is ignored for synthesis
[WARN (VERI-1142)] ../04_MEM/DUAL_64X32X1BM1.v(1170): system task 'display' is ignored for synthesis
[WARN (VERI-1142)] ../04_MEM/DUAL_64X32X1BM1.v(1185): system task 'display' is ignored for synthesis
[WARN (VERI-1141)] ../04_MEM/DUAL_64X32X1BM1.v(851): system function call 'time' is not supported
[WARN (VERI-1142)] ../04_MEM/DUAL_64X32X1BM1.v(1169): system task 'display' is ignored for synthesis
[WARN (VERI-1029)] ../04_MEM/DUAL_64X32X1BM1.v(861): event trigger is ignored
[WARN (VERI-1141)] ../04_MEM/DUAL_64X32X1BM1.v(885): system function call 'time' is not supported
[WARN (VERI-1141)] ../04_MEM/DUAL_64X32X1BM1.v(892): system function call 'time' is not supported
[WARN (VERI-1142)] ../04_MEM/DUAL_64X32X1BM1.v(1172): system task 'display' is ignored for synthesis
[WARN (VERI-1029)] ../04_MEM/DUAL_64X32X1BM1.v(905): event trigger is ignored
[WARN (VERI-1029)] ../04_MEM/DUAL_64X32X1BM1.v(910): event trigger is ignored
[WARN (VERI-1017)] ../04_MEM/DUAL_64X32X1BM1.v(927): case condition never applies due to comparison with 'x' or 'z'
[WARN (VERI-1017)] ../04_MEM/DUAL_64X32X1BM1.v(933): case condition never applies due to comparison with 'x' or 'z'
[WARN (VERI-1017)] ../04_MEM/DUAL_64X32X1BM1.v(934): case condition never applies due to comparison with 'x' or 'z'
[WARN (VERI-1017)] ../04_MEM/DUAL_64X32X1BM1.v(935): case condition never applies due to comparison with 'x' or 'z'
[WARN (VERI-1221)] ../04_MEM/DUAL_64X32X1BM1.v(488): 'CSA_' should be on the sensitivity list
[WARN (VERI-1141)] ../04_MEM/DUAL_64X32X1BM1.v(488): system function call 'time' is not supported
[WARN (VERI-1221)] ../04_MEM/DUAL_64X32X1BM1.v(489): 'A_' should be on the sensitivity list
[WARN (VERI-1221)] ../04_MEM/DUAL_64X32X1BM1.v(490): 'DIA_' should be on the sensitivity list
[WARN (VERI-1017)] ../04_MEM/DUAL_64X32X1BM1.v(492): case condition never applies due to comparison with 'x' or 'z'
[WARN (VERI-1221)] ../04_MEM/DUAL_64X32X1BM1.v(510): 'LastClkBEdge' should be on the sensitivity list
[WARN (VERI-1221)] ../04_MEM/DUAL_64X32X1BM1.v(513): 'latch_last_B' should be on the sensitivity list
[WARN (VERI-1221)] ../04_MEM/DUAL_64X32X1BM1.v(514): 'latch_last_DIB' should be on the sensitivity list
[WARN (VERI-1141)] ../04_MEM/DUAL_64X32X1BM1.v(965): system function call 'time' is not supported
[WARN (VERI-1029)] ../04_MEM/DUAL_64X32X1BM1.v(975): event trigger is ignored
[WARN (VERI-1141)] ../04_MEM/DUAL_64X32X1BM1.v(999): system function call 'time' is not supported
[WARN (VERI-1141)] ../04_MEM/DUAL_64X32X1BM1.v(1005): system function call 'time' is not supported
[WARN (VERI-1029)] ../04_MEM/DUAL_64X32X1BM1.v(1018): event trigger is ignored
[WARN (VERI-1029)] ../04_MEM/DUAL_64X32X1BM1.v(1023): event trigger is ignored
[WARN (VERI-1017)] ../04_MEM/DUAL_64X32X1BM1.v(1040): case condition never applies due to comparison with 'x' or 'z'
[WARN (VERI-1017)] ../04_MEM/DUAL_64X32X1BM1.v(1046): case condition never applies due to comparison with 'x' or 'z'
[WARN (VERI-1017)] ../04_MEM/DUAL_64X32X1BM1.v(1047): case condition never applies due to comparison with 'x' or 'z'
[WARN (VERI-1017)] ../04_MEM/DUAL_64X32X1BM1.v(1048): case condition never applies due to comparison with 'x' or 'z'
[WARN (VERI-1221)] ../04_MEM/DUAL_64X32X1BM1.v(518): 'CSB_' should be on the sensitivity list
[WARN (VERI-1141)] ../04_MEM/DUAL_64X32X1BM1.v(518): system function call 'time' is not supported
[WARN (VERI-1221)] ../04_MEM/DUAL_64X32X1BM1.v(519): 'B_' should be on the sensitivity list
[WARN (VERI-1221)] ../04_MEM/DUAL_64X32X1BM1.v(520): 'DIB_' should be on the sensitivity list
[WARN (VERI-1017)] ../04_MEM/DUAL_64X32X1BM1.v(522): case condition never applies due to comparison with 'x' or 'z'
[WARN (VERI-1157)] ../04_MEM/DUAL_64X32X1BM1.v(638): use of events is not supported; event is ignored
[WARN (VERI-1221)] ../04_MEM/DUAL_64X32X1BM1.v(643): 'DOA_tmp' should be on the sensitivity list
[WARN (VDB-1000)] ../04_MEM/DUAL_64X32X1BM1.v(641): net 'NODELAYA' is constantly driven from multiple places
[WARN (VDB-1001)] ../04_MEM/DUAL_64X32X1BM1.v(586): found another driver here
[WARN (VDB-1001)] ../04_MEM/DUAL_64X32X1BM1.v(507): found another driver here
[WARN (VERI-1157)] ../04_MEM/DUAL_64X32X1BM1.v(646): use of events is not supported; event is ignored
[WARN (VERI-1221)] ../04_MEM/DUAL_64X32X1BM1.v(651): 'DOB_tmp' should be on the sensitivity list
[WARN (VDB-1000)] ../04_MEM/DUAL_64X32X1BM1.v(649): net 'NODELAYB' is constantly driven from multiple places
[WARN (VDB-1001)] ../04_MEM/DUAL_64X32X1BM1.v(635): found another driver here
[WARN (VDB-1001)] ../04_MEM/DUAL_64X32X1BM1.v(537): found another driver here
[WARN (VERI-9052)] ../04_MEM/DUAL_64X32X1BM1.v(1376): system timing check $period is ignored for synthesis
[WARN (VERI-9052)] ../04_MEM/DUAL_64X32X1BM1.v(1377): system timing check $width is ignored for synthesis
[WARN (VERI-9052)] ../04_MEM/DUAL_64X32X1BM1.v(1378): system timing check $width is ignored for synthesis
[WARN (VERI-9052)] ../04_MEM/DUAL_64X32X1BM1.v(1379): system timing check $period is ignored for synthesis
[WARN (VERI-9052)] ../04_MEM/DUAL_64X32X1BM1.v(1380): system timing check $width is ignored for synthesis
[WARN (VERI-9052)] ../04_MEM/DUAL_64X32X1BM1.v(1381): system timing check $width is ignored for synthesis
[WARN (VERI-1143)] ../04_MEM/DUAL_64X32X1BM1.v(1383): path declaration is ignored for synthesis
[WARN (VERI-1143)] ../04_MEM/DUAL_64X32X1BM1.v(1384): path declaration is ignored for synthesis
[WARN (VERI-1143)] ../04_MEM/DUAL_64X32X1BM1.v(1385): path declaration is ignored for synthesis
[WARN (VERI-1143)] ../04_MEM/DUAL_64X32X1BM1.v(1386): path declaration is ignored for synthesis
[WARN (VERI-1143)] ../04_MEM/DUAL_64X32X1BM1.v(1387): path declaration is ignored for synthesis
[WARN (VERI-1143)] ../04_MEM/DUAL_64X32X1BM1.v(1388): path declaration is ignored for synthesis
[WARN (VERI-1143)] ../04_MEM/DUAL_64X32X1BM1.v(1389): path declaration is ignored for synthesis
[WARN (VERI-1143)] ../04_MEM/DUAL_64X32X1BM1.v(1390): path declaration is ignored for synthesis
[WARN (VERI-1143)] ../04_MEM/DUAL_64X32X1BM1.v(1391): path declaration is ignored for synthesis
[WARN (VERI-1143)] ../04_MEM/DUAL_64X32X1BM1.v(1392): path declaration is ignored for synthesis
[WARN (VERI-1143)] ../04_MEM/DUAL_64X32X1BM1.v(1393): path declaration is ignored for synthesis
[WARN (VERI-1143)] ../04_MEM/DUAL_64X32X1BM1.v(1394): path declaration is ignored for synthesis
[WARN (VERI-1143)] ../04_MEM/DUAL_64X32X1BM1.v(1395): path declaration is ignored for synthesis
[WARN (VERI-1143)] ../04_MEM/DUAL_64X32X1BM1.v(1396): path declaration is ignored for synthesis
[WARN (VERI-1143)] ../04_MEM/DUAL_64X32X1BM1.v(1397): path declaration is ignored for synthesis
[WARN (VERI-1143)] ../04_MEM/DUAL_64X32X1BM1.v(1398): path declaration is ignored for synthesis
[WARN (VERI-1143)] ../04_MEM/DUAL_64X32X1BM1.v(1399): path declaration is ignored for synthesis
[WARN (VERI-1143)] ../04_MEM/DUAL_64X32X1BM1.v(1400): path declaration is ignored for synthesis
[WARN (VERI-1143)] ../04_MEM/DUAL_64X32X1BM1.v(1401): path declaration is ignored for synthesis
[WARN (VERI-1143)] ../04_MEM/DUAL_64X32X1BM1.v(1402): path declaration is ignored for synthesis
[WARN (VERI-1143)] ../04_MEM/DUAL_64X32X1BM1.v(1403): path declaration is ignored for synthesis
[WARN (VERI-1143)] ../04_MEM/DUAL_64X32X1BM1.v(1404): path declaration is ignored for synthesis
[WARN (VERI-1143)] ../04_MEM/DUAL_64X32X1BM1.v(1405): path declaration is ignored for synthesis
[WARN (VERI-1143)] ../04_MEM/DUAL_64X32X1BM1.v(1406): path declaration is ignored for synthesis
[WARN (VERI-1143)] ../04_MEM/DUAL_64X32X1BM1.v(1407): path declaration is ignored for synthesis
[WARN (VERI-1143)] ../04_MEM/DUAL_64X32X1BM1.v(1408): path declaration is ignored for synthesis
[WARN (VERI-1143)] ../04_MEM/DUAL_64X32X1BM1.v(1409): path declaration is ignored for synthesis
[WARN (VERI-1143)] ../04_MEM/DUAL_64X32X1BM1.v(1410): path declaration is ignored for synthesis
[WARN (VERI-1143)] ../04_MEM/DUAL_64X32X1BM1.v(1411): path declaration is ignored for synthesis
[WARN (VERI-1143)] ../04_MEM/DUAL_64X32X1BM1.v(1412): path declaration is ignored for synthesis
[WARN (VERI-1143)] ../04_MEM/DUAL_64X32X1BM1.v(1413): path declaration is ignored for synthesis
[WARN (VERI-1143)] ../04_MEM/DUAL_64X32X1BM1.v(1414): path declaration is ignored for synthesis
[WARN (VERI-1143)] ../04_MEM/DUAL_64X32X1BM1.v(1415): path declaration is ignored for synthesis
[WARN (VERI-1143)] ../04_MEM/DUAL_64X32X1BM1.v(1416): path declaration is ignored for synthesis
[WARN (VERI-1143)] ../04_MEM/DUAL_64X32X1BM1.v(1417): path declaration is ignored for synthesis
[WARN (VERI-1143)] ../04_MEM/DUAL_64X32X1BM1.v(1418): path declaration is ignored for synthesis
[WARN (VERI-1143)] ../04_MEM/DUAL_64X32X1BM1.v(1419): path declaration is ignored for synthesis
[WARN (VERI-1143)] ../04_MEM/DUAL_64X32X1BM1.v(1420): path declaration is ignored for synthesis
[WARN (VERI-1143)] ../04_MEM/DUAL_64X32X1BM1.v(1421): path declaration is ignored for synthesis
[WARN (VERI-1143)] ../04_MEM/DUAL_64X32X1BM1.v(1422): path declaration is ignored for synthesis
[WARN (VERI-1143)] ../04_MEM/DUAL_64X32X1BM1.v(1423): path declaration is ignored for synthesis
[WARN (VERI-1143)] ../04_MEM/DUAL_64X32X1BM1.v(1424): path declaration is ignored for synthesis
[WARN (VERI-1143)] ../04_MEM/DUAL_64X32X1BM1.v(1425): path declaration is ignored for synthesis
[WARN (VERI-1143)] ../04_MEM/DUAL_64X32X1BM1.v(1426): path declaration is ignored for synthesis
[WARN (VERI-1143)] ../04_MEM/DUAL_64X32X1BM1.v(1427): path declaration is ignored for synthesis
[WARN (VERI-1143)] ../04_MEM/DUAL_64X32X1BM1.v(1428): path declaration is ignored for synthesis
[WARN (VERI-1143)] ../04_MEM/DUAL_64X32X1BM1.v(1429): path declaration is ignored for synthesis
[WARN (VERI-1143)] ../04_MEM/DUAL_64X32X1BM1.v(1430): path declaration is ignored for synthesis
[WARN (VERI-1143)] ../04_MEM/DUAL_64X32X1BM1.v(1431): path declaration is ignored for synthesis
[WARN (VERI-1143)] ../04_MEM/DUAL_64X32X1BM1.v(1432): path declaration is ignored for synthesis
[WARN (VERI-1143)] ../04_MEM/DUAL_64X32X1BM1.v(1433): path declaration is ignored for synthesis
[WARN (VERI-1143)] ../04_MEM/DUAL_64X32X1BM1.v(1434): path declaration is ignored for synthesis
[WARN (VERI-1143)] ../04_MEM/DUAL_64X32X1BM1.v(1435): path declaration is ignored for synthesis
[WARN (VERI-1143)] ../04_MEM/DUAL_64X32X1BM1.v(1436): path declaration is ignored for synthesis
[WARN (VERI-1143)] ../04_MEM/DUAL_64X32X1BM1.v(1437): path declaration is ignored for synthesis
[WARN (VERI-1143)] ../04_MEM/DUAL_64X32X1BM1.v(1438): path declaration is ignored for synthesis
[WARN (VERI-1143)] ../04_MEM/DUAL_64X32X1BM1.v(1439): path declaration is ignored for synthesis
[WARN (VERI-1143)] ../04_MEM/DUAL_64X32X1BM1.v(1440): path declaration is ignored for synthesis
[WARN (VERI-1143)] ../04_MEM/DUAL_64X32X1BM1.v(1441): path declaration is ignored for synthesis
[WARN (VERI-1143)] ../04_MEM/DUAL_64X32X1BM1.v(1442): path declaration is ignored for synthesis
[WARN (VERI-1143)] ../04_MEM/DUAL_64X32X1BM1.v(1443): path declaration is ignored for synthesis
[WARN (VERI-1143)] ../04_MEM/DUAL_64X32X1BM1.v(1444): path declaration is ignored for synthesis
[WARN (VERI-1143)] ../04_MEM/DUAL_64X32X1BM1.v(1445): path declaration is ignored for synthesis
[WARN (VERI-1143)] ../04_MEM/DUAL_64X32X1BM1.v(1446): path declaration is ignored for synthesis
[WARN (VERI-1143)] ../04_MEM/DUAL_64X32X1BM1.v(1449): path declaration is ignored for synthesis
[WARN (VERI-1143)] ../04_MEM/DUAL_64X32X1BM1.v(1450): path declaration is ignored for synthesis
[WARN (VERI-1143)] ../04_MEM/DUAL_64X32X1BM1.v(1451): path declaration is ignored for synthesis
[WARN (VERI-1143)] ../04_MEM/DUAL_64X32X1BM1.v(1452): path declaration is ignored for synthesis
[WARN (VERI-1143)] ../04_MEM/DUAL_64X32X1BM1.v(1453): path declaration is ignored for synthesis
[WARN (VERI-1143)] ../04_MEM/DUAL_64X32X1BM1.v(1454): path declaration is ignored for synthesis
[WARN (VERI-1143)] ../04_MEM/DUAL_64X32X1BM1.v(1455): path declaration is ignored for synthesis
[WARN (VERI-1143)] ../04_MEM/DUAL_64X32X1BM1.v(1456): path declaration is ignored for synthesis
[WARN (VERI-1143)] ../04_MEM/DUAL_64X32X1BM1.v(1457): path declaration is ignored for synthesis
[WARN (VERI-1143)] ../04_MEM/DUAL_64X32X1BM1.v(1458): path declaration is ignored for synthesis
[WARN (VERI-1143)] ../04_MEM/DUAL_64X32X1BM1.v(1459): path declaration is ignored for synthesis
[WARN (VERI-1143)] ../04_MEM/DUAL_64X32X1BM1.v(1460): path declaration is ignored for synthesis
[WARN (VERI-1143)] ../04_MEM/DUAL_64X32X1BM1.v(1461): path declaration is ignored for synthesis
[WARN (VERI-1143)] ../04_MEM/DUAL_64X32X1BM1.v(1462): path declaration is ignored for synthesis
[WARN (VERI-1143)] ../04_MEM/DUAL_64X32X1BM1.v(1463): path declaration is ignored for synthesis
[WARN (VERI-1143)] ../04_MEM/DUAL_64X32X1BM1.v(1464): path declaration is ignored for synthesis
[WARN (VERI-1143)] ../04_MEM/DUAL_64X32X1BM1.v(1465): path declaration is ignored for synthesis
[WARN (VERI-1143)] ../04_MEM/DUAL_64X32X1BM1.v(1466): path declaration is ignored for synthesis
[WARN (VERI-1143)] ../04_MEM/DUAL_64X32X1BM1.v(1467): path declaration is ignored for synthesis
[WARN (VERI-1143)] ../04_MEM/DUAL_64X32X1BM1.v(1468): path declaration is ignored for synthesis
[WARN (VERI-1143)] ../04_MEM/DUAL_64X32X1BM1.v(1469): path declaration is ignored for synthesis
[WARN (VERI-1143)] ../04_MEM/DUAL_64X32X1BM1.v(1470): path declaration is ignored for synthesis
[WARN (VERI-1143)] ../04_MEM/DUAL_64X32X1BM1.v(1471): path declaration is ignored for synthesis
[WARN (VERI-1143)] ../04_MEM/DUAL_64X32X1BM1.v(1472): path declaration is ignored for synthesis
[WARN (VERI-1143)] ../04_MEM/DUAL_64X32X1BM1.v(1473): path declaration is ignored for synthesis
[WARN (VERI-1143)] ../04_MEM/DUAL_64X32X1BM1.v(1474): path declaration is ignored for synthesis
[WARN (VERI-1143)] ../04_MEM/DUAL_64X32X1BM1.v(1475): path declaration is ignored for synthesis
[WARN (VERI-1143)] ../04_MEM/DUAL_64X32X1BM1.v(1476): path declaration is ignored for synthesis
[WARN (VERI-1143)] ../04_MEM/DUAL_64X32X1BM1.v(1477): path declaration is ignored for synthesis
[WARN (VERI-1143)] ../04_MEM/DUAL_64X32X1BM1.v(1478): path declaration is ignored for synthesis
[WARN (VERI-1143)] ../04_MEM/DUAL_64X32X1BM1.v(1479): path declaration is ignored for synthesis
[WARN (VERI-1143)] ../04_MEM/DUAL_64X32X1BM1.v(1480): path declaration is ignored for synthesis
[WARN (VERI-1143)] ../04_MEM/DUAL_64X32X1BM1.v(1481): path declaration is ignored for synthesis
[WARN (VERI-1143)] ../04_MEM/DUAL_64X32X1BM1.v(1482): path declaration is ignored for synthesis
[WARN (VERI-1143)] ../04_MEM/DUAL_64X32X1BM1.v(1483): path declaration is ignored for synthesis
[WARN (VERI-1143)] ../04_MEM/DUAL_64X32X1BM1.v(1484): path declaration is ignored for synthesis
[WARN (VERI-1143)] ../04_MEM/DUAL_64X32X1BM1.v(1485): path declaration is ignored for synthesis
[WARN (VERI-1143)] ../04_MEM/DUAL_64X32X1BM1.v(1486): path declaration is ignored for synthesis
[WARN (VERI-1143)] ../04_MEM/DUAL_64X32X1BM1.v(1487): path declaration is ignored for synthesis
[WARN (VERI-1143)] ../04_MEM/DUAL_64X32X1BM1.v(1488): path declaration is ignored for synthesis
[WARN (VERI-1143)] ../04_MEM/DUAL_64X32X1BM1.v(1489): path declaration is ignored for synthesis
[WARN (VERI-1143)] ../04_MEM/DUAL_64X32X1BM1.v(1490): path declaration is ignored for synthesis
[WARN (VERI-1143)] ../04_MEM/DUAL_64X32X1BM1.v(1491): path declaration is ignored for synthesis
[WARN (VERI-1143)] ../04_MEM/DUAL_64X32X1BM1.v(1492): path declaration is ignored for synthesis
[WARN (VERI-1143)] ../04_MEM/DUAL_64X32X1BM1.v(1493): path declaration is ignored for synthesis
[WARN (VERI-1143)] ../04_MEM/DUAL_64X32X1BM1.v(1494): path declaration is ignored for synthesis
[WARN (VERI-1143)] ../04_MEM/DUAL_64X32X1BM1.v(1495): path declaration is ignored for synthesis
[WARN (VERI-1143)] ../04_MEM/DUAL_64X32X1BM1.v(1496): path declaration is ignored for synthesis
[WARN (VERI-1143)] ../04_MEM/DUAL_64X32X1BM1.v(1497): path declaration is ignored for synthesis
[WARN (VERI-1143)] ../04_MEM/DUAL_64X32X1BM1.v(1498): path declaration is ignored for synthesis
[WARN (VERI-1143)] ../04_MEM/DUAL_64X32X1BM1.v(1499): path declaration is ignored for synthesis
[WARN (VERI-1143)] ../04_MEM/DUAL_64X32X1BM1.v(1500): path declaration is ignored for synthesis
[WARN (VERI-1143)] ../04_MEM/DUAL_64X32X1BM1.v(1501): path declaration is ignored for synthesis
[WARN (VERI-1143)] ../04_MEM/DUAL_64X32X1BM1.v(1502): path declaration is ignored for synthesis
[WARN (VERI-1143)] ../04_MEM/DUAL_64X32X1BM1.v(1503): path declaration is ignored for synthesis
[WARN (VERI-1143)] ../04_MEM/DUAL_64X32X1BM1.v(1504): path declaration is ignored for synthesis
[WARN (VERI-1143)] ../04_MEM/DUAL_64X32X1BM1.v(1505): path declaration is ignored for synthesis
[WARN (VERI-1143)] ../04_MEM/DUAL_64X32X1BM1.v(1506): path declaration is ignored for synthesis
[WARN (VERI-1143)] ../04_MEM/DUAL_64X32X1BM1.v(1507): path declaration is ignored for synthesis
[WARN (VERI-1143)] ../04_MEM/DUAL_64X32X1BM1.v(1508): path declaration is ignored for synthesis
[WARN (VERI-1143)] ../04_MEM/DUAL_64X32X1BM1.v(1509): path declaration is ignored for synthesis
[WARN (VERI-1143)] ../04_MEM/DUAL_64X32X1BM1.v(1510): path declaration is ignored for synthesis
[WARN (VERI-1143)] ../04_MEM/DUAL_64X32X1BM1.v(1511): path declaration is ignored for synthesis
[WARN (VERI-1143)] ../04_MEM/DUAL_64X32X1BM1.v(1512): path declaration is ignored for synthesis
[WARN (VDB-1000)] ../04_MEM/DUAL_64X32X1BM1.v(586): net 'Memory[63][31]' is constantly driven from multiple places
[INFO (VERI-1018)] ../01_RTL/synchronizer/FIFO_syn.v(391): compiling module 'FIFO_syn'
[WARN (VERI-8028)] ../01_RTL/synchronizer/FIFO_syn.v(489): missing/open ports on instance u_dual_sram of module DUAL_64X32X1BM1
[WARN (VDB-1013)] ../01_RTL/synchronizer/FIFO_syn.v(608): input port 'DIB0' is not connected on this instance
[INFO (VERI-1018)] ../01_RTL/DESIGN_module.v(225): compiling module 'CLK_2_MODULE'
[WARN (VERI-9005)] ../01_RTL/DESIGN_module.v(356): 32-bit index expression '(stack_push - 1)' is larger than the required 3 bits. This might lead to an out-of-bound access
[WARN (VERI-9005)] ../01_RTL/DESIGN_module.v(358): 32-bit index expression '(stack_push - 1)' is larger than the required 3 bits. This might lead to an out-of-bound access
[WARN (VERI-9005)] ../01_RTL/DESIGN_module.v(413): 32-bit index expression '(stack_push - 1)' is larger than the required 3 bits. This might lead to an out-of-bound access
[WARN (VERI-9005)] ../01_RTL/DESIGN_module.v(423): 32-bit index expression '(stack_push - 1)' is larger than the required 3 bits. This might lead to an out-of-bound access
[WARN (VERI-1209)] ../01_RTL/DESIGN_module.v(442): expression size 32 truncated to fit in target size 7
[WARN (VERI-1209)] ../01_RTL/DESIGN_module.v(443): expression size 32 truncated to fit in target size 7
[WARN (VERI-1209)] ../01_RTL/DESIGN_module.v(459): expression size 32 truncated to fit in target size 2
[WARN (VERI-1209)] ../01_RTL/DESIGN_module.v(483): expression size 32 truncated to fit in target size 7
[WARN (VERI-1209)] ../01_RTL/DESIGN_module.v(494): expression size 32 truncated to fit in target size 7
[WARN (VERI-1209)] ../01_RTL/DESIGN_module.v(525): expression size 32 truncated to fit in target size 3
[WARN (VERI-9005)] ../01_RTL/DESIGN_module.v(538): 3-bit index expression 'in_cnt' is larger than the required 2 bits. This might lead to an out-of-bound access
[WARN (VERI-9005)] ../01_RTL/DESIGN_module.v(539): 3-bit index expression 'in_cnt' is larger than the required 2 bits. This might lead to an out-of-bound access
[WARN (VERI-1209)] ../01_RTL/DESIGN_module.v(588): expression size 32 truncated to fit in target size 3
[WARN (VERI-1209)] ../01_RTL/DESIGN_module.v(597): expression size 32 truncated to fit in target size 11
[WARN (VERI-1209)] ../01_RTL/DESIGN_module.v(606): expression size 32 truncated to fit in target size 11
[WARN (VERI-1209)] ../01_RTL/DESIGN_module.v(610): expression size 32 truncated to fit in target size 11
[WARN (VERI-1209)] ../01_RTL/DESIGN_module.v(613): expression size 32 truncated to fit in target size 11
[WARN (VERI-1209)] ../01_RTL/DESIGN_module.v(616): expression size 32 truncated to fit in target size 3
[WARN (VERI-1209)] ../01_RTL/DESIGN_module.v(623): expression size 32 truncated to fit in target size 3
[WARN (VERI-9005)] ../01_RTL/DESIGN_module.v(629): 32-bit index expression '(stack_push - 1)' is larger than the required 3 bits. This might lead to an out-of-bound access
[WARN (VERI-9005)] ../01_RTL/DESIGN_module.v(630): 32-bit index expression '(stack_push - 1)' is larger than the required 3 bits. This might lead to an out-of-bound access
[WARN (VERI-9005)] ../01_RTL/DESIGN_module.v(631): 32-bit index expression '(stack_push - 1)' is larger than the required 3 bits. This might lead to an out-of-bound access
[WARN (VERI-9005)] ../01_RTL/DESIGN_module.v(632): 32-bit index expression '(stack_push - 1)' is larger than the required 3 bits. This might lead to an out-of-bound access
[WARN (VERI-1209)] ../01_RTL/DESIGN_module.v(645): expression size 32 truncated to fit in target size 3
[WARN (VERI-1209)] ../01_RTL/DESIGN_module.v(657): expression size 32 truncated to fit in target size 2
[WARN (VERI-9005)] ../01_RTL/DESIGN_module.v(661): 32-bit index expression '(stack_push - 1)' is larger than the required 3 bits. This might lead to an out-of-bound access
[WARN (VERI-9005)] ../01_RTL/DESIGN_module.v(662): 32-bit index expression '(stack_push - 1)' is larger than the required 3 bits. This might lead to an out-of-bound access
[WARN (VERI-9005)] ../01_RTL/DESIGN_module.v(663): 32-bit index expression '(stack_push - 1)' is larger than the required 3 bits. This might lead to an out-of-bound access
[WARN (VERI-9005)] ../01_RTL/DESIGN_module.v(664): 32-bit index expression '(stack_push - 1)' is larger than the required 3 bits. This might lead to an out-of-bound access
[WARN (VERI-1209)] ../01_RTL/DESIGN_module.v(669): expression size 32 truncated to fit in target size 3
[WARN (VERI-9005)] ../01_RTL/DESIGN_module.v(711): 3-bit index expression 'out_cnt' is larger than the required 2 bits. This might lead to an out-of-bound access
[WARN (VERI-9005)] ../01_RTL/DESIGN_module.v(713): 3-bit index expression 'out_cnt' is larger than the required 2 bits. This might lead to an out-of-bound access
[WARN (VERI-1209)] ../01_RTL/DESIGN_module.v(721): expression size 32 truncated to fit in target size 3
[INFO (VERI-1018)] ../01_RTL/DESIGN_module.v(761): compiling module 'CLK_3_MODULE'
[WARN (VERI-1209)] ../01_RTL/DESIGN_module.v(864): expression size 32 truncated to fit in target size 2
[WARN (VERI-1209)] ../01_RTL/DESIGN_module.v(917): expression size 32 truncated to fit in target size 5
[WARN (VERI-1209)] ../01_RTL/DESIGN_module.v(972): expression size 32 truncated to fit in target size 5
[WARN (VERI-1209)] ../01_RTL/DESIGN_module.v(1013): expression size 32 truncated to fit in target size 5
[WARN (VERI-1209)] ../01_RTL/DESIGN_module.v(1017): expression size 32 truncated to fit in target size 5
[WARN (VERI-1209)] ../01_RTL/DESIGN_module.v(1071): expression size 32 truncated to fit in target size 4
[WARN (VERI-1209)] ../01_RTL/DESIGN_module.v(1072): expression size 32 truncated to fit in target size 4
[WARN (VERI-1209)] ../01_RTL/DESIGN_module.v(1122): expression size 32 truncated to fit in target size 3
[WARN (VERI-1209)] ../01_RTL/DESIGN_module.v(1125): expression size 32 truncated to fit in target size 3
[INFO (VERI-1018)] ../01_RTL/HARVESTER_TOP.v(20): compiling module 'HARVESTER_TOP'
INFO (INL208): Elaboration synthesis summary:
  Number of synthesized netlists          9 (0 packages)
  Single run mode                         On
  Pipeline                                On (9 pipelined netlists)
  Late hierarchical reference connection  On
  Number of analyzed Verilog modules      10 (9 synthesized)
  Number of analyzed VHDL entities        0 (0 synthesized)
WARNING (WNL018): ../01_RTL/DESIGN_module.v(346): multiplication operator mult_32u_32u (size 64) automatically black boxed.
    Use the "elaborate -bbox_mul" command to prevent automatic black-boxing.
WARNING (WNL018): ../01_RTL/DESIGN_module.v(367): multiplication operator mult_64s_64s (size 128) automatically black boxed.
    Use the "elaborate -bbox_mul" command to prevent automatic black-boxing.
INFO (INL003): Clearing all state information (assumes, stopats, and so forth).
INFO (IMDS005): Number of multiple-driven bits in design: 7254. Use "get_design_info -list multiple_driven" for more information.
HARVESTER_TOP
[<embedded>] % 
[<embedded>] % ## ---------------- Decalaring Resets ----------------- ##
[<embedded>] % config_rtlds -reset -async rst_n -polarity low  
[<embedded>] % 
[<embedded>] % ## ------------------- Reading SDC -------------------- ##
[<embedded>] % read_sdc $DESIGN\_SYN.sdc
WARNING (WCDC241): At least one SDC clock exceeded maximum factor 10 after normalization.
    The proportions of their periods cannot be kept among their factors.
INFO (ISDC001): SDC file "HARVESTER_TOP_SYN.sdc" was successfully processed. The CTE log file can be found at cte.log.
========================================================================================
                                Command Execution Report                                
========================================================================================
              command name              | successes | failures  |  ignored  |   total   
----------------------------------------------------------------------------------------
create_clock                            |     3     |     0     |     0     |     3     
get_clocks                              |    18     |     0     |     0     |    18     
get_ports                               |   1597    |     0     |     0     |   1597    
set_clock_groups                        |     1     |     0     |     0     |     1     
set_clock_transition                    |     0     |     0     |    12     |    12     
set_clock_uncertainty                   |     0     |     0     |     3     |     3     
set_input_delay                         |    156    |     0     |     0     |    156    
set_input_transition                    |     0     |     0     |    160    |    160    
set_load                                |     0     |     0     |    346    |    346    
set_max_capacitance                     |     0     |     0     |    80     |    80     
set_max_fanout                          |     0     |     0     |    80     |    80     
set_max_transition                      |     0     |     0     |    80     |    80     
set_output_delay                        |    692    |     0     |     0     |    692    
set_units                               |     0     |     0     |     1     |     1     
set_wire_load_mode                      |     0     |     0     |     1     |     1     
set_wire_load_model                     |     0     |     0     |     1     |     1     
----------------------------------------------------------------------------------------
[<embedded>] % 
[<embedded>] % ## --------------- Defining False Path ---------------- ##
[<embedded>] % 
[<embedded>] % ## ---------------- Defining Constants ---------------- ##
[<embedded>] % # config_rtlds -rule -parameter {fifo_detection = true}
[<embedded>] % # config_rtlds -rule -parameter {handshake_detection = true}
[<embedded>] % config_rtlds -rule -parameter  {ignore_convergence_from_complex_schemes = true}
[<embedded>] % 
[<embedded>] % ## ------------ Clock Association of Ports ------------ ##
[<embedded>] % 
[<embedded>] % ## --------------- Structural Analysis ---------------- ##
[<embedded>] % # Find Clock Domains
[<embedded>] % check_cdc -clock_domain -find
INFO (ICDC030): Only resets declared with the "config_rtlds -reset" command will be considered in the structural analysis.
INFO (ICDC019): 01:49:17 Creating Abstractions for Hierarchical Flow (step 1 of 1).
INFO (IRS029): Starting reset analysis: phase 1 of 4.
INFO (IRS030): Running reset analysis: phase 2 of 4.
INFO (IRS031): Running reset analysis: phase 3 of 4.
INFO (IRS020): Starting the reset analysis simulation with a limit of 2000 iterations (phase 4 of 4).
INFO (IRS024): Reset iterations 0 to 121 analyzed.
INFO (IRS018): Reset analysis simulation executed for 120 iterations. Assigned values for 3208 of 4522 design flops, 0 of 27106 design latches, 0 of 0 internal elements.
INFO (IRS039): Reset analysis complete.
INFO (ICDC019): 01:49:17 Detecting CDC units (step 1 of 1).
INFO (ICDC019): 01:49:17 Getting information from clock API (step 1 of 1).
INFO (ICDC019): 01:49:18 Finding design clocks (step 1 of 1).
INFO (ICDC019): 01:49:18 Add flop units (step 1 of 1).
INFO (ICDC019): 01:49:18 Apply clock sense (step 1 of 1).
INFO (ICDC019): 01:49:18 Building CDC unit graph (step 1 of 1).
INFO (IGPH001): Filtering Graph (10% completed).
INFO (IGPH001): Filtering Graph (20% completed).
INFO (IGPH001): Filtering Graph (30% completed).
INFO (IGPH001): Filtering Graph (40% completed).
INFO (IGPH001): Filtering Graph (50% completed).
INFO (IGPH001): Filtering Graph (60% completed).
INFO (IGPH001): Filtering Graph (70% completed).
INFO (IGPH001): Filtering Graph (80% completed).
INFO (IGPH001): Filtering Graph (90% completed).
INFO (IGPH001): Filtering Graph (100% completed).
INFO (ICDC019): 01:49:18 Adding parent relationships for abstracted clocks (step 1 of 1).
INFO (ICDC019): 01:49:18 Building design clock tree (step 1 of 1).
INFO (ICDC019): 01:49:18 Update units status (step 1 of 1).
INFO (ICDC019): 01:49:18 Update Clock domains status (step 1 of 1).
INFO (ICDC019): 01:49:18 Add clock related violations (step 1 of 1).
INFO (ICDC019): 01:49:18 Add integration violations (step 1 of 1).
INFO (ICDC019): 01:49:19 Adding Hierarchy Waiver (step 1 of 1).
Clock Domains Found: 3
3
[<embedded>] % # Find CDC pairs
[<embedded>] % check_cdc -pair -find
INFO (ICDC020): 01:49:19 CDC Pairs Detection (10% completed).
INFO (ICDC020): 01:49:19 CDC Pairs Detection (20% completed).
INFO (ICDC020): 01:49:19 CDC Pairs Detection (30% completed).
INFO (ICDC020): 01:49:19 CDC Pairs Detection (40% completed).
INFO (ICDC020): 01:49:19 CDC Pairs Detection (50% completed).
INFO (ICDC020): 01:49:19 CDC Pairs Detection (60% completed).
INFO (ICDC020): 01:49:19 CDC Pairs Detection (70% completed).
INFO (ICDC020): 01:49:19 CDC Pairs Detection (80% completed).
INFO (ICDC020): 01:49:19 CDC Pairs Detection (90% completed).
INFO (ICDC020): 01:49:19 CDC Pairs Detection (100% completed).
INFO (IGPH001): Filtering Graph (70% completed).
INFO (IGPH001): Filtering Graph (100% completed).
CDC Pairs Found: 74
74
[<embedded>] % # Find Schemes
[<embedded>] % check_cdc -scheme -add handshake -module Handshake_syn -map {{data din} {sreq sreq} {dreq dreq} {dack dack} {sack sack}}
Handshake_syn.din
[<embedded>] % check_cdc -scheme -add fifo -module FIFO_syn -map {{rdata rdata} {wdata wdata} {wptr wptr} {rptr rptr} {wfull wfull} {rempty rempty} {winc winc} {rinc rinc}}
FIFO_syn.rdata
[<embedded>] % check_cdc -scheme -find
INFO (ICDC019): 01:49:19 Finding user-defined schemes (step 1 of 3).
INFO (ICDC019): 01:49:19 Finding external synchronizers (step 2 of 3).
INFO (ICDC019): 01:49:19 Finding automatic schemes (step 3 of 3).
INFO (ICDC019): 01:49:19   Finding FIFO schemes (step 1 of 7).
INFO (ICDC019): 01:49:19   Finding Pulse And Edge schemes (step 2 of 7).
INFO (ICDC019): 01:49:19     Pulse and Edge schemes detection (step 1 of 2).
INFO (ICDC019): 01:49:19     Pulse and Edge schemes detection (step 2 of 2).
INFO (ICDC019): 01:49:19   Finding NDFF with 'allow control neighbor' false and 'allow fanout' false (step 3 of 7).
INFO (ICDC019): 01:49:19   Finding Composite schemes (step 4 of 7).
INFO (ICDC019): 01:49:19     Finding Handshake schemes (step 1 of 5).
INFO (ICDC019): 01:49:19     Finding Glitch Protector schemes (step 2 of 5).
INFO (ICDC019): 01:49:19     Finding Mux schemes (step 3 of 5).
INFO (ICDC019): 01:49:19     Finding Sync Enabler schemes (step 4 of 5).
INFO (ICDC019): 01:49:19     Finding Aggressive Control Sync schemes (step 5 of 5).
INFO (ICDC019): 01:49:19   Finding NDFF with 'allow control neighbor' true and 'allow fanout' true (step 7 of 7).
CDC Schemes Found: 4
4
[<embedded>] % # Find Convergence
[<embedded>] % check_cdc -group -find
INFO (ICDC019): 01:49:19 Finding convergences (step 1 of 3).
INFO (ICDC019): 01:49:19 Finding glitches (step 1 of 2).
INFO (ICDC020): 01:49:19   Glitches detection - Build Convergence Map (10% completed).
INFO (ICDC020): 01:49:19   Glitches detection - Build Convergence Map (20% completed).
INFO (ICDC020): 01:49:19   Glitches detection - Build Convergence Map (30% completed).
INFO (ICDC020): 01:49:19   Glitches detection - Build Convergence Map (40% completed).
INFO (ICDC020): 01:49:19   Glitches detection - Build Convergence Map (50% completed).
INFO (ICDC020): 01:49:19   Glitches detection - Build Convergence Map (60% completed).
INFO (ICDC020): 01:49:19   Glitches detection - Build Convergence Map (70% completed).
INFO (ICDC020): 01:49:19   Glitches detection - Build Convergence Map (80% completed).
INFO (ICDC020): 01:49:19   Glitches detection - Build Convergence Map (90% completed).
INFO (ICDC020): 01:49:19   Glitches detection - Build Convergence Map (100% completed).
CDC Convergences Found: 0
0
[<embedded>] % 
[<embedded>] % ## ------------------ Reset Analysis ------------------ ##
[<embedded>] % ## check_cdc -reset -find
[<embedded>] % 
[<embedded>] % ## ---------------- Functional Checks ----------------- ##
[<embedded>] % check_cdc -protocol_check -generate
WARNING (WRS035): The declared reset file does not initialize all flops/latches. Use the command "reset -sequence" or reset files that contain internal signals to avoid spurious counterexamples. If your reset file already contains internal signals use the switch "-include_internal" to reset internal flops/latches.
INFO (IRS021): Reset analysis using cached values. Assigned values for 3208 of 4522 design flops, 0 of 27106 design latches, 0 of 0 internal elements.
INFO (IRS039): Reset analysis complete.
CDC_u_FIFO_syn_output.rdata_no_write_on_full CDC_u_FIFO_syn_output.rdata_no_read_on_empty CDC_u_FIFO_syn_output.rdata_wptr_gray_coded CDC_u_FIFO_syn_output.rdata_rptr_gray_coded CDC_u_FIFO_syn_AR.rdata_no_write_on_full CDC_u_FIFO_syn_AR.rdata_no_read_on_empty CDC_u_FIFO_syn_AR.rdata_wptr_gray_coded CDC_u_FIFO_syn_AR.rdata_rptr_gray_coded CDC_u_FIFO_syn_R.rdata_no_write_on_full CDC_u_FIFO_syn_R.rdata_no_read_on_empty CDC_u_FIFO_syn_R.rdata_wptr_gray_coded CDC_u_FIFO_syn_R.rdata_rptr_gray_coded CDC_u_Handshake_syn.dreq_data_stable CDC_u_Handshake_syn.sack_data_stable CDC_u_Handshake_syn.din_src_req_hold CDC_u_Handshake_syn.din_src_new_req CDC_u_Handshake_syn.din_dest_ack_hold CDC_u_Handshake_syn.din_dest_new_ack CDC_u_Handshake_syn.din_data_stability_dest
[<embedded>] % check_cdc -protocol_check -prove
INFO (IPF127): Verbosity level: 6
INFO (IPF127): Using Proof Grid in local mode, with 1 licenses
INFO (IPF127): Trace generation: Keeping
INFO (IPF127): Engine C/G memory limit: 4096MB
INFO (IPF127): Using rule cdc_functional.
INFO (IPF127): (cdc_functional_plan) Using action: prove_action.
INFO (IPF036): Starting proof on task: "<CDC_scheme_properties>", 19 properties to prove with 0 already proven/unreachable
INFO (IRS026): Computing reset analysis for expressions.
INFO (IRS027): Finished computing reset analysis for expressions.
INFO (IPF031): Settings used for proof thread 0:
    orchestration                 = off
    time_limit                    = 86399s
    per_property_time_limit       = 1s * 10 ^ scan
    engine_mode                   = Hp Ht N B 
    proofgrid_per_engine_max_jobs = 1
    max engine jobs               = Hp Ht N B, total 4
    proofgrid_mode                = local
    proofgrid_restarts            = 10
INFO (ICK016): The clocks listed below were automatically declared as "-both_edges" by the tool as the fastest clock had already been declared as "-both_edges", or it is a slow clock that has activity on the negedge.
    For message help, type "help -message ICK016".
    clk1 clk2 clk3
0.0.PRE: A proof was found: No trace exists. [0.00 s]
INFO (IPF057): 0.0.PRE: The property "CDC_u_FIFO_syn_output.rdata_no_write_on_full" was proven in 0.00 s.
0.0.PRE: A proof was found: No trace exists. [0.00 s]
INFO (IPF057): 0.0.PRE: The property "CDC_u_FIFO_syn_output.rdata_no_read_on_empty" was proven in 0.00 s.
0.0.PRE: A proof was found: No trace exists. [0.00 s]
INFO (IPF057): 0.0.PRE: The property "CDC_u_FIFO_syn_AR.rdata_no_read_on_empty" was proven in 0.00 s.
0.0.PRE: A proof was found: No trace exists. [0.00 s]
INFO (IPF057): 0.0.PRE: The property "CDC_u_FIFO_syn_R.rdata_no_write_on_full" was proven in 0.00 s.
0.0.PRE: A proof was found: No trace exists. [0.00 s]
INFO (IPF057): 0.0.PRE: The property "CDC_u_FIFO_syn_R.rdata_no_read_on_empty" was proven in 0.00 s.
0: Found proofs for 5 properties in preprocessing
0: Using multistage preprocessing
0: Starting reduce
0: Finished reduce in 0.084s
0.0.PRE: Performing Proof Simplification...
0.0.Hp: clocks: 269, declared: 4, looping: 0, posedge: 4, negedge: 0, noedge: 265, bothedge: 0
0.0.Hp: Clocks that will never have a posedge: rst_n [vTrue], a8953, a8975, a8997, a10369, a15290, a21550, a23663, a23722, ~a9348, ~a9355, ~a9362, ~a9369, ~a9375, ~a9381, ~a9387, ~a9393, ~a9398, ~a9403, ~a9408, ~a9413, ~a9418, ~a9423, ~a9428, ~a9433, ~a9437, ~a9441, ~a9445, ~a9449, ~a9453, ~a9457, ~a9461, ~a9465, ~a9469, ~a9473, ~a9477, ~a9481, ~a9485, ~a9489, ~a9493, ~a9497, ~a9500, ~a9503, ~a9506, ~a9509, ~a9512, ~a9515, ~a9518, ~a9521, ~a9524, ~a9527, ~a9530, ~a9533, ~a9536, ~a9539, ~a9542, ~a9545, ~a9548, ~a9551, ~a9554, ~a9557, ~a9560, ~a9563, ~a9566, ~a9569, ~a9572, ~a9575, ~a9578, ~a9581, ~a9584, ~a9587, ~a9590, ~a9593, ~a10120, ~a10127, ~a10134, ~a10141, ~a10147, ~a10153, ~a10159, ~a10165, ~a10170, ~a10175, ~a10180, ~a10185, ~a10190, ~a10195, ~a10200, ~a10205, ~a10209, ~a10213, ~a10217, ~a10221, ~a10225, ~a10229, ~a10233, ~a10237, ~a10241, ~a10245, ~a10249, ~a10253, ~a10257, ~a10261, ~a10265, ~a10269, ~a10272, ~a10275, ~a10278, ~a10281, ~a10284, ~a10287, ~a10290, ~a10293, ~a10296, ~a10299, ~a10302, ~a10305, ~a10308, ~a10311, ~a10314, ~a10317, ~a10320, ~a10323, ~a10326, ~a10329, ~a10332, ~a10335, ~a10338, ~a10341, ~a10344, ~a10347, ~a10350, ~a10353, ~a10356, ~a10359, ~a10362, ~a10365, ~a10400, ~a10407, ~a10414, ~a10421, ~a10427, ~a10433, ~a10439, ~a10445, ~a10450, ~a10455, ~a10460, ~a10465, ~a10470, ~a10475, ~a10480, ~a10485, ~a10489, ~a10493, ~a10497, ~a10501, ~a10505, ~a10509, ~a10513, ~a10517, ~a10521, ~a10525, ~a10529, ~a10533, ~a10537, ~a10541, ~a10545, ~a10549, ~a10552, ~a10555, ~a10558, ~a10561, ~a10564, ~a10567, ~a10570, ~a10573, ~a10576, ~a10579, ~a10582, ~a10585, ~a10588, ~a10591, ~a10594, ~a10597, ~a10600, ~a10603, ~a10606, ~a10609, ~a10612, ~a10615, ~a10618, ~a10621, ~a10624, ~a10627, ~a10630, ~a10633, ~a10636, ~a10639, ~a10642, ~a10645, ~a10851, ~a10858, ~a10865, ~a10872, ~a10878, ~a10884, ~a10890, ~a10896, ~a10901, ~a10906, ~a10911, ~a10916, ~a10921, ~a10926, ~a10931, ~a10936, ~a10940, ~a10944, ~a10948, ~a10952, ~a10956, ~a10960, ~a10964, ~a10968, ~a10972, ~a10976, ~a10980, ~a10984, ~a10988, ~a10992, ~a10996, ~a11000, ~a11003, ~a11006, ~a11009, ~a11012, ~a11015, ~a11018, ~a11021, ~a11024, ~a11027, ~a11030, ~a11033, ~a11036, ~a11039, ~a11042, ~a11045, ~a11048, ~a11051, ~a11054, ~a11057, ~a11060, ~a11063, ~a11066, ~a11069, ~a11072, ~a11075, ~a11078, ~a11081, ~a11084, ~a11087, ~a11090, ~a11093, ~a11096, 
0.0.Hp: Proof Simplification Iteration 1	[0.00 s]
0.0.Hp: Proof Simplification Iteration 2	[0.02 s]
0.0.Hp: Proof Simplification Iteration 3	[0.03 s]
0.0.Hp: Proof Simplification Iteration 4	[0.03 s]
0.0.Hp: Proof Simplification Iteration 5	[0.04 s]
0.0.Hp: Proof Simplification Iteration 6	[0.05 s]
0.0.Hp: Proof Simplification Iteration 7	[0.06 s]
0.0.Hp: Proof Simplification Iteration 8	[0.07 s]
0.0.Hp: Proof Simplification Iteration 9	[0.08 s]
0.0.PRE: A proof was found: No trace exists. [0.00 s]
INFO (IPF057): 0.0.PRE: The property ":noDeadEnd" was proven in 0.00 s.
    Use check_assumptions -show -dead_end to show this property in the property table.
0.0.PRE: A proof was found: No trace exists. [0.00 s]
INFO (IPF057): 0.0.PRE: The property ":noConflict" was proven in 0.00 s.
    Use check_assumptions -show to show this property in the property table.
INFO (IPF047): 0.0.PRE: The cover property ":live" was covered in 1 cycles in 0.00 s.
    Use check_assumptions -show -live to show this property in the property table.
0.0.PRE: Proof Simplification completed in 0.18 s
0: About to start ProofGrid in its own thread with a limit of 10000 pending notifications and a limit of 10 traces.
0: =============================== ProofGrid start ===============================
0: ProofGrid usable level: 14
0: Initial ProofGrid level: 1
0: ProofGrid is starting event handling
0.0.N: Proofgrid shell started at 197847@ee28(local) jg_196751_ee28_1
0.0.B: Proofgrid shell started at 197848@ee28(local) jg_196751_ee28_1
0.0.Hp: Proofgrid shell started at 197845@ee28(local) jg_196751_ee28_1
0.0.Ht: Proofgrid shell started at 197846@ee28(local) jg_196751_ee28_1
0.0.Hp: clocks: 4, declared: 4, looping: 0, posedge: 4, negedge: 0, noedge: 0, bothedge: 0
0.0.B: clocks: 4, declared: 4, looping: 0, posedge: 4, negedge: 0, noedge: 0, bothedge: 0
0.0.N: clocks: 4, declared: 4, looping: 0, posedge: 4, negedge: 0, noedge: 0, bothedge: 0
0.0.B: Next scan (0) will use per property time limit: 1s * 10 ^ 0 = 1s
0.0.B: Starting proof for property "CDC_u_FIFO_syn_output.rdata_wptr_gray_coded"	[0.00 s].
0.0.N: Next scan (0) will use per property time limit: 1s * 10 ^ 0 = 1s
0.0.N: Starting proof for property "CDC_u_FIFO_syn_output.rdata_wptr_gray_coded"	[0.00 s].
0.0.Ht: clocks: 4, declared: 4, looping: 0, posedge: 4, negedge: 0, noedge: 0, bothedge: 0
0.0.N: Trace Attempt  1	[0.00 s]
0.0.N: Trace Attempt  2	[0.01 s]
0.0.B: Trace Attempt  1	[0.02 s]
0.0.Hp: A proof was found: No trace exists. [0.06 s]
INFO (IPF057): 0.0.Hp: The property "CDC_u_FIFO_syn_AR.rdata_no_write_on_full" was proven in 0.04 s.
0.0.N: Trace Attempt  2	[0.03 s]
0.0.N: Trace Attempt  3	[0.03 s]
0.0.N: Trace Attempt  4	[0.03 s]
0.0.Ht: Trace Attempt  1	[0.05 s]
0.0.Ht: Trace Attempt  2	[0.05 s]
0.0.Ht: Trace Attempt  3	[0.05 s]
0.0.Ht: Trace Attempt  4	[0.05 s]
0.0.Ht: Trace Attempt  5	[0.05 s]
0.0.N: Trace Attempt  4	[0.06 s]
0.0.B: Trace Attempt  2	[0.07 s]
0.0.N: Trace Attempt  5	[0.07 s]
0.0.B: Trace Attempt  3	[0.11 s]
0.0.B: Trace Attempt  4	[0.15 s]
0.0.B: Trace Attempt  5	[0.20 s]
0.0.N: Trace Attempt  1	[0.27 s]
0.0.N: Trace Attempt  2	[0.27 s]
0.0.N: Trace Attempt  3	[0.27 s]
0.0.N: Trace Attempt  4	[0.28 s]
0: ProofGrid usable level: 13
0.0.N: Trace Attempt 108	[0.99 s]
0.0.N: Per property time limit expired (1.00 s) [1.00 s]
0.0.N: Stopped processing property "CDC_u_FIFO_syn_output.rdata_wptr_gray_coded"	[1.01 s].
0.0.N: Starting proof for property "CDC_u_FIFO_syn_output.rdata_rptr_gray_coded"	[0.00 s].
0.0.N: Trace Attempt  1	[0.00 s]
0.0.N: Trace Attempt  2	[0.00 s]
0.0.N: Trace Attempt  2	[0.01 s]
0.0.N: Trace Attempt  3	[0.02 s]
0.0.N: Trace Attempt  4	[0.02 s]
0.0.N: Trace Attempt  4	[0.05 s]
0.0.N: Trace Attempt  5	[0.07 s]
0.0.B: Trace Attempt 16	[0.95 s]
0.0.B: Stopped processing property "CDC_u_FIFO_syn_output.rdata_wptr_gray_coded"	[1.07 s].
0.0.B: Starting proof for property "CDC_u_FIFO_syn_output.rdata_rptr_gray_coded"	[0.00 s].
0.0.B: Trace Attempt  1	[0.01 s]
0.0.B: Trace Attempt  2	[0.06 s]
0.0.B: Trace Attempt  3	[0.10 s]
0.0.B: Trace Attempt  4	[0.14 s]
0.0.B: Trace Attempt  5	[0.19 s]
0.0.N: Trace Attempt  1	[0.95 s]
0.0.N: Trace Attempt  2	[0.95 s]
0.0.N: Trace Attempt  3	[0.95 s]
0.0.N: Trace Attempt  4	[0.95 s]
0.0.N: Trace Attempt  5	[0.95 s]
0.0.N: Trace Attempt 12	[0.97 s]
0.0.N: Per property time limit expired (1.00 s) [1.00 s]
0.0.N: Stopped processing property "CDC_u_FIFO_syn_output.rdata_rptr_gray_coded"	[1.00 s].
0.0.N: Starting proof for property "CDC_u_FIFO_syn_AR.rdata_wptr_gray_coded"	[0.00 s].
0.0.N: Trace Attempt  1	[0.00 s]
0.0.N: Trace Attempt  2	[0.00 s]
0.0.N: Trace Attempt  2	[0.01 s]
0.0.N: Trace Attempt  3	[0.02 s]
0.0.N: Trace Attempt  4	[0.02 s]
0.0.N: Trace Attempt  4	[0.04 s]
0.0.B: Trace Attempt 17	[0.94 s]
0.0.B: Stopped processing property "CDC_u_FIFO_syn_output.rdata_rptr_gray_coded"	[0.98 s].
0.0.B: Starting proof for property "CDC_u_FIFO_syn_AR.rdata_wptr_gray_coded"	[0.00 s].
0.0.N: Trace Attempt  5	[0.05 s]
0.0.B: Trace Attempt  1	[0.01 s]
0.0.B: Trace Attempt  2	[0.06 s]
0.0.B: Trace Attempt  3	[0.13 s]
0.0.B: Trace Attempt  4	[0.18 s]
0.0.B: Trace Attempt  5	[0.23 s]
0.0.N: Trace Attempt  1	[0.94 s]
0.0.N: Trace Attempt  2	[0.95 s]
0.0.N: Trace Attempt  3	[0.95 s]
0.0.N: Trace Attempt  4	[0.95 s]
0.0.N: Trace Attempt 14	[0.99 s]
0.0.N: Per property time limit expired (1.00 s) [1.00 s]
0.0.N: Stopped processing property "CDC_u_FIFO_syn_AR.rdata_wptr_gray_coded"	[1.00 s].
0.0.N: Starting proof for property "CDC_u_FIFO_syn_AR.rdata_rptr_gray_coded"	[0.00 s].
0.0.N: Trace Attempt  1	[0.00 s]
0.0.N: Trace Attempt  2	[0.00 s]
0.0.N: Trace Attempt  2	[0.01 s]
0.0.N: Trace Attempt  3	[0.02 s]
0.0.N: Trace Attempt  4	[0.02 s]
0.0.N: Trace Attempt  5	[0.02 s]
0.0.B: Trace Attempt 16	[0.89 s]
0.0.B: Stopped processing property "CDC_u_FIFO_syn_AR.rdata_wptr_gray_coded"	[1.03 s].
0.0.B: Starting proof for property "CDC_u_FIFO_syn_AR.rdata_rptr_gray_coded"	[0.00 s].
0.0.B: Trace Attempt  1	[0.01 s]
0.0.B: Trace Attempt  2	[0.06 s]
0.0.B: Trace Attempt  3	[0.11 s]
0.0.B: Trace Attempt  4	[0.17 s]
0.0.B: Trace Attempt  5	[0.22 s]
0.0.N: Trace Attempt 40	[0.81 s]
0.0.N: Per property time limit expired (1.00 s) [1.04 s]
0.0.N: Stopped processing property "CDC_u_FIFO_syn_AR.rdata_rptr_gray_coded"	[1.04 s].
0.0.N: Starting proof for property "CDC_u_FIFO_syn_R.rdata_wptr_gray_coded"	[0.00 s].
0.0.N: Trace Attempt  1	[0.00 s]
0.0.N: Trace Attempt  2	[0.00 s]
0.0.N: Trace Attempt  2	[0.01 s]
0.0.N: Trace Attempt  3	[0.02 s]
0.0.N: Trace Attempt  4	[0.02 s]
0.0.N: Trace Attempt  5	[0.02 s]
0.0.B: Trace Attempt 16	[0.96 s]
0.0.B: Stopped processing property "CDC_u_FIFO_syn_AR.rdata_rptr_gray_coded"	[1.07 s].
0.0.B: Starting proof for property "CDC_u_FIFO_syn_R.rdata_wptr_gray_coded"	[0.00 s].
0.0.B: Trace Attempt  1	[0.01 s]
0.0.B: Trace Attempt  2	[0.06 s]
0.0.B: Trace Attempt  3	[0.10 s]
0.0.B: Trace Attempt  4	[0.14 s]
0.0.B: Trace Attempt  5	[0.19 s]
0.0.N: Trace Attempt  1	[0.73 s]
0.0.N: Trace Attempt  2	[0.73 s]
0.0.N: Trace Attempt  3	[0.73 s]
0.0.N: Trace Attempt  4	[0.73 s]
0.0.N: Trace Attempt 35	[0.99 s]
0.0.N: Per property time limit expired (1.00 s) [1.00 s]
0.0.N: Stopped processing property "CDC_u_FIFO_syn_R.rdata_wptr_gray_coded"	[1.00 s].
0.0.N: Starting proof for property "CDC_u_FIFO_syn_R.rdata_rptr_gray_coded"	[0.00 s].
0.0.N: Trace Attempt  1	[0.00 s]
0.0.N: Trace Attempt  2	[0.01 s]
0.0.N: Trace Attempt  2	[0.01 s]
0.0.N: Trace Attempt  3	[0.02 s]
0.0.N: Trace Attempt  4	[0.02 s]
0.0.N: Trace Attempt  4	[0.04 s]
0.0.N: Trace Attempt  5	[0.05 s]
0.0.B: Trace Attempt 16	[0.88 s]
0.0.B: Stopped processing property "CDC_u_FIFO_syn_R.rdata_wptr_gray_coded"	[0.96 s].
0.0.B: Starting proof for property "CDC_u_FIFO_syn_R.rdata_rptr_gray_coded"	[0.00 s].
0.0.B: Trace Attempt  1	[0.01 s]
0.0.B: Trace Attempt  2	[0.05 s]
0.0.B: Trace Attempt  3	[0.09 s]
0.0.B: Trace Attempt  4	[0.14 s]
0.0.B: Trace Attempt  5	[0.18 s]
0.0.Hp: A proof was found: No trace exists. [5.47 s]
INFO (IPF057): 0.0.Hp: The property "CDC_u_Handshake_syn.din_dest_ack_hold" was proven in 5.45 s.
0.0.Hp: A proof was found: No trace exists. [5.47 s]
INFO (IPF057): 0.0.Hp: The property "CDC_u_Handshake_syn.din_dest_new_ack" was proven in 5.46 s.
0: ProofGrid usable level: 11
0.0.B: Trace Attempt 18	[0.97 s]
0.0.B: Per property time limit expired (1.00 s) [1.04 s]
0.0.B: Stopped processing property "CDC_u_FIFO_syn_R.rdata_rptr_gray_coded"	[1.04 s].
0.0.B: Starting proof for property "CDC_u_Handshake_syn.dreq_data_stable"	[0.00 s].
0.0.B: A max_length bound was found. The shortest trace is no longer than 1073741824 cycles. [0.00 s]
INFO (IPF008): 0.0.B: A max_length bound of 1073741824 was found for the property "CDC_u_Handshake_syn.dreq_data_stable" in 0.00 s.
0.0.B: Trace Attempt  1	[0.00 s]
0.0.B: Trace Attempt  2	[0.00 s]
0.0.B: Trace Attempt  3	[0.00 s]
0.0.B: Trace Attempt  4	[0.00 s]
0.0.B: Trace Attempt  5	[0.00 s]
0.0.N: Trace Attempt 29	[1.12 s]
0.0.N: Stopped processing property "CDC_u_FIFO_syn_R.rdata_rptr_gray_coded"	[1.12 s].
0.0.N: Starting proof for property "CDC_u_Handshake_syn.dreq_data_stable"	[0.00 s].
0.0.N: Trace Attempt  1	[0.00 s]
0.0.N: Trace Attempt  2	[0.00 s]
0.0.N: Trace Attempt  2	[0.00 s]
0.0.N: Trace Attempt  3	[0.00 s]
0.0.N: Trace Attempt  3	[0.00 s]
0.0.N: Trace Attempt  4	[0.00 s]
0.0.N: Trace Attempt  5	[0.00 s]
0.0.N: Trace Attempt  5	[0.00 s]
0.0.N: Trace Attempt  1	[0.01 s]
0.0.N: Trace Attempt  2	[0.01 s]
0.0.N: Trace Attempt  3	[0.01 s]
0.0.N: Trace Attempt  5	[0.01 s]
0.0.N: Validation of fixpoint was successful. Time = 0.00
0.0.N: Trace Attempt 58	[0.10 s]
0.0.N: A proof was found: No trace exists. [0.10 s]
INFO (IPF057): 0.0.N: The property "CDC_u_Handshake_syn.dreq_data_stable" was proven in 0.10 s.
0.0.N: Stopped processing property "CDC_u_Handshake_syn.dreq_data_stable"	[0.10 s].
0.0.B: Trace Attempt 688	[0.11 s]
0.0.B: Stopped processing property "CDC_u_Handshake_syn.dreq_data_stable"	[0.11 s].
0.0.B: Starting proof for property "CDC_u_Handshake_syn.sack_data_stable"	[0.00 s].
0.0.B: Trace Attempt  1	[0.00 s]
0.0.N: Starting proof for property "CDC_u_Handshake_syn.sack_data_stable"	[0.00 s].
0.0.B: Trace Attempt  2	[0.00 s]
0.0.B: Trace Attempt  3	[0.00 s]
0.0.B: Trace Attempt  4	[0.00 s]
0.0.B: Trace Attempt  5	[0.00 s]
0.0.N: Trace Attempt  1	[0.01 s]
0.0.N: Trace Attempt  2	[0.01 s]
0.0.N: Trace Attempt  2	[0.01 s]
0.0.N: Trace Attempt  3	[0.01 s]
0.0.N: Trace Attempt  3	[0.01 s]
0.0.N: Trace Attempt  4	[0.01 s]
0.0.N: Trace Attempt  5	[0.01 s]
0.0.N: Trace Attempt  5	[0.01 s]
0.0.N: Trace Attempt  1	[0.02 s]
0.0.N: Trace Attempt  2	[0.02 s]
0.0.N: Trace Attempt  3	[0.02 s]
0.0.N: Trace Attempt  5	[0.02 s]
0.0.N: Trace Attempt  1	[0.08 s]
0.0.N: Trace Attempt  2	[0.09 s]
0.0.N: Trace Attempt  3	[0.09 s]
0.0.N: Trace Attempt  5	[0.09 s]
0.0.N: Trace Attempt  1	[0.20 s]
0.0.N: Trace Attempt  2	[0.20 s]
0.0.N: Trace Attempt  3	[0.20 s]
0.0.N: Trace Attempt  5	[0.20 s]
0.0.N: Validation of fixpoint was successful. Time = 0.00
0.0.N: Trace Attempt 75	[0.65 s]
0.0.N: A proof was found: No trace exists. [0.70 s]
INFO (IPF057): 0.0.N: The property "CDC_u_Handshake_syn.sack_data_stable" was proven in 0.70 s.
0.0.N: Stopped processing property "CDC_u_Handshake_syn.sack_data_stable"	[0.70 s].
0.0.N: Starting proof for property "CDC_u_Handshake_syn.din_src_req_hold"	[0.00 s].
0.0.B: Trace Attempt 2796	[0.70 s]
0.0.B: Stopped processing property "CDC_u_Handshake_syn.sack_data_stable"	[0.70 s].
0.0.B: Starting proof for property "CDC_u_Handshake_syn.din_src_req_hold"	[0.00 s].
0.0.B: A max_length bound was found. The shortest trace is no longer than 33554432 cycles. [0.00 s]
INFO (IPF008): 0.0.B: A max_length bound of 33554432 was found for the property "CDC_u_Handshake_syn.din_src_req_hold" in 0.00 s.
0.0.N: Trace Attempt  1	[0.00 s]
0.0.B: Trace Attempt  1	[0.00 s]
0.0.B: Trace Attempt  2	[0.00 s]
0.0.B: Trace Attempt  3	[0.00 s]
0.0.B: Trace Attempt  4	[0.00 s]
0.0.B: Trace Attempt  5	[0.00 s]
0.0.N: Trace Attempt  2	[0.00 s]
0.0.N: Trace Attempt  2	[0.00 s]
0.0.N: Trace Attempt  3	[0.01 s]
0.0.N: Trace Attempt  4	[0.01 s]
0.0.N: Trace Attempt  4	[0.01 s]
0.0.N: Trace Attempt  5	[0.01 s]
0.0.N: Trace Attempt  1	[0.01 s]
0.0.N: Trace Attempt  2	[0.01 s]
0.0.N: Trace Attempt  3	[0.01 s]
0.0.N: Trace Attempt  4	[0.01 s]
0.0.N: Trace Attempt  5	[0.01 s]
0.0.N: Validation of fixpoint was successful. Time = 0.00
0.0.N: Trace Attempt  7	[0.01 s]
0.0.N: A proof was found: No trace exists. [0.01 s]
INFO (IPF057): 0.0.N: The property "CDC_u_Handshake_syn.din_src_req_hold" was proven in 0.02 s.
0.0.N: Stopped processing property "CDC_u_Handshake_syn.din_src_req_hold"	[0.02 s].
0.0.B: Trace Attempt 104	[0.01 s]
0.0.B: Stopped processing property "CDC_u_Handshake_syn.din_src_req_hold"	[0.01 s].
0.0.B: Starting proof for property "CDC_u_Handshake_syn.din_src_new_req"	[0.00 s].
0.0.B: A max_length bound was found. The shortest trace is no longer than 33554432 cycles. [0.00 s]
INFO (IPF008): 0.0.B: A max_length bound of 33554432 was found for the property "CDC_u_Handshake_syn.din_src_new_req" in 0.00 s.
0.0.B: Trace Attempt  1	[0.00 s]
0.0.B: Trace Attempt  2	[0.00 s]
0.0.B: Trace Attempt  3	[0.00 s]
0.0.B: Trace Attempt  4	[0.00 s]
0.0.B: Trace Attempt  5	[0.00 s]
0.0.N: Starting proof for property "CDC_u_Handshake_syn.din_src_new_req"	[0.00 s].
0.0.N: Trace Attempt  1	[0.00 s]
0.0.N: Trace Attempt  2	[0.00 s]
0.0.N: Trace Attempt  2	[0.00 s]
0.0.N: Trace Attempt  3	[0.01 s]
0.0.N: Trace Attempt  4	[0.01 s]
0.0.N: Trace Attempt  4	[0.01 s]
0.0.N: Trace Attempt  5	[0.01 s]
0.0.N: Trace Attempt  1	[0.01 s]
0.0.N: Trace Attempt  2	[0.01 s]
0.0.N: Trace Attempt  3	[0.01 s]
0.0.N: Trace Attempt  4	[0.01 s]
0.0.N: Trace Attempt  5	[0.01 s]
0.0.N: Validation of fixpoint was successful. Time = 0.00
0.0.N: Trace Attempt  7	[0.01 s]
0.0.N: A proof was found: No trace exists. [0.01 s]
INFO (IPF057): 0.0.N: The property "CDC_u_Handshake_syn.din_src_new_req" was proven in 0.02 s.
0.0.N: Stopped processing property "CDC_u_Handshake_syn.din_src_new_req"	[0.02 s].
0.0.B: Trace Attempt 124	[0.02 s]
0.0.B: Stopped processing property "CDC_u_Handshake_syn.din_src_new_req"	[0.02 s].
0.0.B: Starting proof for property "CDC_u_Handshake_syn.din_data_stability_dest"	[0.00 s].
0.0.N: Starting proof for property "CDC_u_Handshake_syn.din_data_stability_dest"	[0.00 s].
0.0.B: Trace Attempt  1	[0.00 s]
0.0.B: Trace Attempt  2	[0.00 s]
0.0.B: Trace Attempt  3	[0.00 s]
0.0.B: Trace Attempt  4	[0.00 s]
0.0.B: Trace Attempt  5	[0.00 s]
0.0.N: Trace Attempt  1	[0.00 s]
0.0.N: Trace Attempt  2	[0.00 s]
0.0.N: Trace Attempt  2	[0.00 s]
0.0.N: Trace Attempt  3	[0.01 s]
0.0.N: Trace Attempt  4	[0.01 s]
0.0.N: Trace Attempt  4	[0.01 s]
0.0.N: Trace Attempt  5	[0.01 s]
0: ProofGrid usable level: 7
0.0.N: Trace Attempt  1	[0.03 s]
0.0.N: Trace Attempt  2	[0.03 s]
0.0.N: Trace Attempt  3	[0.03 s]
0.0.N: Trace Attempt  4	[0.03 s]
0.0.N: Trace Attempt  1	[0.17 s]
0.0.N: Trace Attempt  2	[0.17 s]
0.0.N: Trace Attempt  3	[0.17 s]
0.0.N: Trace Attempt  4	[0.17 s]
0.0.N: Trace Attempt  1	[0.45 s]
0.0.N: Trace Attempt  2	[0.45 s]
0.0.N: Trace Attempt  3	[0.45 s]
0.0.N: Trace Attempt  4	[0.45 s]
0.0.Ht: Trace Attempt 197	[7.97 s]
0.0.N: Trace Attempt 56	[1.00 s]
0.0.N: Per property time limit expired (1.00 s) [1.00 s]
0.0.N: Stopped processing property "CDC_u_Handshake_syn.din_data_stability_dest"	[1.00 s].
0.0.N: Next scan (1) will use per property time limit: 1s * 10 ^ 1 = 10s
0.0.N: Starting proof for property "CDC_u_FIFO_syn_output.rdata_wptr_gray_coded"	[0.00 s].
0.0.B: Trace Attempt 1446	[1.00 s]
0.0.B: Per property time limit expired (1.00 s) [1.00 s]
0.0.B: Stopped processing property "CDC_u_Handshake_syn.din_data_stability_dest"	[1.00 s].
0.0.B: Next scan (1) will use per property time limit: 1s * 10 ^ 1 = 10s
0.0.B: Starting proof for property "CDC_u_FIFO_syn_output.rdata_wptr_gray_coded"	[0.00 s].
0.0.B: Trace Attempt  1	[0.01 s]
0.0.B: Trace Attempt  2	[0.05 s]
0.0.N: Trace Attempt 12	[0.09 s]
0.0.B: Trace Attempt  3	[0.09 s]
0.0.N: Trace Attempt  1	[0.13 s]
0.0.N: Trace Attempt  2	[0.13 s]
0.0.N: Trace Attempt  3	[0.13 s]
0.0.N: Trace Attempt  4	[0.13 s]
0.0.B: Trace Attempt  4	[0.14 s]
0.0.B: Trace Attempt  5	[0.18 s]
0.0.N: Validation of fixpoint was successful. Time = 0.00
0.0.N: Trace Attempt 165	[1.29 s]
0.0.N: A proof was found: No trace exists. [1.30 s]
INFO (IPF057): 0.0.N: The property "CDC_u_FIFO_syn_output.rdata_wptr_gray_coded" was proven in 1.30 s.
0.0.N: Stopped processing property "CDC_u_FIFO_syn_output.rdata_wptr_gray_coded"	[1.30 s].
0.0.N: Starting proof for property "CDC_u_FIFO_syn_output.rdata_rptr_gray_coded"	[0.00 s].
0.0.B: Trace Attempt 20	[1.22 s]
0.0.B: Stopped processing property "CDC_u_FIFO_syn_output.rdata_wptr_gray_coded"	[1.37 s].
0.0.B: Starting proof for property "CDC_u_FIFO_syn_output.rdata_rptr_gray_coded"	[0.00 s].
0.0.B: Trace Attempt  1	[0.01 s]
0.0.B: Trace Attempt  2	[0.07 s]
0.0.B: Trace Attempt  3	[0.12 s]
0.0.N: Trace Attempt 24	[0.21 s]
0.0.B: Trace Attempt  4	[0.19 s]
0.0.N: Trace Attempt  1	[0.30 s]
0.0.N: Trace Attempt  2	[0.30 s]
0.0.N: Trace Attempt  3	[0.30 s]
0.0.N: Trace Attempt  4	[0.30 s]
0.0.N: Trace Attempt  5	[0.30 s]
0.0.B: Trace Attempt  5	[0.25 s]
0: ProofGrid usable level: 6
0.0.N: Trace Attempt  1	[2.63 s]
0.0.N: Trace Attempt  2	[2.63 s]
0.0.N: Trace Attempt  3	[2.63 s]
0.0.N: Trace Attempt  4	[2.63 s]
0.0.Ht: Trace Attempt 261	[13.11 s]
0.0.B: Trace Attempt 48	[4.33 s]
0.0.N: Trace Attempt  1	[5.35 s]
0.0.N: Trace Attempt  2	[5.35 s]
0.0.N: Trace Attempt  3	[5.35 s]
0.0.N: Trace Attempt  4	[5.35 s]
0.0.Hp: A proof was found: No trace exists. [14.79 s]
INFO (IPF057): 0.0.Hp: The property "CDC_u_FIFO_syn_AR.rdata_wptr_gray_coded" was proven in 14.78 s.
0.0.Hp: A proof was found: No trace exists. [14.79 s]
INFO (IPF057): 0.0.Hp: The property "CDC_u_FIFO_syn_R.rdata_rptr_gray_coded" was proven in 14.78 s.
0: ProofGrid usable level: 4
0.0.Ht: Trace Attempt 341	[17.18 s]
0.0.B: Trace Attempt 76	[8.52 s]
0.0.N: Trace Attempt  1	[9.00 s]
0.0.N: Trace Attempt  2	[9.00 s]
0.0.N: Trace Attempt  3	[9.00 s]
0.0.N: Trace Attempt  4	[9.00 s]
0.0.N: Trace Attempt 50	[9.96 s]
0.0.N: Per property time limit expired (10.00 s) [10.00 s]
0.0.N: Stopped processing property "CDC_u_FIFO_syn_output.rdata_rptr_gray_coded"	[10.00 s].
0.0.N: Starting proof for property "CDC_u_FIFO_syn_AR.rdata_rptr_gray_coded"	[0.00 s].
0.0.B: Trace Attempt 83	[9.84 s]
0.0.B: Stopped processing property "CDC_u_FIFO_syn_output.rdata_rptr_gray_coded"	[10.13 s].
0.0.B: Starting proof for property "CDC_u_FIFO_syn_AR.rdata_rptr_gray_coded"	[0.00 s].
0.0.B: Trace Attempt  1	[0.02 s]
0.0.B: Trace Attempt  2	[0.07 s]
0.0.B: Trace Attempt  3	[0.12 s]
0.0.N: Trace Attempt 40	[0.34 s]
0.0.B: Trace Attempt  4	[0.17 s]
0.0.B: Trace Attempt  5	[0.24 s]
0.0.N: Trace Attempt  1	[0.49 s]
0.0.N: Trace Attempt  2	[0.49 s]
0.0.N: Trace Attempt  3	[0.49 s]
0.0.Ht: Trace Attempt 504	[21.19 s]
0.0.N: Trace Attempt  1	[3.63 s]
0.0.N: Trace Attempt  2	[3.63 s]
0.0.N: Trace Attempt  3	[3.63 s]
0.0.N: Trace Attempt  4	[3.64 s]
0.0.Hp: A proof was found: No trace exists. [23.50 s]
INFO (IPF057): 0.0.Hp: The property "CDC_u_FIFO_syn_output.rdata_rptr_gray_coded" was proven in 23.49 s.
0.0.B: Trace Attempt 54	[4.32 s]
0: ProofGrid usable level: 3
0.0.N: Trace Attempt  1	[6.08 s]
0.0.N: Trace Attempt  2	[6.08 s]
0.0.N: Trace Attempt  3	[6.08 s]
0.0.N: Trace Attempt  4	[6.08 s]
0.0.Ht: Trace Attempt 517	[26.34 s]
0.0.B: Trace Attempt 85	[8.45 s]
0.0.N: Trace Attempt 84	[9.77 s]
0.0.N: Per property time limit expired (10.00 s) [10.00 s]
0.0.N: Stopped processing property "CDC_u_FIFO_syn_AR.rdata_rptr_gray_coded"	[10.01 s].
0.0.N: Starting proof for property "CDC_u_FIFO_syn_R.rdata_wptr_gray_coded"	[0.00 s].
0.0.B: Trace Attempt 93	[9.74 s]
0.0.B: Stopped processing property "CDC_u_FIFO_syn_AR.rdata_rptr_gray_coded"	[10.01 s].
0.0.B: Starting proof for property "CDC_u_FIFO_syn_R.rdata_wptr_gray_coded"	[0.00 s].
0.0.B: Trace Attempt  1	[0.01 s]
0.0.N: Trace Attempt 30	[0.22 s]
0.0.B: Trace Attempt  2	[0.05 s]
0.0.B: Trace Attempt  3	[0.09 s]
0.0.N: Trace Attempt  1	[0.32 s]
0.0.N: Trace Attempt  2	[0.32 s]
0.0.N: Trace Attempt  3	[0.32 s]
0.0.N: Trace Attempt  4	[0.32 s]
0.0.B: Trace Attempt  4	[0.14 s]
0.0.B: Trace Attempt  5	[0.19 s]
0.0.N: Trace Attempt 192	[4.34 s]
0.0.B: Trace Attempt 56	[4.29 s]
0.0.N: Validation of fixpoint was successful. Time = 0.00
0.0.N: Trace Attempt 277	[6.35 s]
0.0.N: A proof was found: No trace exists. [6.37 s]
INFO (IPF057): 0.0.N: The property "CDC_u_FIFO_syn_R.rdata_wptr_gray_coded" was proven in 6.37 s.
0.0.N: Stopped processing property "CDC_u_FIFO_syn_R.rdata_wptr_gray_coded"	[6.37 s].
0.0.N: Starting proof for property "CDC_u_Handshake_syn.din_data_stability_dest"	[0.00 s].
0.0.B: Trace Attempt 71	[6.13 s]
0.0.B: Stopped processing property "CDC_u_FIFO_syn_R.rdata_wptr_gray_coded"	[6.34 s].
0.0.B: Starting proof for property "CDC_u_Handshake_syn.din_data_stability_dest"	[0.00 s].
0.0.B: Trace Attempt  1	[0.00 s]
0.0.B: Trace Attempt  2	[0.00 s]
0.0.B: Trace Attempt  3	[0.00 s]
0.0.B: Trace Attempt  4	[0.00 s]
0.0.B: Trace Attempt  5	[0.00 s]
0.0.N: Trace Attempt 44	[0.39 s]
0: ProofGrid usable level: 2
0.0.N: Trace Attempt  1	[0.94 s]
0.0.N: Trace Attempt  2	[0.94 s]
0.0.N: Trace Attempt  3	[0.94 s]
0.0.N: Trace Attempt  4	[0.94 s]
0.0.N: Validation of fixpoint was successful. Time = 0.00
0.0.N: Trace Attempt 73	[1.94 s]
0.0.N: A proof was found: No trace exists. [1.97 s]
INFO (IPF057): 0.0.N: The property "CDC_u_Handshake_syn.din_data_stability_dest" was proven in 1.97 s.
0.0.N: Stopped processing property "CDC_u_Handshake_syn.din_data_stability_dest"	[1.97 s].
0.0.N: Last scan. Per property time limit: 0s
0.0.N: Starting proof for property "CDC_u_FIFO_syn_AR.rdata_rptr_gray_coded"	[0.00 s].
0.0.B: Trace Attempt 2095	[1.80 s]
0.0.B: Stopped processing property "CDC_u_Handshake_syn.din_data_stability_dest"	[1.81 s].
0.0.B: Last scan. Per property time limit: 0s
0.0.B: Starting proof for property "CDC_u_FIFO_syn_AR.rdata_rptr_gray_coded"	[0.00 s].
0.0.B: Trace Attempt  1	[0.01 s]
0.0.B: Trace Attempt  2	[0.05 s]
0.0.B: Trace Attempt  3	[0.09 s]
0.0.B: Trace Attempt  4	[0.13 s]
0.0.B: Trace Attempt  5	[0.17 s]
0.0.N: Trace Attempt 81	[0.71 s]
0: ProofGrid usable level: 1
0.0.N: Trace Attempt  1	[1.04 s]
0.0.N: Trace Attempt  2	[1.04 s]
0.0.N: Trace Attempt  3	[1.04 s]
0.0.N: Trace Attempt  4	[1.04 s]
0.0.N: Requesting engine job to stop
0.0.B: Requesting engine job to stop
0.0.Hp: Requesting engine job to terminate
0.0.Ht: Requesting engine job to terminate
INFO (IPF144): 0: Initiating shutdown of proof [39.88 s]
0.0.Hp: A proof was found: No trace exists. [39.86 s]
INFO (IPF057): 0.0.Hp: The property "CDC_u_FIFO_syn_AR.rdata_rptr_gray_coded" was proven in 39.84 s.
0.0.Hp: All properties determined. [39.86 s]
0.0.N: Trace Attempt 65	[2.12 s]
0.0.N: Stopped processing property "CDC_u_FIFO_syn_AR.rdata_rptr_gray_coded"	[2.18 s].
0.0.N: All properties determined. [2.19 s]
0.0.N: Exited with Success (@ 39.91 s)
0: ProofGrid usable level: 0
0.0.B: Trace Attempt 36	[2.12 s]
0.0.B: Stopped processing property "CDC_u_FIFO_syn_AR.rdata_rptr_gray_coded"	[2.26 s].
0.0.B: All properties determined. [2.27 s]
0.0.B: Exited with Success (@ 39.99 s)
0.0.Hp: Exited with Success (@ 40.04 s)
0.0.Ht: Sending SIGKILL
0.0.Ht: Trace Attempt 580	[28.27 s]
0.0.Ht: Terminated by signal SIGKILL (@ 42.15 s)
0: --------------------------------------------------------------
ProofGrid Summary (utilization 99.81 %)
--------------------------------------------------------------
     engines started                               :     4
     engine jobs started                           :     4

    Average time in state (seconds)
    ------------------------------------------------------
    Engine  Pending     Running        Dead    Utilization
    ------------------------------------------------------
     Hp        0.09       39.86        0.00       99.78 %
     Ht        0.08       39.83        0.00       99.79 %
      N        0.06       39.86        0.00       99.84 %
      B        0.07       39.86        0.00       99.84 %
    all        0.08       39.85        0.00       99.81 %

    Total time in state (seconds)
    -----------------------------------------
            Pending     Running        Dead  
    -----------------------------------------
               0.30      159.42        0.00

    Data read    : 916.70 kiB
    Data written : 48.54 kiB

0: All pending notifications were processed.
INFO (IPF127): (cdc_functional_plan) Done using action: prove_action.
INFO (IPF127): (cdc_functional_plan) Final state reached.

==============================================================
SUMMARY
==============================================================
           Properties Considered              : 19
                 assertions                   : 19
                  - proven                    : 19 (100%)
                  - bounded_proven (user)     : 0 (0%)
                  - bounded_proven (auto)     : 0 (0%)
                  - marked_proven             : 0 (0%)
                  - cex                       : 0 (0%)
                  - ar_cex                    : 0 (0%)
                  - undetermined              : 0 (0%)
                  - unknown                   : 0 (0%)
                  - error                     : 0 (0%)
                 covers                       : 0
                  - unreachable               : 0
                  - bounded_unreachable (user): 0
                  - covered                   : 0
                  - ar_covered                : 0
                  - undetermined              : 0
                  - unknown                   : 0
                  - error                     : 0
{unprocessed 0} {passed 4} {failed 0} {}
[<embedded>] % 
[<embedded>] % ## ---------- Proving Signal Configuration ------------ ##
[<embedded>] % # config_rtlds -signal -prove
[<embedded>] % 
[<embedded>] % ## ----------------- Validate Waiver ------------------ ##
[<embedded>] % check_cdc -waiver -generate
[<embedded>] % check_cdc -waiver -prove
WARNING (WCDC021): You have not created CDC conditional waiver checks yet; nothing to prove.
    Run "check_cdc -waiver -add" to manually create conditional waivers.
    Run "check_cdc -waiver -generate" to automatically create conditional waivers.
[<embedded>] % 
[<embedded>] % ## ------- Metastability Injection in Formal ---------- ##
[<embedded>] % # check_cdc -metastability -inject -include_protocol_check -include_inactive_pairs
[<embedded>] % # check_cdc -metastability -prove
[<embedded>] % 
[<embedded>] % ## ---------------- Report Generation ----------------- ##
[<embedded>] % check_cdc -report pairs -file $report_dir/pairs.csv -force
[<embedded>] % check_cdc -report convergence_schemes -file $report_dir/schemes.csv -force
[<embedded>] % check_cdc -report violations -file $report_dir/violations.csv -force
[<embedded>] % check_cdc -report rules -file $report_dir/rules.csv -force
[<embedded>] % check_cdc -report -detailed -file $report_dir/summary.txt -force
INFO (IPL005): Received request to exit from the console.
INFO (IPL014): Waiting for the Tcl-thread to exit.
INFO: Waiting for proof threads to stop...
INFO: Proof threads stopped.
INFO (IPL018): The peak resident set memory use for this session was 5.983 GB.
INFO (IPL015): The Tcl-thread exited with status 0.
INFO (IPL016): Exiting the analysis session with status 0.
