2026-04-27 01:52:05.438856 (208777) main____ INFO    ----------------------------------------
2026-04-27 01:52:05.438979 (208777) main____ INFO    Jasper version info
2026-04-27 01:52:05.438987 (208777) main____ INFO      tool      : Jasper 2023.09
2026-04-27 01:52:05.438993 (208777) main____ INFO      version   : 2023.09p001 64 bits
2026-04-27 01:52:05.438997 (208777) main____ INFO      build date: 2023.10.25 14:35:20 UTC
2026-04-27 01:52:05.438999 (208777) main____ INFO    ----------------------------------------
2026-04-27 01:52:05.439002 (208777) main____ INFO    Runtime info:
2026-04-27 01:52:05.439006 (208777) main____ INFO      platform  : Linux 3.10.0-1160.88.1.el7.x86_64 x86_64
2026-04-27 01:52:05.439015 (208777) main____ INFO      hostname  : ee28
2026-04-27 01:52:05.439018 (208777) main____ INFO      pid       : 208777
2026-04-27 01:52:05.439021 (208777) main____ INFO      arguments : '-style' 'windows' '-cdc' 'jg.tcl'
2026-04-27 01:52:05.439026 (208777) main____ INFO      locale    : ANSI_X3.4-1968
2026-04-27 01:52:05.439028 (208777) main____ INFO    ----------------------------------------
2026-04-27 01:52:05.439031 (208777) main____ INFO    System resource limits info:
2026-04-27 01:52:05.439035 (208777) main____ INFO      virtual memory: unlimited
2026-04-27 01:52:05.439037 (208777) main____ INFO      cpu time      : unlimited
2026-04-27 01:52:05.439045 (208777) main____ INFO      processes     : 4096
2026-04-27 01:52:05.439055 (208777) main____ INFO      stack size    : 8388608 B
2026-04-27 01:52:05.439058 (208777) main____ INFO      core file size: 0 B
2026-04-27 01:52:05.439061 (208777) main____ INFO      open files    : 1024
2026-04-27 01:52:05.439064 (208777) main____ INFO      file size     : unlimited
2026-04-27 01:52:05.439066 (208777) main____ INFO    ----------------------------------------
2026-04-27 01:52:05.439068 (208777) main____ INFO    Memory statistics:
2026-04-27 01:52:05.439072 (208777) main____ INFO      total physical memory  : 1056530580 kB
2026-04-27 01:52:05.439074 (208777) main____ INFO      free physical memory   : 752909860 kB
2026-04-27 01:52:05.439077 (208777) main____ INFO      committed address space: 120908120 kB
2026-04-27 01:52:05.439079 (208777) main____ INFO    ----------------------------------------
2026-04-27 01:52:05.439635 (208777) main____ INFO    Important environment variables:
2026-04-27 01:52:05.439655 (208777) main____ INFO      CDS_AUTO_64BIT     : 'ALL'
2026-04-27 01:52:05.439660 (208777) main____ INFO      CDS_LOAD_ENV       : 'CSF'
2026-04-27 01:52:05.439665 (208777) main____ INFO      CDS_Netlisting_Mode: 'Analog'
2026-04-27 01:52:05.439669 (208777) main____ INFO      DISPLAY            : 'localhost:14.0'
2026-04-27 01:52:05.439675 (208777) main____ INFO      JASPER_INSTALL_DIR : '/usr/cad/cadence/JASPER/jasper_2023.09p001'
2026-04-27 01:52:05.439684 (208777) main____ INFO      JASPER_KERNEL_CHECK: '1'
2026-04-27 01:52:05.439688 (208777) main____ INFO      JASPER_OS_CHECK    : '1'
2026-04-27 01:52:05.439693 (208777) main____ INFO      LM_LICENSE_FILE    : '26585@lshc:5280@lshc:1717@lshc:5280@lstc:26585@lstc:1717@lstc'
2026-04-27 01:52:05.439697 (208777) main____ INFO    ----------------------------------------
2026-04-27 01:52:05.441323 (208777) lic_core INFO    Initializing license system ...
2026-04-27 01:52:05.444327 (208777) lic_core INFO    ... license system initialized.
2026-04-27 01:52:05.468450 (208777) lic__man INFO    Claim 'main' for <ui>.
2026-04-27 01:52:05.468498 (208777) lic_core INFO    (1) checking out 'jasper_interactive' ...
2026-04-27 01:52:05.541458 (208777) lic_core INFO    ... (1) checkout succeeded
2026-04-27 01:52:05.541552 (208777) lic__man INFO    Claim 'cdc' for <ui>.
2026-04-27 01:52:05.541585 (208777) lic_core INFO    (2) checking out 'jasper_cdc' ...
2026-04-27 01:52:05.621689 (208777) lic_core INFO    ... (2) checkout failed (error: -5) ("FLEXnet ERROR(-5, 0, 0): No such feature exists.")
2026-04-27 01:52:05.621744 (208777) lic_core INFO    (3) checking out 'jasper_dao' ...
2026-04-27 01:52:05.694462 (208777) lic_core INFO    ... (3) checkout succeeded
2026-04-27 01:52:05.695225 (208777) main____ INFO    Tool inactivity delay is 480000 ms.
2026-04-27 01:52:06.184619 (208777) lic__man INFO    Claim 'cdc' for <ui>.
2026-04-27 01:52:06.617365 (208777) lic__man INFO    Unclaim 'cdc' for <ui>.
2026-04-27 01:52:06.617395 (208777) lic__man INFO    Claim 'cdc' for <ui>.
2026-04-27 01:52:06.634605 (208777) session_ INFO    Starting analysis session with session id 'session_0' (launcher: <local>) ...
2026-04-27 01:52:06.636665 (208777) session_ INFO    Analysis session with session id 'session_0' started (pid: 209042)
2026-04-27 01:52:08.930819 (208777) session_ INFO    Analysis session 'session_0' connected to the console (host: 127.0.0.1:60172)
2026-04-27 01:52:09.132272 (208777) lic__man INFO    Claim 'cdc' for 'session_0'.
2026-04-27 01:52:09.320698 (208777) main____ INFO    Releasing console memory by request of analysis session 'session_0'.
2026-04-27 01:52:09.321084 (208777) lic__man INFO    Unclaim everything for 'session_0'.
2026-04-27 01:52:11.222807 (208777) lic__man INFO    Unclaim everything for 'session_0'.
2026-04-27 01:52:12.276007 (208777) lic__man INFO    Claim 'cdc' for 'session_0'.
2026-04-27 01:52:15.085240 (208777) lic__man INFO    Claim 'cdc' for 'session_0'.
2026-04-27 01:52:15.085298 (208777) lic__man INFO    Claim 'cdc' for 'session_0/prove-0'.
2026-04-27 01:52:58.934363 (208777) lic__man INFO    Unclaim everything for 'session_0/prove-0'.
2026-04-27 01:53:08.856131 (208777) main____ INFO    About to exit: requested from GUI
2026-04-27 01:53:09.063105 (208777) session_ INFO    Analysis session 'session_0' disconnected.
2026-04-27 01:53:09.068900 (208777) lic_core INFO    (1) checkin jasper_interactive
2026-04-27 01:53:09.071989 (208777) lic_core INFO    (3) checkin jasper_dao
2026-04-27 01:53:09.076628 (208777) main____ INFO    Exiting with status 0.
