/usr/cad/synopsys/synthesis/2022.03/auxx/gui/dv/dv_setup.tcl
/usr/cad/synopsys/synthesis/2022.03/auxx/gui/syn/snpsSynProcs.tcl
/usr/cad/synopsys/synthesis/2022.03/auxx/gui/syn/layout/pkgIndex.tcl
/usr/cad/synopsys/synthesis/2022.03/auxx/gui/common/3dic/pkgIndex.tcl
/usr/cad/synopsys/synthesis/2022.03/auxx/gui/common/acg/pkgIndex.tcl
/usr/cad/synopsys/synthesis/2022.03/auxx/gui/common/docBrowser/pkgIndex.tcl
/usr/cad/synopsys/synthesis/2022.03/auxx/gui/common/histogram/pkgIndex.tcl
/usr/cad/synopsys/synthesis/2022.03/auxx/gui/common/misc/pkgIndex.tcl
/usr/cad/synopsys/synthesis/2022.03/auxx/gui/common/propertyEditor/pkgIndex.tcl
/usr/cad/synopsys/synthesis/2022.03/auxx/gui/common/rtlxref/pkgIndex.tcl
/usr/cad/synopsys/synthesis/2022.03/auxx/gui/common/strokes/pkgIndex.tcl
/usr/cad/synopsys/synthesis/2022.03/auxx/gui/common/tcl-dp/pkgIndex.tcl
/usr/cad/synopsys/synthesis/2022.03/auxx/gui/common/view/pkgIndex.tcl
/usr/cad/synopsys/synthesis/2022.03/auxx/gui/common/3dlayout/pkgIndex.tcl
/usr/cad/synopsys/synthesis/2022.03/auxx/gui/common/hierAttrView/pkgIndex.tcl
/usr/cad/synopsys/synthesis/2022.03/auxx/gui/common/layout/pkgIndex.tcl
/usr/cad/synopsys/synthesis/2022.03/auxx/gui/common/mrupalette/pkgIndex.tcl
/usr/cad/synopsys/synthesis/2022.03/auxx/gui/common/qtcl/pkgIndex.tcl
/usr/cad/synopsys/synthesis/2022.03/auxx/gui/common/schematic/pkgIndex.tcl
/usr/cad/synopsys/synthesis/2022.03/auxx/gui/common/tiledview/pkgIndex.tcl
/usr/cad/synopsys/synthesis/2022.03/auxx/gui/common/3dmodel/pkgIndex.tcl
/usr/cad/synopsys/synthesis/2022.03/auxx/gui/common/commandform/pkgIndex.tcl
/usr/cad/synopsys/synthesis/2022.03/auxx/gui/common/hierarchy/pkgIndex.tcl
/usr/cad/synopsys/synthesis/2022.03/auxx/gui/common/libviewer/pkgIndex.tcl
/usr/cad/synopsys/synthesis/2022.03/auxx/gui/common/opdlg/pkgIndex.tcl
/usr/cad/synopsys/synthesis/2022.03/auxx/gui/common/regressionToolkit/pkgIndex.tcl
/usr/cad/synopsys/synthesis/2022.03/auxx/gui/common/select/pkgIndex.tcl
/usr/cad/synopsys/synthesis/2022.03/auxx/gui/common/table/pkgIndex.tcl
/usr/cad/synopsys/synthesis/2022.03/auxx/gui/common/timing/pkgIndex.tcl
/usr/cad/synopsys/synthesis/2022.03/auxx/gui/common/tq/pkgIndex.tcl
/usr/cad/synopsys/synthesis/2022.03/auxx/gui/common/WindowFrameWork/pkgIndex.tcl
/usr/cad/synopsys/synthesis/2022.03/auxx/gui/common/dialogs/pkgIndex.tcl
/usr/cad/synopsys/synthesis/2022.03/auxx/gui/common/highlight/pkgIndex.tcl
/usr/cad/synopsys/synthesis/2022.03/auxx/gui/common/menus/pkgIndex.tcl
/usr/cad/synopsys/synthesis/2022.03/auxx/gui/common/palettegroup/pkgIndex.tcl
/usr/cad/synopsys/synthesis/2022.03/auxx/gui/common/setup/pkgIndex.tcl
/usr/cad/synopsys/synthesis/2022.03/auxx/gui/common/taskassistant/pkgIndex.tcl
/usr/cad/synopsys/synthesis/2022.03/auxx/gui/common/utable/pkgIndex.tcl
/usr/cad/synopsys/synthesis/2022.03/auxx/gui/dv/pkgIndex.tcl
/usr/cad/synopsys/synthesis/2022.03/auxx/syn/lib/pkgIndex.tcl
/usr/cad/synopsys/synthesis/2022.03/auxx/tcllib/lib/itcl4.2.1/pkgIndex.tcl
/usr/cad/synopsys/synthesis/2022.03/auxx/tcllib/lib/iwidgets4.1/pkgIndex.tcl
/usr/cad/synopsys/synthesis/2022.03/auxx/tcllib/snps_tcl/snpsTest/pkgIndex.tcl
/usr/cad/synopsys/synthesis/2022.03/auxx/tcllib/snps_tcl/snpsUtils/pkgIndex.tcl
/usr/cad/synopsys/synthesis/2022.03/auxx/tcllib/snps_tcl/snpsTclPro/pkgIndex.tcl
/usr/cad/synopsys/synthesis/2022.03/auxx/tcllib/snps_tcl/pkgIndex.tcl
/usr/cad/synopsys/synthesis/2022.03/auxx/tcllib/lib/tcl8.6/http1.0/pkgIndex.tcl
/usr/cad/synopsys/synthesis/2022.03/auxx/tcllib/lib/tcl8.6/platform/pkgIndex.tcl
/usr/cad/synopsys/synthesis/2022.03/auxx/tcllib/lib/tcl8.6/dde/pkgIndex.tcl
/usr/cad/synopsys/synthesis/2022.03/auxx/tcllib/lib/tcl8.6/msgcat/pkgIndex.tcl
/usr/cad/synopsys/synthesis/2022.03/auxx/tcllib/lib/tcl8.6/reg/pkgIndex.tcl
/usr/cad/synopsys/synthesis/2022.03/auxx/tcllib/lib/tcl8.6/tcltest/pkgIndex.tcl
/usr/cad/synopsys/synthesis/2022.03/auxx/tcllib/lib/tcl8.6/http/pkgIndex.tcl
/usr/cad/synopsys/synthesis/2022.03/auxx/tcllib/lib/tcl8.6/opt/pkgIndex.tcl
/usr/cad/synopsys/synthesis/2022.03/auxx/gui/common/setup/snpsCommonSetup.tcl
/usr/cad/synopsys/synthesis/2022.03/auxx/gui/common/setup/snpsCustomize.tcl
/usr/cad/synopsys/synthesis/2022.03/auxx/gui/common/setup/snpsProcheck.tcl
/usr/cad/synopsys/synthesis/2022.03/auxx/gui/common/misc/base.tcl
/usr/cad/synopsys/synthesis/2022.03/auxx/gui/common/misc/timing.tcl
/usr/cad/synopsys/synthesis/2022.03/auxx/gui/common/misc/setting.tcl
/usr/cad/synopsys/synthesis/2022.03/auxx/gui/common/misc/preset.tcl
/usr/cad/synopsys/synthesis/2022.03/auxx/gui/common/WindowFrameWork/windowFrameWork.tcl
/usr/cad/synopsys/synthesis/2022.03/auxx/gui/common/WindowFrameWork/skipBusyCursorCmdList.tcl
/usr/cad/synopsys/synthesis/2022.03/auxx/gui/common/qtcl/.synopsys_qtcl.tcl
/usr/cad/synopsys/synthesis/2022.03/auxx/gui/common/highlight/highlight.tcl
/usr/cad/synopsys/synthesis/2022.03/auxx/gui/common/palettegroup/palettegroup.tcl
/usr/cad/synopsys/synthesis/2022.03/auxx/gui/common/commandform/commandform.tcl
/usr/cad/synopsys/synthesis/2022.03/auxx/gui/common/tiledview/tiledview.tcl
/usr/cad/synopsys/synthesis/2022.03/auxx/gui/common/docBrowser/docBrowser.tcl
/usr/cad/synopsys/synthesis/2022.03/auxx/tcllib/snps_tcl/snpsUtils/snpsUtils.tcl
/usr/cad/synopsys/synthesis/2022.03/auxx/gui/common/dialogs/ObjectChooser.tcl
/usr/cad/synopsys/synthesis/2022.03/auxx/gui/common/misc/DialogObjectChooser.tcl
/usr/cad/synopsys/synthesis/2022.03/auxx/gui/common/dialogs/HistBinInformation.tcl
/usr/cad/synopsys/synthesis/2022.03/auxx/gui/common/dialogs/HistBin1Information.tcl
/usr/cad/synopsys/synthesis/2022.03/auxx/gui/common/dialogs/BinsOnlyInformation.tcl
/usr/cad/synopsys/synthesis/2022.03/auxx/gui/common/dialogs/FileChooser.tcl
/usr/cad/synopsys/synthesis/2022.03/auxx/gui/common/dialogs/PathPinSimpleInfo.tcl
/usr/cad/synopsys/synthesis/2022.03/auxx/gui/common/dialogs/PathsBasicInfo.tcl
/usr/cad/synopsys/synthesis/2022.03/auxx/gui/common/dialogs/PathsBasicSimpleInfo.tcl
/usr/cad/synopsys/synthesis/2022.03/auxx/gui/common/dialogs/SlctOperationInfo.tcl
/usr/cad/synopsys/synthesis/2022.03/auxx/gui/common/dialogs/ObjectListInfo.tcl
/usr/cad/synopsys/synthesis/2022.03/auxx/gui/common/dialogs/FanInOutInfo.tcl
/usr/cad/synopsys/synthesis/2022.03/auxx/gui/common/dialogs/NumberOfLevelsChooser.tcl
/usr/cad/synopsys/synthesis/2022.03/auxx/gui/common/dialogs/WindowReuseInfo.tcl
/usr/cad/synopsys/synthesis/2022.03/auxx/gui/common/dialogs/ReportOutputOptionInfo.tcl
/usr/cad/synopsys/synthesis/2022.03/auxx/gui/common/setup/snpsCollections.tcl
/usr/cad/synopsys/synthesis/2022.03/auxx/gui/common/dialogs/CompileLinkDesign.tcl
/usr/cad/synopsys/synthesis/2022.03/auxx/gui/common/histogram/base.tcl
/usr/cad/synopsys/synthesis/2022.03/auxx/gui/common/histogram/DialogNetCapacitance.tcl
/usr/cad/synopsys/synthesis/2022.03/auxx/gui/common/schematic/DialogPathSchematicFanInOut.tcl
/usr/cad/synopsys/synthesis/2022.03/auxx/gui/common/schematic/DialogPathSchematicAddPaths.tcl
/RAID2/COURSE/2026_Spring/iclab/iclab062/Lab08_2026s/EXERCISE/02_SYN/syn.tcl
/RAID2/COURSE/BackUp/2023_Spring/iclab/iclabta01/UMC018_CBDK/CIC/SynopsysDC/db/fsa0m_a_generic_core_ss1p62v125c.db
/RAID2/COURSE/BackUp/2023_Spring/iclab/iclabta01/UMC018_CBDK/CIC/SynopsysDC/db/fsa0m_a_generic_core_ff1p98vm40c.db
/RAID2/COURSE/BackUp/2023_Spring/iclab/iclabta01/UMC018_CBDK/CIC/SynopsysDC/db/fsa0m_a_t33_generic_io_ss1p62v125c.db
/RAID2/COURSE/BackUp/2023_Spring/iclab/iclabta01/UMC018_CBDK/CIC/SynopsysDC/db/fsa0m_a_t33_generic_io_tt1p8v25c.db
/usr/cad/synopsys/synthesis/cur/libraries/syn/dw_foundation.sldb
/usr/cad/synopsys/synthesis/cur/libraries/syn/standard.sldb
/usr/cad/synopsys/synthesis/2022.03/libraries/syn/gtech.db
/usr/cad/synopsys/synthesis/2022.03/libraries/syn/standard.sldb
/RAID2/COURSE/2026_Spring/iclab/iclab062/Lab08_2026s/EXERCISE/02_SYN/Netlist/GATED_OR_SYN.v
/RAID2/COURSE/2026_Spring/iclab/iclab062/Lab08_2026s/EXERCISE/02_SYN/Netlist/GATED_OR_SYN.v
/RAID2/COURSE/2026_Spring/iclab/iclab062/Lab08_2026s/EXERCISE/01_RTL/LAB8_DESIGN.v
/RAID2/COURSE/BackUp/2023_Spring/iclab/iclabta01/UMC018_CBDK/CIC/SynopsysDC/db/fsa0m_a_generic_core_ss1p62v125c.db
/RAID2/COURSE/2026_Spring/iclab/iclab062/Lab08_2026s/EXERCISE/02_SYN/alib-52/fsa0m_a_generic_core_ss1p62v125c.db.alib
/RAID2/COURSE/BackUp/2023_Spring/iclab/iclabta01/UMC018_CBDK/CIC/SynopsysDC/db/fsa0m_a_generic_core_ff1p98vm40c.db
/RAID2/COURSE/2026_Spring/iclab/iclab062/Lab08_2026s/EXERCISE/02_SYN/alib-52/fsa0m_a_generic_core_ff1p98vm40c.db.alib
/RAID2/COURSE/BackUp/2023_Spring/iclab/iclabta01/UMC018_CBDK/CIC/SynopsysDC/db/fsa0m_a_t33_generic_io_ss1p62v125c.db
/RAID2/COURSE/2026_Spring/iclab/iclab062/Lab08_2026s/EXERCISE/02_SYN/alib-52/fsa0m_a_t33_generic_io_ss1p62v125c.db.alib
/RAID2/COURSE/BackUp/2023_Spring/iclab/iclabta01/UMC018_CBDK/CIC/SynopsysDC/db/fsa0m_a_t33_generic_io_tt1p8v25c.db
/RAID2/COURSE/2026_Spring/iclab/iclab062/Lab08_2026s/EXERCISE/02_SYN/alib-52/fsa0m_a_t33_generic_io_tt1p8v25c.db.alib
/RAID2/COURSE/BackUp/2023_Spring/iclab/iclabta01/UMC018_CBDK/CIC/SynopsysDC/db/fsa0m_a_generic_core_ss1p62v125c.db
/RAID2/COURSE/BackUp/2023_Spring/iclab/iclabta01/UMC018_CBDK/CIC/SynopsysDC/db/fsa0m_a_generic_core_ff1p98vm40c.db
/RAID2/COURSE/BackUp/2023_Spring/iclab/iclabta01/UMC018_CBDK/CIC/SynopsysDC/db/fsa0m_a_t33_generic_io_ss1p62v125c.db
/RAID2/COURSE/BackUp/2023_Spring/iclab/iclabta01/UMC018_CBDK/CIC/SynopsysDC/db/fsa0m_a_t33_generic_io_tt1p8v25c.db
/RAID2/COURSE/2026_Spring/iclab/iclab062/Lab08_2026s/EXERCISE/02_SYN/alib-52/fsa0m_a_generic_core_ss1p62v125c.db.alib
/RAID2/COURSE/2026_Spring/iclab/iclab062/Lab08_2026s/EXERCISE/02_SYN/alib-52/fsa0m_a_generic_core_ff1p98vm40c.db.alib
/RAID2/COURSE/2026_Spring/iclab/iclab062/Lab08_2026s/EXERCISE/02_SYN/alib-52/fsa0m_a_t33_generic_io_ss1p62v125c.db.alib
/RAID2/COURSE/2026_Spring/iclab/iclab062/Lab08_2026s/EXERCISE/02_SYN/alib-52/fsa0m_a_t33_generic_io_tt1p8v25c.db.alib
