#======================================================
#
# Synopsys Synthesis Scripts (Design Vision dctcl mode)
#
#======================================================
#======================================================
# (A) Global Parameters
#======================================================
set DESIGN "LAB8_DESIGN"
LAB8_DESIGN
set clock_gating_module_name "GATED_OR"
GATED_OR
set CYCLE 15.0
15.0
set INPUT_DLY [expr 0.5*$CYCLE]
7.5
set OUTPUT_DLY [expr 0.5*$CYCLE]
7.5
#======================================================
# (B) Read RTL Code
#======================================================
set hdlin_auto_save_templates TRUE
TRUE
read_verilog {./Netlist/GATED_OR_SYN.v}
Loading db file '/RAID2/COURSE/BackUp/2023_Spring/iclab/iclabta01/UMC018_CBDK/CIC/SynopsysDC/db/fsa0m_a_generic_core_ss1p62v125c.db'
Loading db file '/RAID2/COURSE/BackUp/2023_Spring/iclab/iclabta01/UMC018_CBDK/CIC/SynopsysDC/db/fsa0m_a_generic_core_ff1p98vm40c.db'
Loading db file '/RAID2/COURSE/BackUp/2023_Spring/iclab/iclabta01/UMC018_CBDK/CIC/SynopsysDC/db/fsa0m_a_t33_generic_io_ss1p62v125c.db'
Loading db file '/RAID2/COURSE/BackUp/2023_Spring/iclab/iclabta01/UMC018_CBDK/CIC/SynopsysDC/db/fsa0m_a_t33_generic_io_tt1p8v25c.db'
Loading db file '/usr/cad/synopsys/synthesis/cur/libraries/syn/dw_foundation.sldb'
Loading db file '/usr/cad/synopsys/synthesis/cur/libraries/syn/standard.sldb'
Loading db file '/usr/cad/synopsys/synthesis/2022.03/libraries/syn/gtech.db'
Loading db file '/usr/cad/synopsys/synthesis/2022.03/libraries/syn/standard.sldb'
  Loading link library 'fsa0m_a_generic_core_ss1p62v125c'
  Loading link library 'fsa0m_a_generic_core_ff1p98vm40c'
  Loading link library 'fsa0m_a_t33_generic_io_ss1p62v125c'
  Loading link library 'fsa0m_a_t33_generic_io_tt1p8v25c'
  Loading link library 'gtech'
Loading verilog file '/RAID2/COURSE/2026_Spring/iclab/iclab062/Lab08_2026s/EXERCISE/02_SYN/Netlist/GATED_OR_SYN.v'
Detecting input file type automatically (-rtl or -netlist).
Running DC verilog reader
Performing 'read' command.
Compiling source file /RAID2/COURSE/2026_Spring/iclab/iclab062/Lab08_2026s/EXERCISE/02_SYN/Netlist/GATED_OR_SYN.v
Reading with netlist reader (equivalent to -netlist option).
Verilog netlist reader completed successfully.
Current design is now '/RAID2/COURSE/2026_Spring/iclab/iclab062/Lab08_2026s/EXERCISE/02_SYN/Netlist/GATED_OR.db:GATED_OR'
Loaded 1 design.
Current design is 'GATED_OR'.
GATED_OR
set_dont_touch $clock_gating_module_name
1
analyze -f sverilog $DESIGN\.v 
Running PRESTO HDLC
Compiling source file ../01_RTL/LAB8_DESIGN.v
Presto compilation completed successfully.
1
elaborate $DESIGN 
Running PRESTO HDLC
Warning:  ../01_RTL/LAB8_DESIGN.v:138: signed to unsigned conversion occurs. (VER-318)
Warning:  ../01_RTL/LAB8_DESIGN.v:156: signed to unsigned conversion occurs. (VER-318)
Warning:  ../01_RTL/LAB8_DESIGN.v:171: signed to unsigned conversion occurs. (VER-318)
Warning:  ../01_RTL/LAB8_DESIGN.v:189: signed to unsigned conversion occurs. (VER-318)

Statistics for case statements in always block at line 54 in file
        '../01_RTL/LAB8_DESIGN.v'
===============================================
|           Line           |  full/ parallel  |
===============================================
|            56            |    auto/auto     |
===============================================

Inferred memory devices in process
        in routine LAB8_DESIGN line 49 in file
                '../01_RTL/LAB8_DESIGN.v'.
===============================================================================
|    Register Name    |   Type    | Width | Bus | MB | AR | AS | SR | SS | ST |
===============================================================================
|       cs_reg        | Flip-flop |   1   |  N  | N  | Y  | N  | N  | N  | N  |
===============================================================================

Inferred memory devices in process
        in routine LAB8_DESIGN line 62 in file
                '../01_RTL/LAB8_DESIGN.v'.
===============================================================================
|    Register Name    |   Type    | Width | Bus | MB | AR | AS | SR | SS | ST |
===============================================================================
|       cnt_reg       | Flip-flop |   7   |  Y  | N  | Y  | N  | N  | N  | N  |
===============================================================================

Inferred memory devices in process
        in routine LAB8_DESIGN line 71 in file
                '../01_RTL/LAB8_DESIGN.v'.
===============================================================================
|    Register Name    |   Type    | Width | Bus | MB | AR | AS | SR | SS | ST |
===============================================================================
|    task_temp_reg    | Flip-flop |   1   |  N  | N  | N  | N  | N  | N  | N  |
===============================================================================

Inferred memory devices in process
        in routine LAB8_DESIGN line 114 in file
                '../01_RTL/LAB8_DESIGN.v'.
===============================================================================
|    Register Name    |   Type    | Width | Bus | MB | AR | AS | SR | SS | ST |
===============================================================================
|     num_buf_reg     | Flip-flop |  32   |  Y  | N  | N  | N  | N  | N  | N  |
===============================================================================

Inferred memory devices in process
        in routine LAB8_DESIGN line 123 in file
                '../01_RTL/LAB8_DESIGN.v'.
===============================================================================
|    Register Name    |   Type    | Width | Bus | MB | AR | AS | SR | SS | ST |
===============================================================================
|     buf_cur_reg     | Flip-flop |   4   |  Y  | N  | N  | N  | N  | N  | N  |
===============================================================================

Inferred memory devices in process
        in routine LAB8_DESIGN line 148 in file
                '../01_RTL/LAB8_DESIGN.v'.
===============================================================================
|    Register Name    |   Type    | Width | Bus | MB | AR | AS | SR | SS | ST |
===============================================================================
|     A_flat_reg      | Flip-flop |  12   |  Y  | N  | N  | N  | N  | N  | N  |
|     A_flat_reg      | Flip-flop |  12   |  Y  | N  | N  | N  | N  | N  | N  |
|     A_flat_reg      | Flip-flop |  12   |  Y  | N  | N  | N  | N  | N  | N  |
|     A_flat_reg      | Flip-flop |  12   |  Y  | N  | N  | N  | N  | N  | N  |
|     A_flat_reg      | Flip-flop |  12   |  Y  | N  | N  | N  | N  | N  | N  |
|     A_flat_reg      | Flip-flop |  12   |  Y  | N  | N  | N  | N  | N  | N  |
|     A_flat_reg      | Flip-flop |  12   |  Y  | N  | N  | N  | N  | N  | N  |
|     A_flat_reg      | Flip-flop |  12   |  Y  | N  | N  | N  | N  | N  | N  |
|     A_flat_reg      | Flip-flop |  12   |  Y  | N  | N  | N  | N  | N  | N  |
|     A_flat_reg      | Flip-flop |  12   |  Y  | N  | N  | N  | N  | N  | N  |
|     A_flat_reg      | Flip-flop |  12   |  Y  | N  | N  | N  | N  | N  | N  |
|     A_flat_reg      | Flip-flop |  12   |  Y  | N  | N  | N  | N  | N  | N  |
|     A_flat_reg      | Flip-flop |  12   |  Y  | N  | N  | N  | N  | N  | N  |
|     A_flat_reg      | Flip-flop |  12   |  Y  | N  | N  | N  | N  | N  | N  |
|     A_flat_reg      | Flip-flop |  12   |  Y  | N  | N  | N  | N  | N  | N  |
|     A_flat_reg      | Flip-flop |  12   |  Y  | N  | N  | N  | N  | N  | N  |
===============================================================================

Inferred memory devices in process
        in routine LAB8_DESIGN line 181 in file
                '../01_RTL/LAB8_DESIGN.v'.
===============================================================================
|    Register Name    |   Type    | Width | Bus | MB | AR | AS | SR | SS | ST |
===============================================================================
|     B_flat_reg      | Flip-flop |  12   |  Y  | N  | N  | N  | N  | N  | N  |
|     B_flat_reg      | Flip-flop |  12   |  Y  | N  | N  | N  | N  | N  | N  |
|     B_flat_reg      | Flip-flop |  12   |  Y  | N  | N  | N  | N  | N  | N  |
|     B_flat_reg      | Flip-flop |  12   |  Y  | N  | N  | N  | N  | N  | N  |
|     B_flat_reg      | Flip-flop |  12   |  Y  | N  | N  | N  | N  | N  | N  |
|     B_flat_reg      | Flip-flop |  12   |  Y  | N  | N  | N  | N  | N  | N  |
|     B_flat_reg      | Flip-flop |  12   |  Y  | N  | N  | N  | N  | N  | N  |
|     B_flat_reg      | Flip-flop |  12   |  Y  | N  | N  | N  | N  | N  | N  |
|     B_flat_reg      | Flip-flop |  12   |  Y  | N  | N  | N  | N  | N  | N  |
|     B_flat_reg      | Flip-flop |  12   |  Y  | N  | N  | N  | N  | N  | N  |
|     B_flat_reg      | Flip-flop |  12   |  Y  | N  | N  | N  | N  | N  | N  |
|     B_flat_reg      | Flip-flop |  12   |  Y  | N  | N  | N  | N  | N  | N  |
|     B_flat_reg      | Flip-flop |  12   |  Y  | N  | N  | N  | N  | N  | N  |
|     B_flat_reg      | Flip-flop |  12   |  Y  | N  | N  | N  | N  | N  | N  |
|     B_flat_reg      | Flip-flop |  12   |  Y  | N  | N  | N  | N  | N  | N  |
|     B_flat_reg      | Flip-flop |  12   |  Y  | N  | N  | N  | N  | N  | N  |
===============================================================================

Inferred memory devices in process
        in routine LAB8_DESIGN line 286 in file
                '../01_RTL/LAB8_DESIGN.v'.
===============================================================================
|    Register Name    |   Type    | Width | Bus | MB | AR | AS | SR | SS | ST |
===============================================================================
|     psum_y_reg      | Flip-flop |  32   |  Y  | N  | N  | N  | N  | N  | N  |
|     psum_x_reg      | Flip-flop |  16   |  Y  | N  | N  | N  | N  | N  | N  |
===============================================================================

Inferred memory devices in process
        in routine LAB8_DESIGN line 313 in file
                '../01_RTL/LAB8_DESIGN.v'.
===============================================================================
|    Register Name    |   Type    | Width | Bus | MB | AR | AS | SR | SS | ST |
===============================================================================
|      X_reg_reg      | Flip-flop |  64   |  Y  | N  | N  | N  | N  | N  | N  |
===============================================================================

Inferred memory devices in process
        in routine LAB8_DESIGN line 407 in file
                '../01_RTL/LAB8_DESIGN.v'.
===============================================================================
|    Register Name    |   Type    | Width | Bus | MB | AR | AS | SR | SS | ST |
===============================================================================
|    out_data_reg     | Flip-flop |  12   |  Y  | N  | Y  | N  | N  | N  | N  |
|    out_valid_reg    | Flip-flop |   1   |  N  | N  | Y  | N  | N  | N  | N  |
===============================================================================
Statistics for MUX_OPs
======================================================
| block name/line  | Inputs | Outputs | # sel inputs |
======================================================
| LAB8_DESIGN/199  |   4    |    8    |      2       |
| LAB8_DESIGN/200  |   4    |   16    |      2       |
| LAB8_DESIGN/200  |   4    |    4    |      2       |
| LAB8_DESIGN/204  |   16   |   16    |      4       |
| LAB8_DESIGN/204  |   16   |   16    |      4       |
| LAB8_DESIGN/204  |   16   |   16    |      4       |
| LAB8_DESIGN/204  |   16   |   16    |      4       |
| LAB8_DESIGN/206  |   16   |    4    |      4       |
| LAB8_DESIGN/206  |   16   |    4    |      4       |
| LAB8_DESIGN/206  |   16   |    4    |      4       |
| LAB8_DESIGN/206  |   16   |    4    |      4       |
| LAB8_DESIGN/208  |   16   |   16    |      4       |
| LAB8_DESIGN/208  |   16   |   16    |      4       |
| LAB8_DESIGN/208  |   16   |   16    |      4       |
| LAB8_DESIGN/208  |   16   |   16    |      4       |
| LAB8_DESIGN/251  |   16   |    8    |      4       |
| LAB8_DESIGN/337  |   4    |   16    |      2       |
| LAB8_DESIGN/405  |   16   |   24    |      4       |
======================================================
Presto compilation completed successfully. (LAB8_DESIGN)
Elaborated 1 design.
Current design is now 'LAB8_DESIGN'.
Information: Building the design 'DIV_8_BY_4'. (HDL-193)
Presto compilation completed successfully. (DIV_8_BY_4)
Information: Building the design 'MAC'. (HDL-193)
Presto compilation completed successfully. (MAC)
Information: Building the design 'MOD_15_PLUS_1'. (HDL-193)
Presto compilation completed successfully. (MOD_15_PLUS_1)
Information: Building the design 'MULT_4X8'. (HDL-193)
Presto compilation completed successfully. (MULT_4X8)
Information: Building the design 'XOR_12X8'. (HDL-193)
Presto compilation completed successfully. (XOR_12X8)
1
current_design $DESIGN
Current design is 'LAB8_DESIGN'.
{LAB8_DESIGN}
link 

  Linking design 'LAB8_DESIGN'
  Using the following designs and libraries:
  --------------------------------------------------------------------------
  * (7 designs)               /RAID2/COURSE/2026_Spring/iclab/iclab062/Lab08_2026s/EXERCISE/02_SYN/LAB8_DESIGN.db, etc
  fsa0m_a_generic_core_ss1p62v125c (library) /RAID2/COURSE/BackUp/2023_Spring/iclab/iclabta01/UMC018_CBDK/CIC/SynopsysDC/db/fsa0m_a_generic_core_ss1p62v125c.db
  fsa0m_a_generic_core_ff1p98vm40c (library) /RAID2/COURSE/BackUp/2023_Spring/iclab/iclabta01/UMC018_CBDK/CIC/SynopsysDC/db/fsa0m_a_generic_core_ff1p98vm40c.db
  fsa0m_a_t33_generic_io_ss1p62v125c (library) /RAID2/COURSE/BackUp/2023_Spring/iclab/iclabta01/UMC018_CBDK/CIC/SynopsysDC/db/fsa0m_a_t33_generic_io_ss1p62v125c.db
  fsa0m_a_t33_generic_io_tt1p8v25c (library) /RAID2/COURSE/BackUp/2023_Spring/iclab/iclabta01/UMC018_CBDK/CIC/SynopsysDC/db/fsa0m_a_t33_generic_io_tt1p8v25c.db
  dw_foundation.sldb (library) /usr/cad/synopsys/synthesis/cur/libraries/syn/dw_foundation.sldb

1
#======================================================
#  (C) Global Setting
#======================================================
#set_wire_load_mode top
#set_wire_load_model -name umc18_wl10 -library slow
#set_operating_conditions -min fast  -max slow
#======================================================
#  (D) Set Design Constraints
#======================================================
create_clock -name "clk" -period $CYCLE clk 
1
set_input_delay  [ expr $CYCLE*0.5 ] -clock clk [all_inputs]
1
set_output_delay [ expr $CYCLE*0.5 ] -clock clk [all_outputs]
1
set_input_delay 0 -clock clk clk
1
set_input_delay 0 -clock clk rst_n
1
set_input_delay 0 -clock clk cg_en
1
set_load 0.05 [all_outputs]
1
set_max_delay $CYCLE -from [all_inputs] -to [all_outputs]
1
#======================================================
#  (E) Optimization
#======================================================
check_design > Report/$DESIGN\.check
uniquify
Information: Uniquified 4 instances of design 'MOD_15_PLUS_1'. (OPT-1056)
Information: Uniquified 4 instances of design 'MULT_4X8'. (OPT-1056)
Information: Uniquified 4 instances of design 'XOR_12X8'. (OPT-1056)
1
set_fix_multiple_port_nets -all -buffer_constants
1
current_design $DESIGN
Current design is 'LAB8_DESIGN'.
{LAB8_DESIGN}
set_false_path -from clk -to [get_cells */latch_or_sleep_reg ]
1
compile_ultra
Information: Performing power optimization. (PWR-850)
Alib files are up-to-date.
Information: Running optimization using a maximum of 8 cores. (OPT-1500)
Information: Evaluating DesignWare library utilization. (UISN-27)

============================================================================
| DesignWare Building Block Library  |         Version         | Available |
============================================================================
| Basic DW Building Blocks           | S-2021.06-DWBB_202106.0 |     *     |
| Licensed DW Building Blocks        | S-2021.06-DWBB_202106.0 |     *     |
============================================================================

====================================================================================================
| Flow Information                                                                                 |
----------------------------------------------------------------------------------------------------
| Flow         | Design Compiler NXT WLM                                                           |
| Comand line  | compile_ultra                                                                     |
====================================================================================================
| Design Information                                      | Value                                  |
====================================================================================================
| Number of Scenarios                                     | 0                                      |
| Leaf Cell Count                                         | 3201                                   |
| Number of User Hierarchies                              | 49                                     |
| Sequential Cell Count                                   | 589                                    |
| Macro Count                                             | 0                                      |
| Number of Power Domains                                 | 0                                      |
| Number of Path Groups                                   | 2                                      |
| Number of VT class                                      | 0                                      |
| Number of Clocks                                        | 1                                      |
| Number of Dont Touch cells                              | 489                                    |
| Number of Dont Touch nets                               | 175                                    |
| Number of size only cells                               | 0                                      |
| Design with UPF Data                                    | false                                  |
----------------------------------------------------------------------------------------------------
| Variables                                               | Value                                  |
----------------------------------------------------------------------------------------------------
| set_fix_multiple_port_nets                              | -all -buffer_constants                 |
====================================================================================================
Information: Sequential output inversion is enabled.  SVF file must be used for formal verification. (OPT-1208)

Information: There are 64 potential problems in your design. Please run 'check_design' for more information. (LINT-99)

  Simplifying Design 'LAB8_DESIGN'

  Loading target library 'fsa0m_a_generic_core_ff1p98vm40c'
  Loading target library 'fsa0m_a_t33_generic_io_ss1p62v125c'
  Loading target library 'fsa0m_a_t33_generic_io_tt1p8v25c'
Loaded alib file './alib-52/fsa0m_a_generic_core_ss1p62v125c.db.alib'
Loaded alib file './alib-52/fsa0m_a_generic_core_ff1p98vm40c.db.alib'
Loaded alib file './alib-52/fsa0m_a_t33_generic_io_ss1p62v125c.db.alib' (placeholder)
Loaded alib file './alib-52/fsa0m_a_t33_generic_io_tt1p8v25c.db.alib' (placeholder)
